###############################################################################
#
# IAR ELF Linker V7.70.1.11437/W32 for ARM                21/Sep/2018  17:07:49
# Copyright 2007-2016 IAR Systems AB.
#
#    Output file  =  
#        D:\TELUS\AIS_PROGRAM\Locator_L051T8_AIS_alarm_AIS_NW_OTA2_SENSOR_T\EWARM\Locator_L051T8\Exe\Locator_L051T8.out
#    Map file     =  
#        D:\TELUS\AIS_PROGRAM\Locator_L051T8_AIS_alarm_AIS_NW_OTA2_SENSOR_T\EWARM\Locator_L051T8\List\Locator_L051T8.map
#    Command line =  
#        D:\TELUS\AIS_PROGRAM\Locator_L051T8_AIS_alarm_AIS_NW_OTA2_SENSOR_T\EWARM\Locator_L051T8\Obj\adc.o
#        D:\TELUS\AIS_PROGRAM\Locator_L051T8_AIS_alarm_AIS_NW_OTA2_SENSOR_T\EWARM\Locator_L051T8\Obj\crc16.o
#        D:\TELUS\AIS_PROGRAM\Locator_L051T8_AIS_alarm_AIS_NW_OTA2_SENSOR_T\EWARM\Locator_L051T8\Obj\dma.o
#        D:\TELUS\AIS_PROGRAM\Locator_L051T8_AIS_alarm_AIS_NW_OTA2_SENSOR_T\EWARM\Locator_L051T8\Obj\flash.o
#        D:\TELUS\AIS_PROGRAM\Locator_L051T8_AIS_alarm_AIS_NW_OTA2_SENSOR_T\EWARM\Locator_L051T8\Obj\FOTA.o
#        D:\TELUS\AIS_PROGRAM\Locator_L051T8_AIS_alarm_AIS_NW_OTA2_SENSOR_T\EWARM\Locator_L051T8\Obj\gpio.o
#        D:\TELUS\AIS_PROGRAM\Locator_L051T8_AIS_alarm_AIS_NW_OTA2_SENSOR_T\EWARM\Locator_L051T8\Obj\gps.o
#        D:\TELUS\AIS_PROGRAM\Locator_L051T8_AIS_alarm_AIS_NW_OTA2_SENSOR_T\EWARM\Locator_L051T8\Obj\i2c.o
#        D:\TELUS\AIS_PROGRAM\Locator_L051T8_AIS_alarm_AIS_NW_OTA2_SENSOR_T\EWARM\Locator_L051T8\Obj\lis3dh.o
#        D:\TELUS\AIS_PROGRAM\Locator_L051T8_AIS_alarm_AIS_NW_OTA2_SENSOR_T\EWARM\Locator_L051T8\Obj\lsd_mems.o
#        D:\TELUS\AIS_PROGRAM\Locator_L051T8_AIS_alarm_AIS_NW_OTA2_SENSOR_T\EWARM\Locator_L051T8\Obj\main.o
#        D:\TELUS\AIS_PROGRAM\Locator_L051T8_AIS_alarm_AIS_NW_OTA2_SENSOR_T\EWARM\Locator_L051T8\Obj\nb.o
#        D:\TELUS\AIS_PROGRAM\Locator_L051T8_AIS_alarm_AIS_NW_OTA2_SENSOR_T\EWARM\Locator_L051T8\Obj\printf-stdarg.o
#        D:\TELUS\AIS_PROGRAM\Locator_L051T8_AIS_alarm_AIS_NW_OTA2_SENSOR_T\EWARM\Locator_L051T8\Obj\rtc.o
#        D:\TELUS\AIS_PROGRAM\Locator_L051T8_AIS_alarm_AIS_NW_OTA2_SENSOR_T\EWARM\Locator_L051T8\Obj\schedule.o
#        D:\TELUS\AIS_PROGRAM\Locator_L051T8_AIS_alarm_AIS_NW_OTA2_SENSOR_T\EWARM\Locator_L051T8\Obj\startup_stm32l051xx.o
#        D:\TELUS\AIS_PROGRAM\Locator_L051T8_AIS_alarm_AIS_NW_OTA2_SENSOR_T\EWARM\Locator_L051T8\Obj\stm32l0xx_hal.o
#        D:\TELUS\AIS_PROGRAM\Locator_L051T8_AIS_alarm_AIS_NW_OTA2_SENSOR_T\EWARM\Locator_L051T8\Obj\stm32l0xx_hal_adc.o
#        D:\TELUS\AIS_PROGRAM\Locator_L051T8_AIS_alarm_AIS_NW_OTA2_SENSOR_T\EWARM\Locator_L051T8\Obj\stm32l0xx_hal_adc_ex.o
#        D:\TELUS\AIS_PROGRAM\Locator_L051T8_AIS_alarm_AIS_NW_OTA2_SENSOR_T\EWARM\Locator_L051T8\Obj\stm32l0xx_hal_cortex.o
#        D:\TELUS\AIS_PROGRAM\Locator_L051T8_AIS_alarm_AIS_NW_OTA2_SENSOR_T\EWARM\Locator_L051T8\Obj\stm32l0xx_hal_dma.o
#        D:\TELUS\AIS_PROGRAM\Locator_L051T8_AIS_alarm_AIS_NW_OTA2_SENSOR_T\EWARM\Locator_L051T8\Obj\stm32l0xx_hal_flash.o
#        D:\TELUS\AIS_PROGRAM\Locator_L051T8_AIS_alarm_AIS_NW_OTA2_SENSOR_T\EWARM\Locator_L051T8\Obj\stm32l0xx_hal_flash_ex.o
#        D:\TELUS\AIS_PROGRAM\Locator_L051T8_AIS_alarm_AIS_NW_OTA2_SENSOR_T\EWARM\Locator_L051T8\Obj\stm32l0xx_hal_flash_ramfunc.o
#        D:\TELUS\AIS_PROGRAM\Locator_L051T8_AIS_alarm_AIS_NW_OTA2_SENSOR_T\EWARM\Locator_L051T8\Obj\stm32l0xx_hal_gpio.o
#        D:\TELUS\AIS_PROGRAM\Locator_L051T8_AIS_alarm_AIS_NW_OTA2_SENSOR_T\EWARM\Locator_L051T8\Obj\stm32l0xx_hal_i2c.o
#        D:\TELUS\AIS_PROGRAM\Locator_L051T8_AIS_alarm_AIS_NW_OTA2_SENSOR_T\EWARM\Locator_L051T8\Obj\stm32l0xx_hal_i2c_ex.o
#        D:\TELUS\AIS_PROGRAM\Locator_L051T8_AIS_alarm_AIS_NW_OTA2_SENSOR_T\EWARM\Locator_L051T8\Obj\stm32l0xx_hal_msp.o
#        D:\TELUS\AIS_PROGRAM\Locator_L051T8_AIS_alarm_AIS_NW_OTA2_SENSOR_T\EWARM\Locator_L051T8\Obj\stm32l0xx_hal_pwr.o
#        D:\TELUS\AIS_PROGRAM\Locator_L051T8_AIS_alarm_AIS_NW_OTA2_SENSOR_T\EWARM\Locator_L051T8\Obj\stm32l0xx_hal_pwr_ex.o
#        D:\TELUS\AIS_PROGRAM\Locator_L051T8_AIS_alarm_AIS_NW_OTA2_SENSOR_T\EWARM\Locator_L051T8\Obj\stm32l0xx_hal_rcc.o
#        D:\TELUS\AIS_PROGRAM\Locator_L051T8_AIS_alarm_AIS_NW_OTA2_SENSOR_T\EWARM\Locator_L051T8\Obj\stm32l0xx_hal_rcc_ex.o
#        D:\TELUS\AIS_PROGRAM\Locator_L051T8_AIS_alarm_AIS_NW_OTA2_SENSOR_T\EWARM\Locator_L051T8\Obj\stm32l0xx_hal_rtc.o
#        D:\TELUS\AIS_PROGRAM\Locator_L051T8_AIS_alarm_AIS_NW_OTA2_SENSOR_T\EWARM\Locator_L051T8\Obj\stm32l0xx_hal_rtc_ex.o
#        D:\TELUS\AIS_PROGRAM\Locator_L051T8_AIS_alarm_AIS_NW_OTA2_SENSOR_T\EWARM\Locator_L051T8\Obj\stm32l0xx_hal_tim.o
#        D:\TELUS\AIS_PROGRAM\Locator_L051T8_AIS_alarm_AIS_NW_OTA2_SENSOR_T\EWARM\Locator_L051T8\Obj\stm32l0xx_hal_tim_ex.o
#        D:\TELUS\AIS_PROGRAM\Locator_L051T8_AIS_alarm_AIS_NW_OTA2_SENSOR_T\EWARM\Locator_L051T8\Obj\stm32l0xx_hal_uart.o
#        D:\TELUS\AIS_PROGRAM\Locator_L051T8_AIS_alarm_AIS_NW_OTA2_SENSOR_T\EWARM\Locator_L051T8\Obj\stm32l0xx_hal_uart_ex.o
#        D:\TELUS\AIS_PROGRAM\Locator_L051T8_AIS_alarm_AIS_NW_OTA2_SENSOR_T\EWARM\Locator_L051T8\Obj\stm32l0xx_it.o
#        D:\TELUS\AIS_PROGRAM\Locator_L051T8_AIS_alarm_AIS_NW_OTA2_SENSOR_T\EWARM\Locator_L051T8\Obj\system_stm32l0xx.o
#        D:\TELUS\AIS_PROGRAM\Locator_L051T8_AIS_alarm_AIS_NW_OTA2_SENSOR_T\EWARM\Locator_L051T8\Obj\tim.o
#        D:\TELUS\AIS_PROGRAM\Locator_L051T8_AIS_alarm_AIS_NW_OTA2_SENSOR_T\EWARM\Locator_L051T8\Obj\tools.o
#        D:\TELUS\AIS_PROGRAM\Locator_L051T8_AIS_alarm_AIS_NW_OTA2_SENSOR_T\EWARM\Locator_L051T8\Obj\UNIX.o
#        D:\TELUS\AIS_PROGRAM\Locator_L051T8_AIS_alarm_AIS_NW_OTA2_SENSOR_T\EWARM\Locator_L051T8\Obj\usart.o
#        D:\TELUS\AIS_PROGRAM\Locator_L051T8_AIS_alarm_AIS_NW_OTA2_SENSOR_T\EWARM\Locator_L051T8\Obj\User_ClockDriver.o
#        --redirect _Printf=_PrintfFull --redirect _Scanf=_ScanfFull -o
#        D:\TELUS\AIS_PROGRAM\Locator_L051T8_AIS_alarm_AIS_NW_OTA2_SENSOR_T\EWARM\Locator_L051T8\Exe\Locator_L051T8.out
#        --map
#        D:\TELUS\AIS_PROGRAM\Locator_L051T8_AIS_alarm_AIS_NW_OTA2_SENSOR_T\EWARM\Locator_L051T8\List\Locator_L051T8.map
#        --config
#        D:\TELUS\AIS_PROGRAM\Locator_L051T8_AIS_alarm_AIS_NW_OTA2_SENSOR_T\EWARM/stm32l051xx_flash.icf
#        --semihosting --entry __iar_program_start --vfe
#
###############################################################################

*******************************************************************************
*** RUNTIME MODEL ATTRIBUTES
***

CppFlavor                     = *
__SystemLibrary               = DLib
__dlib_dynamic_initialization = normal


*******************************************************************************
*** PLACEMENT SUMMARY
***

"A0":  place at 0x08005800 { ro section .intvec };
"P1":  place in [from 0x08005800 to 0x0800ffff] { ro };
"P2":  place in [from 0x20000000 to 0x20001fff] { rw, block CSTACK, block HEAP };
initialize by copy { rw };

  Section             Kind        Address    Size  Object
  -------             ----        -------    ----  ------
"A0":                                        0xc0
  .intvec             ro code  0x08005800    0xc0  startup_stm32l051xx.o [1]
                             - 0x080058c0    0xc0

"P1":                                      0xa4cd
  .text               ro code  0x080058c0  0x2b7e  main.o [1]
  .text               ro code  0x0800843e     0x2  startup_stm32l051xx.o [1]
  .text               ro code  0x08008440    0x20  stm32l0xx_hal.o [1]
  .text               ro code  0x08008460    0x10  stm32l0xx_hal.o [1]
  .text               ro code  0x08008470    0x1c  stm32l0xx_hal_pwr_ex.o [1]
  .text               ro code  0x0800848c    0xe8  gpio.o [1]
  .text               ro code  0x08008574    0x3c  dma.o [1]
  .text               ro code  0x080085b0   0x154  adc.o [1]
  .text               ro code  0x08008704   0x48c  usart.o [1]
  .text               ro code  0x08008b90   0x240  tim.o [1]
  .text               ro code  0x08008dd0    0xb8  rtc.o [1]
  .text               ro code  0x08008e88   0x10c  i2c.o [1]
  .text               ro code  0x08008f94   0xa00  schedule.o [1]
  .text               ro code  0x08009994   0x268  printf-stdarg.o [1]
  .text               ro code  0x08009bfc    0x18  stm32l0xx_hal.o [1]
  .text               ro code  0x08009c14    0x54  flash.o [1]
  .text               ro code  0x08009c68    0x5c  ABImemcpy.o [4]
  .text               ro code  0x08009cc4   0x3cc  FOTA.o [1]
  .text               ro code  0x0800a090    0xe8  lsd_mems.o [1]
  .text               ro code  0x0800a178   0xa2c  nb.o [1]
  .text               ro code  0x0800aba4   0xa20  stm32l0xx_hal_uart.o [1]
  .text               ro code  0x0800b5c4    0x2c  strncmp.o [3]
  .text               ro code  0x0800b5f0   0x2f4  User_ClockDriver.o [1]
  .text               ro code  0x0800b8e4   0x718  stm32l0xx_hal_rcc.o [1]
  .text               ro code  0x0800bffc   0x2a0  stm32l0xx_hal_rcc_ex.o [1]
  .text               ro code  0x0800c29c    0xe0  I32DivModFast.o [4]
  .text               ro code  0x0800c37c    0xb6  stm32l0xx_hal_cortex.o [1]
  .text               ro code  0x0800c432     0x2  startup_stm32l051xx.o [1]
  .text               ro code  0x0800c434    0x38  stm32l0xx_hal_pwr.o [1]
  .text               ro code  0x0800c46c   0x2dc  stm32l0xx_hal_gpio.o [1]
  .text               ro code  0x0800c748   0x3f8  gps.o [1]
  .text               ro code  0x0800cb40    0x50  strtok.o [3]
  .text               ro code  0x0800cb90    0x10  strlen.o [4]
  .text               ro code  0x0800cba0   0x1c8  tools.o [1]
  .text               ro code  0x0800cd68    0x38  strstr.o [3]
  .text               ro code  0x0800cda0   0x17c  xstoul.o [3]
  .text               ro code  0x0800cf1c    0x14  uwrite4.o [4]
  .text               ro code  0x0800cf30   0x1b4  stm32l0xx_hal_rtc_ex.o [1]
  .text               ro code  0x0800d0e4   0x394  stm32l0xx_hal_tim.o [1]
  .text               ro code  0x0800d478   0x434  stm32l0xx_hal_adc.o [1]
  .text               ro code  0x0800d8ac    0x4c  ABImemset.o [4]
  .text               ro code  0x0800d8f8    0x28  stm32l0xx_hal.o [1]
  .text               ro code  0x0800d920    0x40  stm32l0xx_hal_msp.o [1]
  .text               ro code  0x0800d960   0x6bc  stm32l0xx_hal_dma.o [1]
  .text               ro code  0x0800e01c    0x48  stm32l0xx_hal_tim_ex.o [1]
  .text               ro code  0x0800e064   0x3a2  stm32l0xx_hal_rtc.o [1]
  .text               ro code  0x0800e406     0x2  startup_stm32l051xx.o [1]
  .text               ro code  0x0800e408   0x5e8  stm32l0xx_hal_i2c.o [1]
  .text               ro code  0x0800e9f0    0x88  stm32l0xx_hal_i2c_ex.o [1]
  .text               ro code  0x0800ea78    0x16  uread4.o [4]
  .text               ro code  0x0800ea8e     0x2  startup_stm32l051xx.o [1]
  .text               ro code  0x0800ea90     0xc  stm32l0xx_hal.o [1]
  .text               ro code  0x0800ea9c    0x88  stm32l0xx_hal_flash_ex.o [1]
  .text               ro code  0x0800eb24    0x36  crc16.o [1]
  .text               ro code  0x0800eb5a    0x28  memcmp.o [4]
  .text               ro code  0x0800eb82     0x2  startup_stm32l051xx.o [1]
  .text               ro code  0x0800eb84   0x31c  lis3dh.o [1]
  .text               ro code  0x0800eea0    0x24  strncpy.o [4]
  .text               ro code  0x0800eec4   0x180  UNIX.o [1]
  .text               ro code  0x0800f044     0x2  stm32l0xx_hal_uart.o [1]
  .text               ro code  0x0800f046     0x2  startup_stm32l051xx.o [1]
  .text               ro code  0x0800f048     0x2  stm32l0xx_hal_uart_ex.o [1]
  .text               ro code  0x0800f04a    0x6a  I64DivMod.o [4]
  .text               ro code  0x0800f0b4     0x2  stm32l0xx_hal_uart.o [1]
  .text               ro code  0x0800f0b6     0x2  stm32l0xx_hal_uart.o [1]
  .text               ro code  0x0800f0b8     0x2  IntDivZer.o [4]
  .text               ro code  0x0800f0ba     0x2  xtls.o [3]
  .text               ro code  0x0800f0bc    0x24  strspn.o [3]
  .text               ro code  0x0800f0e0    0x24  strcspn.o [3]
  .text               ro code  0x0800f104     0x8  exit.o [3]
  .text               ro code  0x0800f10c    0x1c  strcat.o [3]
  .text               ro code  0x0800f128    0x10  strcpy.o [4]
  .text               ro code  0x0800f138    0x12  isxxx.o [3]
  .text               ro code  0x0800f14a    0x12  tolower.o [3]
  .text               ro code  0x0800f15c    0x18  memchr.o [4]
  .text               ro code  0x0800f174    0x10  errno.o [3]
  .text               ro code  0x0800f184     0x2  stm32l0xx_hal_tim.o [1]
  .text               ro code  0x0800f186     0x2  stm32l0xx_hal_tim.o [1]
  .text               ro code  0x0800f188     0x2  stm32l0xx_hal_tim.o [1]
  .text               ro code  0x0800f18a     0x2  stm32l0xx_hal_tim.o [1]
  .text               ro code  0x0800f18c     0x2  stm32l0xx_hal_tim.o [1]
  .text               ro code  0x0800f18e     0x2  startup_stm32l051xx.o [1]
  .text               ro code  0x0800f190   0x11c  stm32l0xx_hal_flash.o [1]
  .text               ro code  0x0800f2ac     0x2  I64DivZer.o [4]
  .text               ro code  0x0800f2ae     0x2  startup_stm32l051xx.o [1]
  .text               ro code  0x0800f2b0     0xa  cexit.o [4]
  .text               ro code  0x0800f2ba     0x2  startup_stm32l051xx.o [1]
  .text               ro code  0x0800f2bc    0x14  setlocale.o [3]
  .text               ro code  0x0800f2d0    0x14  xlocale_c.o [3]
  .text               ro code  0x0800f2e4     0xc  xlocale_c.o [3]
  .text               ro code  0x0800f2f0    0x14  exit.o [5]
  .rodata             const    0x0800f304   0x554  main.o [1]
  .text               ro code  0x0800f858    0xdc  stm32l0xx_it.o [1]
  .text               ro code  0x0800f934    0x10  stm32l0xx_hal.o [1]
  .text               ro code  0x0800f944    0x78  system_stm32l0xx.o [1]
  .text               ro code  0x0800f9bc    0x3c  zero_init3.o [4]
  .text               ro code  0x0800f9f8    0x3c  packbits_init_single.o [4]
  .text               ro code  0x0800fa34    0x28  data_init.o [4]
  .iar.init_table     const    0x0800fa5c    0x20  - Linker created -
  .text               ro code  0x0800fa7c    0x1a  cmain.o [4]
  .text               ro code  0x0800fa96     0x4  low_level_init.o [3]
  .text               ro code  0x0800fa9a     0x2  startup_stm32l051xx.o [1]
  .text               ro code  0x0800fa9c    0x10  startup_stm32l051xx.o [1]
  .text               ro code  0x0800faac     0xc  cstartup_M.o [4]
  .rodata             const    0x0800fab8     0x8  system_stm32l0xx.o [1]
  .text               ro code  0x0800fac0     0x2  startup_stm32l051xx.o [1]
  .text               ro code  0x0800fac2     0x2  startup_stm32l051xx.o [1]
  .text               ro code  0x0800fac4     0x2  startup_stm32l051xx.o [1]
  .rodata             const    0x0800fac6     0x0  zero_init3.o [4]
  .rodata             const    0x0800fac6     0x0  packbits_init_single.o [4]
  Initializer bytes   const    0x0800fac6   0x2c7  <for P2-1>
                             - 0x0800fd8d  0xa4cd

"P2", part 1 of 3:                          0x3d4
  P2-1                         0x20000000   0x3d4  <Init block>
    .data             inited   0x20000000    0x14  adc.o [1]
    .data             inited   0x20000014   0x200  crc16.o [1]
    .data             inited   0x20000214    0xa8  main.o [1]
    .data             inited   0x200002bc    0x78  nb.o [1]
    .data             inited   0x20000334     0xd  schedule.o [1]
    .data             inited   0x20000344     0x4  system_stm32l0xx.o [1]
    .data             inited   0x20000348    0x10  User_ClockDriver.o [1]
    __DLIB_PERTHREAD  inited   0x20000358     0x4  strtok.o [3]
    __DLIB_PERTHREAD  inited   0x2000035c    0x74  setlocale.o [3]
    __DLIB_PERTHREAD  inited   0x200003d0     0x4  errno.o [3]
                             - 0x200003d4   0x3d4

"P2", part 2 of 3:                          0x400
  CSTACK                       0x200003d8   0x400  <Block>
    CSTACK            uninit   0x200003d8   0x400  <Block tail>
                             - 0x200007d8   0x400

"P2", part 3 of 3:                         0x15c4
  .bss                zero     0x200007d8   0x488  usart.o [1]
  .bss                zero     0x20000c60   0x400  tools.o [1]
  .bss                zero     0x20001060   0x348  schedule.o [1]
  .bss                zero     0x200013a8   0x180  usart.o [1]
  .bss                zero     0x20001528   0x12c  User_ClockDriver.o [1]
  .bss                zero     0x20001654    0xd4  gps.o [1]
  .bss                zero     0x20001728    0xd4  gps.o [1]
  .bss                zero     0x200017fc    0x9a  FOTA.o [1]
  .bss                zero     0x20001896     0x2  main.o [1]
  .bss                zero     0x20001898    0x84  main.o [1]
  .bss                zero     0x2000191c    0x70  usart.o [1]
  .bss                zero     0x2000198c    0x70  usart.o [1]
  .bss                zero     0x200019fc    0x70  usart.o [1]
  .bss                zero     0x20001a6c    0x60  adc.o [1]
  .bss                zero     0x20001acc    0x4c  i2c.o [1]
  .bss                zero     0x20001b18    0x38  tim.o [1]
  .bss                zero     0x20001b50    0x38  tim.o [1]
  .bss                zero     0x20001b88    0x38  tim.o [1]
  .bss                zero     0x20001bc0    0x34  FOTA.o [1]
  .bss                zero     0x20001bf4    0x2c  schedule.o [1]
  .bss                zero     0x20001c20    0x28  FOTA.o [1]
  .bss                zero     0x20001c48    0x28  gps.o [1]
  .bss                zero     0x20001c70    0x28  nb.o [1]
  .bss                zero     0x20001c98    0x24  nb.o [1]
  .bss                zero     0x20001cbc    0x24  rtc.o [1]
  .bss                zero     0x20001ce0    0x18  stm32l0xx_hal_flash.o [1]
  .bss                zero     0x20001cf8    0x14  schedule.o [1]
  .bss                zero     0x20001d0c    0x10  nb.o [1]
  .bss                zero     0x20001d1c     0xc  main.o [1]
  .bss                zero     0x20001d28     0xc  nb.o [1]
  .bss                zero     0x20001d34     0xc  nb.o [1]
  .bss                zero     0x20001d40     0xc  nb.o [1]
  .bss                zero     0x20001d4c     0xc  nb.o [1]
  .bss                zero     0x20001d58     0x8  schedule.o [1]
  .bss                zero     0x20001d60     0x8  schedule.o [1]
  .bss                zero     0x20001d68     0x8  UNIX.o [1]
  .bss                zero     0x20001d70     0x4  gps.o [1]
  .bss                zero     0x20001d74     0x4  gps.o [1]
  .bss                zero     0x20001d78     0x4  nb.o [1]
  .bss                zero     0x20001d7c     0x4  stm32l0xx_hal.o [1]
  .bss                zero     0x20001d80     0x2  nb.o [1]
  .bss                zero     0x20001d82     0x1  gps.o [1]
  .bss                zero     0x20001d83     0x1  lis3dh.o [1]
  .bss                zero     0x20001d84     0x1  lsd_mems.o [1]
  .bss                zero     0x20001d85     0x1  main.o [1]
  .bss                zero     0x20001d86     0x1  nb.o [1]
  .bss                zero     0x20001d87     0x1  nb.o [1]
  .bss                zero     0x20001d88     0x1  nb.o [1]
  .bss                zero     0x20001d89     0x1  nb.o [1]
  .bss                zero     0x20001d8a     0x1  nb.o [1]
  .bss                zero     0x20001d8b     0x1  nb.o [1]
  .bss                zero     0x20001d8c     0x1  nb.o [1]
  .bss                zero     0x20001d8d     0x1  nb.o [1]
  .bss                zero     0x20001d8e     0x1  nb.o [1]
  .bss                zero     0x20001d8f     0x1  nb.o [1]
  .bss                zero     0x20001d90     0x1  nb.o [1]
  .bss                zero     0x20001d91     0x1  nb.o [1]
  .bss                zero     0x20001d92     0x1  schedule.o [1]
  .bss                zero     0x20001d93     0x1  schedule.o [1]
  .bss                zero     0x20001d94     0x1  schedule.o [1]
  .bss                zero     0x20001d95     0x1  schedule.o [1]
  .bss                zero     0x20001d96     0x1  schedule.o [1]
  .bss                zero     0x20001d97     0x1  schedule.o [1]
  .bss                zero     0x20001d98     0x1  schedule.o [1]
                             - 0x20001d99  0x15c1


*******************************************************************************
*** INIT TABLE
***

          Address     Size
          -------     ----
Zero (__iar_zero_init3)
    1 destination range, total size 0x15c1:
          0x200007d8  0x15c1

Copy/packbits (__iar_packbits_init_single3)
    1 source range, total size 0x2c7 (72% of destination):
          0x0800fac6   0x2c7
    1 destination range, total size 0x3d4:
          0x20000000   0x3d4



*******************************************************************************
*** MODULE SUMMARY
***

    Module                    ro code  ro data  rw data
    ------                    -------  -------  -------
D:\TELUS\AIS_PROGRAM\Locator_L051T8_AIS_alarm_AIS_NW_OTA2_SENSOR_T\EWARM\Locator_L051T8\Obj: [1]
    FOTA.o                        972               246
    UNIX.o                        384                 8
    User_ClockDriver.o            756       12      316
    adc.o                         340       14      116
    crc16.o                        54      371      512
    dma.o                          60
    flash.o                        84
    gpio.o                        232
    gps.o                       1 016               473
    i2c.o                         268                76
    lis3dh.o                      796                 1
    lsd_mems.o                    232                 1
    main.o                     11 134    1 486      315
    nb.o                        2 604       87      278
    printf-stdarg.o               616
    rtc.o                         184                36
    schedule.o                  2 560       10      940
    startup_stm32l051xx.o         234
    stm32l0xx_hal.o               140                 4
    stm32l0xx_hal_adc.o         1 076
    stm32l0xx_hal_cortex.o        182
    stm32l0xx_hal_dma.o         1 724
    stm32l0xx_hal_flash.o         284                24
    stm32l0xx_hal_flash_ex.o      136
    stm32l0xx_hal_gpio.o          732
    stm32l0xx_hal_i2c.o         1 512
    stm32l0xx_hal_i2c_ex.o        136
    stm32l0xx_hal_msp.o            64
    stm32l0xx_hal_pwr.o            56
    stm32l0xx_hal_pwr_ex.o         28
    stm32l0xx_hal_rcc.o         1 816
    stm32l0xx_hal_rcc_ex.o        672
    stm32l0xx_hal_rtc.o           930
    stm32l0xx_hal_rtc_ex.o        436
    stm32l0xx_hal_tim.o           926
    stm32l0xx_hal_tim_ex.o         72
    stm32l0xx_hal_uart.o        2 598
    stm32l0xx_hal_uart_ex.o         2
    stm32l0xx_it.o                220
    system_stm32l0xx.o            120       13        4
    tim.o                         576               168
    tools.o                       456             1 024
    usart.o                     1 164             1 880
    ---------------------------------------------------
    Total:                     38 584    1 993    6 422

command line: [2]
    ---------------------------------------------------
    Total:

dl6M_tlf.a: [3]
    errno.o                        16        3        4
    exit.o                          8
    isxxx.o                        18
    low_level_init.o                4
    setlocale.o                    20       85      116
    strcat.o                       28
    strcspn.o                      36
    strncmp.o                      44
    strspn.o                       36
    strstr.o                       56
    strtok.o                       80        2        4
    tolower.o                      18
    xlocale_c.o                    32
    xstoul.o                      380
    xtls.o                          2
    ---------------------------------------------------
    Total:                        778       90      124

rt6M_tl.a: [4]
    ABImemcpy.o                    92
    ABImemset.o                    76
    I32DivModFast.o               224
    I64DivMod.o                   106
    I64DivZer.o                     2
    IntDivZer.o                     2
    cexit.o                        10
    cmain.o                        26
    cstartup_M.o                   12
    data_init.o                    40
    memchr.o                       24
    memcmp.o                       40
    packbits_init_single.o         60
    strcpy.o                       16
    strlen.o                       16
    strncpy.o                      36
    uread4.o                       22
    uwrite4.o                      20
    zero_init3.o                   60
    ---------------------------------------------------
    Total:                        884

shb_l.a: [5]
    exit.o                         20
    ---------------------------------------------------
    Total:                         20

    Gaps                                              3
    Linker created                          32    1 024
-------------------------------------------------------
    Grand Total:               40 266    2 115    7 573


*******************************************************************************
*** ENTRY LIST
***

Entry                      Address   Size  Type      Object
-----                      -------   ----  ----      ------
.iar.init_table$$Base   0x0800fa5c          --   Gb  - Linker created -
.iar.init_table$$Limit  0x0800fa7c          --   Gb  - Linker created -
?main                   0x0800fa7d         Code  Gb  cmain.o [4]
ADCConverclock          0x200018c4    0xc  Data  Gb  main.o [1]
ADCTimerCb              0x08006001    0x2  Code  Gb  main.o [1]
ADC_DelayMicroSecond    0x0800d86b   0x24  Code  Lc  stm32l0xx_hal_adc.o [1]
ADC_Enable              0x0800d80f   0x4c  Code  Lc  stm32l0xx_hal_adc.o [1]
AD_Value                0x20000240    0x4  Data  Gb  main.o [1]
AD_ValueSum             0x20000244    0x4  Data  Gb  main.o [1]
AHBPrescTable           0x0800f9a0   0x10  Data  Gb  system_stm32l0xx.o [1]
APBPrescTable           0x0800fab8    0x8  Data  Gb  system_stm32l0xx.o [1]
APPUnbindclock          0x20001d4c    0xc  Data  Gb  nb.o [1]
ATTimeoutCb             0x08006a45   0xe4  Code  Gb  main.o [1]
ATTimeoutclock          0x20000328    0xc  Data  Gb  nb.o [1]
AT_Retry_Num            0x200002d9    0x1  Data  Gb  nb.o [1]
ActivedTimerNum         0x0800b8a9   0x2a  Code  Lc  User_ClockDriver.o [1]
AntiShakeTimerStartFlag
                        0x2000189d    0x1  Data  Gb  main.o [1]
BatValueConvert         0x08008651   0x4a  Code  Gb  adc.o [1]
Bat_Level               0x20000340    0x1  Data  Gb  schedule.o [1]
Bat_OK_Flag             0x2000022d    0x1  Data  Gb  main.o [1]
Bat_Value               0x2000023c    0x4  Data  Gb  main.o [1]
Battery_Votege_Level_Normal
                        0x20000000   0x14  Data  Gb  adc.o [1]
BoardCloseCb            0x080063bd    0x8  Code  Gb  main.o [1]
BoardCloseTimeoutclock  0x20001ca4    0xc  Data  Gb  nb.o [1]
BoardSleep              0x080074ed   0x84  Code  Gb  main.o [1]
BoardStart              0x20000220    0x1  Data  Gb  main.o [1]
CMD_packageNum          0x20001d8c    0x1  Data  Gb  nb.o [1]
CSTACK$$Base            0x200003d8          --   Gb  - Linker created -
CSTACK$$Limit           0x200007d8          --   Gb  - Linker created -
CalendarList            0x20001060  0x348  Data  Gb  schedule.o [1]
CellReselection         0x20000298   0x24  Data  Lc  main.o [1]
ClearFreq               0x20000288   0x10  Data  Lc  main.o [1]
CloseEdrx               0x2000024c   0x1c  Data  Lc  main.o [1]
Close_GPS               0x0800c753    0x6  Code  Gb  gps.o [1]
Close_NB                0x0800a187    0x2  Code  Gb  nb.o [1]
Coap_EnterSleep         0x0800aa75   0x52  Code  Gb  nb.o [1]
Coap_Haed               0x20001c70   0x28  Data  Gb  nb.o [1]
CurrentDayInTheLoop     0x20001c11    0x1  Data  Gb  schedule.o [1]
DMA1_Channel2_3_IRQHandler
                        0x0800f899   0x10  Code  Gb  stm32l0xx_it.o [1]
DMA1_Channel4_5_6_7_IRQHandler
                        0x0800f8a9   0x1c  Code  Gb  stm32l0xx_it.o [1]
DMA_SetConfig           0x0800e005   0x18  Code  Lc  stm32l0xx_hal_dma.o [1]
DataReport              0x08008151  0x13a  Code  Gb  main.o [1]
DataRptCb               0x080080ad    0x8  Code  Gb  main.o [1]
DataRptclock            0x20001cb0    0xc  Data  Gb  nb.o [1]
DataRspTimerCb          0x08006003  0x178  Code  Gb  main.o [1]
DataRspclock            0x200002e4    0xc  Data  Gb  nb.o [1]
DataUpFlag              0x20001c98    0x1  Data  Gb  nb.o [1]
DaySwitchCounter        0x20001c12    0x1  Data  Gb  schedule.o [1]
DeviceRegistCb          0x080063c5   0x7c  Code  Gb  main.o [1]
DeviceRegistclock       0x20001d10    0xc  Data  Gb  nb.o [1]
Device_Close_GPS        0x08008029   0x28  Code  Gb  main.o [1]
Device_Open_GPS         0x08007fa5   0x6a  Code  Gb  main.o [1]
Device_Open_NB          0x08007f29   0x70  Code  Gb  main.o [1]
EEPROM_ReadBytes        0x08009c47   0x16  Code  Gb  flash.o [1]
EEPROM_WriteBytes       0x08009c15    0x2  Code  Gb  flash.o [1]
EXTI0_1_IRQHandler      0x0800f877    0xa  Code  Gb  stm32l0xx_it.o [1]
EXTI4_15_IRQHandler     0x0800f881   0x18  Code  Gb  stm32l0xx_it.o [1]
EvenPressCb             0x08007c95   0x46  Code  Gb  main.o [1]
EvenPressFlag           0x2000021c    0x1  Data  Gb  main.o [1]
EvenPressTimerStartFlag
                        0x2000189f    0x1  Data  Gb  main.o [1]
EvenPressclock          0x200018e8    0xc  Data  Gb  main.o [1]
ExtraDataupFlag         0x20001d8e    0x1  Data  Gb  nb.o [1]
ExtraDataupLEDFlag      0x20000223    0x1  Data  Gb  main.o [1]
ExtraDataupPreMode      0x20000225    0x1  Data  Gb  main.o [1]
ExtraDataupTimerFlag    0x20000224    0x1  Data  Gb  main.o [1]
FLASH_SetErrorCode      0x0800f1ff   0xa4  Code  Lc  stm32l0xx_hal_flash.o [1]
FLASH_WaitForLastOperation
                        0x0800f191   0x6c  Code  Gb  stm32l0xx_hal_flash.o [1]
FOTA_Cmplt_Flag         0x20001c9e    0x1  Data  Gb  nb.o [1]
FOTA_Cmplt_Flag_Read    0x08009f95    0xe  Code  Gb  FOTA.o [1]
FOTA_Cmplt_Flag_Write   0x08009f87    0xe  Code  Gb  FOTA.o [1]
FOTA_Continue_Flag_Write
                        0x08009f79    0xe  Code  Gb  FOTA.o [1]
FOTA_Info_Save          0x08009f29    0xe  Code  Gb  FOTA.o [1]
FOTA_Msg_Process        0x08009d4f   0x3e  Code  Gb  FOTA.o [1]
FOTA_New_Info_Check     0x08009ee5   0x44  Code  Gb  FOTA.o [1]
FOTA_New_Version_Process
                        0x08009de5   0x7c  Code  Gb  FOTA.o [1]
FOTA_New_Version_Rsp    0x08009e61   0x14  Code  Gb  FOTA.o [1]
FOTA_Success_Rsp        0x08009e9f   0x44  Code  Gb  FOTA.o [1]
FOTA_Task_Flag_Write    0x08009f61    0xe  Code  Gb  FOTA.o [1]
FOTA_Version_Rsp        0x08009d8d   0x56  Code  Gb  FOTA.o [1]
Form_AT_Head            0x0800a3c5   0x84  Code  Gb  nb.o [1]
GPSInfoProcess          0x080061b5  0x114  Code  Gb  main.o [1]
GPSKeepCb               0x08007ce9   0x74  Code  Gb  main.o [1]
GPSKeepCounter          0x20000248    0x4  Data  Gb  main.o [1]
GPSKeepTimeoutFlag      0x200018a1    0x1  Data  Gb  main.o [1]
GPSKeepTimerStartFlag   0x200018a0    0x1  Data  Gb  main.o [1]
GPSKeepclock            0x200018f4    0xc  Data  Gb  main.o [1]
GPSRMCCb                0x08007d5d   0x14  Code  Gb  main.o [1]
GPSRMCCounter           0x20001d85    0x1  Data  Gb  main.o [1]
GPSRMCclock             0x20001900    0xc  Data  Gb  main.o [1]
GPSSerchTimerStartFlag  0x2000189e    0x1  Data  Gb  main.o [1]
GPSTimeOutclock         0x20001d40    0xc  Data  Gb  nb.o [1]
GPS_GSV_Data            0x20001d70    0x4  Data  Gb  gps.o [1]
GPS_GSV_Data_process    0x0800c96d  0x1a8  Code  Gb  gps.o [1]
GPS_Info                0x20001654   0xd4  Data  Gb  gps.o [1]
GPS_Info_Delete         0x0800c795   0x14  Code  Gb  gps.o [1]
GPS_Info_Store          0x0800c763   0x32  Code  Gb  gps.o [1]
GPS_Info_schedule       0x20001728   0xd4  Data  Gb  gps.o [1]
GPS_Rx_Data_process     0x0800c7a9  0x19e  Code  Gb  gps.o [1]
GPS_SerchTimeoutCb      0x080062f1   0x9e  Code  Gb  main.o [1]
GPS_TO_NB_Data          0x20001918    0x4  Data  Gb  main.o [1]
GPS_TO_NB_GSV_Data      0x20001d74    0x4  Data  Gb  gps.o [1]
GPS_TO_NB_TimeOut_Data  0x20001c5c   0x14  Data  Gb  gps.o [1]
HAL_ADC_ConfigChannel   0x0800d767   0xa4  Code  Gb  stm32l0xx_hal_adc.o [1]
HAL_ADC_GetState        0x0800d80b    0x4  Code  Gb  stm32l0xx_hal_adc.o [1]
HAL_ADC_GetValue        0x0800d761    0x6  Code  Gb  stm32l0xx_hal_adc.o [1]
HAL_ADC_Init            0x0800d479  0x1a4  Code  Gb  stm32l0xx_hal_adc.o [1]
HAL_ADC_MspInit         0x0800861f   0x32  Code  Gb  adc.o [1]
HAL_ADC_PollForConversion
                        0x0800d679   0xc6  Code  Gb  stm32l0xx_hal_adc.o [1]
HAL_ADC_Start           0x0800d61d   0x4c  Code  Gb  stm32l0xx_hal_adc.o [1]
HAL_DMA_Abort           0x0800dc6d   0x4e  Code  Gb  stm32l0xx_hal_dma.o [1]
HAL_DMA_Abort_IT        0x0800dccd   0x80  Code  Gb  stm32l0xx_hal_dma.o [1]
HAL_DMA_DeInit          0x0800da4d  0x1b6  Code  Gb  stm32l0xx_hal_dma.o [1]
HAL_DMA_IRQHandler      0x0800dd59  0x28e  Code  Gb  stm32l0xx_hal_dma.o [1]
HAL_DMA_Init            0x0800d961   0xe6  Code  Gb  stm32l0xx_hal_dma.o [1]
HAL_DMA_Start_IT        0x0800dc1d   0x50  Code  Gb  stm32l0xx_hal_dma.o [1]
HAL_Delay               0x08009bfd   0x18  Code  Wk  stm32l0xx_hal.o [1]
HAL_FLASHEx_DATAEEPROM_Lock
                        0x0800eab5    0xe  Code  Gb  stm32l0xx_hal_flash_ex.o [1]
HAL_FLASHEx_DATAEEPROM_Program
                        0x0800eac9   0x48  Code  Gb  stm32l0xx_hal_flash_ex.o [1]
HAL_FLASHEx_DATAEEPROM_Unlock
                        0x0800ea9d   0x18  Code  Gb  stm32l0xx_hal_flash_ex.o [1]
HAL_GPIO_DeInit         0x0800c5f3  0x100  Code  Gb  stm32l0xx_hal_gpio.o [1]
HAL_GPIO_EXTI_Callback  0x08005d15    0x8  Code  Gb  main.o [1]
HAL_GPIO_EXTI_IRQHandler
                        0x0800c713   0x14  Code  Gb  stm32l0xx_hal_gpio.o [1]
HAL_GPIO_Init           0x0800c46d  0x186  Code  Gb  stm32l0xx_hal_gpio.o [1]
HAL_GPIO_ReadPin        0x0800c6f3    0xc  Code  Gb  stm32l0xx_hal_gpio.o [1]
HAL_GPIO_TogglePin      0x0800c70b    0x8  Code  Gb  stm32l0xx_hal_gpio.o [1]
HAL_GPIO_WritePin       0x0800c6ff    0xc  Code  Gb  stm32l0xx_hal_gpio.o [1]
HAL_GetTick             0x0800ea91    0xc  Code  Wk  stm32l0xx_hal.o [1]
HAL_I2CEx_ConfigAnalogFilter
                        0x0800e9f1   0x38  Code  Gb  stm32l0xx_hal_i2c_ex.o [1]
HAL_I2CEx_ConfigDigitalFilter
                        0x0800ea29   0x34  Code  Gb  stm32l0xx_hal_i2c_ex.o [1]
HAL_I2C_Init            0x0800e409   0xa8  Code  Gb  stm32l0xx_hal_i2c.o [1]
HAL_I2C_Mem_Read        0x0800e615  0x160  Code  Gb  stm32l0xx_hal_i2c.o [1]
HAL_I2C_Mem_Write       0x0800e4bd  0x156  Code  Gb  stm32l0xx_hal_i2c.o [1]
HAL_I2C_MspInit         0x08008ee7   0x48  Code  Gb  i2c.o [1]
HAL_IncTick             0x0800f935   0x10  Code  Wk  stm32l0xx_hal.o [1]
HAL_Init                0x08008441   0x1a  Code  Gb  stm32l0xx_hal.o [1]
HAL_InitTick            0x0800d8f9   0x28  Code  Wk  stm32l0xx_hal.o [1]
HAL_MspInit             0x0800d921   0x40  Code  Gb  stm32l0xx_hal_msp.o [1]
HAL_NVIC_DisableIRQ     0x0800c3c7    0xe  Code  Gb  stm32l0xx_hal_cortex.o [1]
HAL_NVIC_EnableIRQ      0x0800c3b9    0xe  Code  Gb  stm32l0xx_hal_cortex.o [1]
HAL_NVIC_SetPriority    0x0800c3b1    0x8  Code  Gb  stm32l0xx_hal_cortex.o [1]
HAL_PWREx_EnableFastWakeUp
                        0x08008471    0xc  Code  Gb  stm32l0xx_hal_pwr_ex.o [1]
HAL_PWREx_EnableUltraLowPower
                        0x0800847d    0xc  Code  Gb  stm32l0xx_hal_pwr_ex.o [1]
HAL_PWR_EnterSTOPMode   0x0800c435   0x30  Code  Gb  stm32l0xx_hal_pwr.o [1]
HAL_RCCEx_GetPeriphCLKFreq
                        0x0800c151  0x110  Code  Gb  stm32l0xx_hal_rcc_ex.o [1]
HAL_RCCEx_PeriphCLKConfig
                        0x0800bffd  0x14c  Code  Gb  stm32l0xx_hal_rcc_ex.o [1]
HAL_RCC_ClockConfig     0x0800bcc5  0x15e  Code  Gb  stm32l0xx_hal_rcc.o [1]
HAL_RCC_GetHCLKFreq     0x0800bea1    0x6  Code  Gb  stm32l0xx_hal_rcc.o [1]
HAL_RCC_GetOscConfig    0x0800bed5   0x9a  Code  Gb  stm32l0xx_hal_rcc.o [1]
HAL_RCC_GetPCLK1Freq    0x0800bea7    0xe  Code  Gb  stm32l0xx_hal_rcc.o [1]
HAL_RCC_GetPCLK2Freq    0x0800bec1    0xc  Code  Gb  stm32l0xx_hal_rcc.o [1]
HAL_RCC_GetSysClockFreq
                        0x0800be35   0x6c  Code  Gb  stm32l0xx_hal_rcc.o [1]
HAL_RCC_OscConfig       0x0800b8e5  0x3ca  Code  Gb  stm32l0xx_hal_rcc.o [1]
HAL_RTCEx_DeactivateWakeUpTimer
                        0x0800d01d   0x7c  Code  Gb  stm32l0xx_hal_rtc_ex.o [1]
HAL_RTCEx_SetWakeUpTimer_IT
                        0x0800cf31   0xbc  Code  Gb  stm32l0xx_hal_rtc_ex.o [1]
HAL_RTCEx_WakeUpTimerEventCallback
                        0x080075d9  0x144  Code  Gb  main.o [1]
HAL_RTCEx_WakeUpTimerIRQHandler
                        0x0800d099   0x30  Code  Gb  stm32l0xx_hal_rtc_ex.o [1]
HAL_RTC_GetDate         0x0800e311   0x3e  Code  Gb  stm32l0xx_hal_rtc.o [1]
HAL_RTC_GetTime         0x0800e203   0x4c  Code  Gb  stm32l0xx_hal_rtc.o [1]
HAL_RTC_Init            0x0800e065   0xa0  Code  Gb  stm32l0xx_hal_rtc.o [1]
HAL_RTC_MspInit         0x08008e01   0x2a  Code  Gb  rtc.o [1]
HAL_RTC_SetDate         0x0800e24f   0xbe  Code  Gb  stm32l0xx_hal_rtc.o [1]
HAL_RTC_SetTime         0x0800e105   0xfe  Code  Gb  stm32l0xx_hal_rtc.o [1]
HAL_RTC_WaitForSynchro  0x0800e36f   0x30  Code  Gb  stm32l0xx_hal_rtc.o [1]
HAL_ResumeTick          0x08008461   0x10  Code  Wk  stm32l0xx_hal.o [1]
HAL_SYSTICK_CLKSourceConfig
                        0x0800c3fd   0x18  Code  Gb  stm32l0xx_hal_cortex.o [1]
HAL_SYSTICK_Callback    0x0800c431    0x2  Code  Wk  stm32l0xx_hal_cortex.o [1]
HAL_SYSTICK_Config      0x0800c3d5   0x28  Code  Gb  stm32l0xx_hal_cortex.o [1]
HAL_SYSTICK_IRQHandler  0x0800c415    0x8  Code  Gb  stm32l0xx_hal_cortex.o [1]
HAL_TIMEx_MasterConfigSynchronization
                        0x0800e01d   0x48  Code  Gb  stm32l0xx_hal_tim_ex.o [1]
HAL_TIM_Base_DeInit     0x0800d103   0x22  Code  Gb  stm32l0xx_hal_tim.o [1]
HAL_TIM_Base_Init       0x0800d0e5   0x1e  Code  Gb  stm32l0xx_hal_tim.o [1]
HAL_TIM_Base_MspDeInit  0x08008d1f   0x42  Code  Gb  tim.o [1]
HAL_TIM_Base_MspInit    0x08008cbf   0x60  Code  Gb  tim.o [1]
HAL_TIM_Base_Start_IT   0x0800d125   0x14  Code  Gb  stm32l0xx_hal_tim.o [1]
HAL_TIM_Base_Stop_IT    0x0800d139   0x1e  Code  Gb  stm32l0xx_hal_tim.o [1]
HAL_TIM_ConfigClockSource
                        0x0800d2d7   0xcc  Code  Gb  stm32l0xx_hal_tim.o [1]
HAL_TIM_IC_CaptureCallback
                        0x0800f187    0x2  Code  Wk  stm32l0xx_hal_tim.o [1]
HAL_TIM_IRQHandler      0x0800d1bf  0x118  Code  Gb  stm32l0xx_hal_tim.o [1]
HAL_TIM_OC_DelayElapsedCallback
                        0x0800f189    0x2  Code  Wk  stm32l0xx_hal_tim.o [1]
HAL_TIM_OnePulse_Init   0x0800d179   0x46  Code  Gb  stm32l0xx_hal_tim.o [1]
HAL_TIM_OnePulse_MspInit
                        0x0800f185    0x2  Code  Wk  stm32l0xx_hal_tim.o [1]
HAL_TIM_PWM_PulseFinishedCallback
                        0x0800f18b    0x2  Code  Wk  stm32l0xx_hal_tim.o [1]
HAL_TIM_PeriodElapsedCallback
                        0x08005d1d   0x34  Code  Gb  main.o [1]
HAL_TIM_TriggerCallback
                        0x0800f18d    0x2  Code  Wk  stm32l0xx_hal_tim.o [1]
HAL_UARTEx_WakeupCallback
                        0x0800f049    0x2  Code  Wk  stm32l0xx_hal_uart_ex.o [1]
HAL_UART_AbortReceive   0x0800ae41   0x4e  Code  Gb  stm32l0xx_hal_uart.o [1]
HAL_UART_DMAStop        0x0800ade9   0x58  Code  Gb  stm32l0xx_hal_uart.o [1]
HAL_UART_ErrorCallback  0x0800f045    0x2  Code  Wk  stm32l0xx_hal_uart.o [1]
HAL_UART_IRQHandler     0x0800aea9  0x184  Code  Gb  stm32l0xx_hal_uart.o [1]
HAL_UART_Init           0x0800aba5   0x66  Code  Gb  stm32l0xx_hal_uart.o [1]
HAL_UART_MspDeInit      0x08008a15   0x82  Code  Gb  usart.o [1]
HAL_UART_MspInit        0x080087a1  0x212  Code  Gb  usart.o [1]
HAL_UART_Receive_DMA    0x0800ad5b   0x8e  Code  Gb  stm32l0xx_hal_uart.o [1]
HAL_UART_RxCpltCallback
                        0x0800749d    0xe  Code  Gb  main.o [1]
HAL_UART_RxHalfCpltCallback
                        0x0800f0b7    0x2  Code  Wk  stm32l0xx_hal_uart.o [1]
HAL_UART_Transmit       0x0800ac11   0xc6  Code  Gb  stm32l0xx_hal_uart.o [1]
HAL_UART_Transmit_DMA   0x0800acd7   0x84  Code  Gb  stm32l0xx_hal_uart.o [1]
HAL_UART_TxCpltCallback
                        0x08007485   0x12  Code  Gb  main.o [1]
HAL_UART_TxHalfCpltCallback
                        0x0800f0b5    0x2  Code  Wk  stm32l0xx_hal_uart.o [1]
HandelKeyInterrupt      0x08006461   0x8a  Code  Gb  main.o [1]
Handel_LED              0x080064fd   0x84  Code  Gb  main.o [1]
Handel_NB_AT_RSP        0x08006ba9  0x6c0  Code  Gb  main.o [1]
Handel_ServerData       0x0800a45d  0x15e  Code  Gb  nb.o [1]
Handel_ServerData_Info_RSP
                        0x0800a615   0xd2  Code  Gb  nb.o [1]
Handel_ServerData_Schedule_Config
                        0x0800959d   0xee  Code  Gb  schedule.o [1]
Handel_UNIX_Data        0x0800aa11   0x62  Code  Gb  nb.o [1]
Handel_coap_Data        0x0800a815  0x194  Code  Gb  nb.o [1]
HardFault_Handler       0x0800f85b    0x2  Code  Gb  stm32l0xx_it.o [1]
I2C_Flush_TXDR          0x0800e859   0x1c  Code  Lc  stm32l0xx_hal_i2c.o [1]
I2C_IsAcknowledgeFailed
                        0x0800e95d   0x64  Code  Lc  stm32l0xx_hal_i2c.o [1]
I2C_RequestMemoryRead   0x0800e7eb   0x6e  Code  Lc  stm32l0xx_hal_i2c.o [1]
I2C_RequestMemoryWrite  0x0800e77d   0x6e  Code  Lc  stm32l0xx_hal_i2c.o [1]
I2C_TransferConfig      0x0800e9cb   0x1e  Code  Lc  stm32l0xx_hal_i2c.o [1]
I2C_WaitOnFlagUntilTimeout
                        0x0800e875   0x50  Code  Lc  stm32l0xx_hal_i2c.o [1]
I2C_WaitOnSTOPFlagUntilTimeout
                        0x0800e919   0x44  Code  Lc  stm32l0xx_hal_i2c.o [1]
I2C_WaitOnTXISFlagUntilTimeout
                        0x0800e8c5   0x54  Code  Lc  stm32l0xx_hal_i2c.o [1]
InNetCb                 0x08007c0d   0x78  Code  Gb  main.o [1]
InNetCounter            0x2000022b    0x1  Data  Gb  main.o [1]
InNetTimeoutclock       0x20001d34    0xc  Data  Gb  nb.o [1]
InitFlag                0x20000229    0x1  Data  Gb  main.o [1]
InitFlag_c              0x2000022a    0x1  Data  Gb  main.o [1]
InnetTimeOutFlag        0x2000022f    0x1  Data  Gb  main.o [1]
IsFound                 0x0800b629   0x2c  Code  Lc  User_ClockDriver.o [1]
KeyAction               0x20001898    0x4  Data  Gb  main.o [1]
KeyPressTimerCb         0x08005e61   0xec  Code  Gb  main.o [1]
KeyPressTimerStartFlag  0x2000189c    0x1  Data  Gb  main.o [1]
KeyPressclock           0x200018ac    0xc  Data  Gb  main.o [1]
LEDBlinkCb              0x08005f6d   0x40  Code  Gb  main.o [1]
LEDBlinkclock           0x200018b8    0xc  Data  Gb  main.o [1]
LEDCb                   0x08005f65    0x8  Code  Gb  main.o [1]
LEDProcess              0x080066ed   0x76  Code  Gb  main.o [1]
LED_Blink_Count         0x2000021d    0x1  Data  Lc  main.o [1]
LED_Init_Blink_Count    0x200018a2    0x1  Data  Lc  main.o [1]
LED_Init_Blink_Finish   0x20001d87    0x1  Data  Gb  nb.o [1]
LEDclock                0x20001d28    0xc  Data  Gb  nb.o [1]
LIS3DH_GetWHO_AM_I      0x0800eb99    0x8  Code  Gb  lis3dh.o [1]
LIS3DH_HPFAOI1Enable    0x0800ed29   0x30  Code  Gb  lis3dh.o [1]
LIS3DH_Int1LatchEnable  0x0800eded   0x34  Code  Gb  lis3dh.o [1]
LIS3DH_ReadReg          0x0800eb85    0xa  Code  Gb  lis3dh.o [1]
LIS3DH_SetAxis          0x0800ec8d   0x36  Code  Gb  lis3dh.o [1]
LIS3DH_SetBDU           0x0800ecf7   0x32  Code  Gb  lis3dh.o [1]
LIS3DH_SetBoot          0x0800ee21   0x28  Code  Gb  lis3dh.o [1]
LIS3DH_SetFullScale     0x0800ecc3   0x34  Code  Gb  lis3dh.o [1]
LIS3DH_SetHPFCutOFF     0x0800ed8b   0x3c  Code  Gb  lis3dh.o [1]
LIS3DH_SetHPFMode       0x0800ed59   0x32  Code  Gb  lis3dh.o [1]
LIS3DH_SetInt1Duration  0x0800ee8d   0x14  Code  Gb  lis3dh.o [1]
LIS3DH_SetInt1Pin       0x0800edc7   0x26  Code  Gb  lis3dh.o [1]
LIS3DH_SetInt1Threshold
                        0x0800ee79   0x14  Code  Gb  lis3dh.o [1]
LIS3DH_SetIntConfiguration
                        0x0800ee49   0x30  Code  Gb  lis3dh.o [1]
LIS3DH_SetMode          0x0800ebdf   0xaa  Code  Gb  lis3dh.o [1]
LIS3DH_SetMode::ODR_old_value
                        0x20001d83    0x1  Data  Lc  lis3dh.o [1]
LIS3DH_SetODR           0x0800ebad   0x32  Code  Gb  lis3dh.o [1]
LIS3DH_WriteReg         0x0800eb8f    0xa  Code  Gb  lis3dh.o [1]
LPUART1_IRQHandler      0x0800f8fb    0x6  Code  Gb  stm32l0xx_it.o [1]
LPUART1_Rx_Disable      0x080073c7   0x44  Code  Gb  main.o [1]
LPUART1_Rx_Enable       0x080073c1    0x6  Code  Gb  main.o [1]
Locator_Data            0x200002bc   0x10  Data  Gb  nb.o [1]
Locator_Data_ReportSleep
                        0x080098b9   0x8e  Code  Gb  schedule.o [1]
Locator_pram            0x200002cc    0x8  Data  Gb  nb.o [1]
Lsd_MEMS_Init           0x0800a091   0x2a  Code  Gb  lsd_mems.o [1]
Lsd_MEMS_SetWakeup_Mode
                        0x0800a0bb   0x6e  Code  Gb  lsd_mems.o [1]
MEMS_I2C_ReadAddr       0x0800a129   0x20  Code  Gb  lsd_mems.o [1]
MEMS_I2C_WriteAddr      0x0800a149   0x26  Code  Gb  lsd_mems.o [1]
MX_ADC_Init             0x080085b1   0x6e  Code  Gb  adc.o [1]
MX_DMA_Init             0x08008575   0x3c  Code  Gb  dma.o [1]
MX_GPIO_Init            0x0800848d   0xe8  Code  Gb  gpio.o [1]
MX_I2C1_Init            0x08008e89   0x5e  Code  Gb  i2c.o [1]
MX_LPUART1_UART_Init    0x08008705   0x34  Code  Gb  usart.o [1]
MX_RTC_Init             0x08008dd1   0x30  Code  Gb  rtc.o [1]
MX_TIM21_Init           0x08008bf9   0x62  Code  Gb  tim.o [1]
MX_TIM22_Init           0x08008c5d   0x62  Code  Gb  tim.o [1]
MX_TIM2_Init            0x08008b91   0x66  Code  Gb  tim.o [1]
MX_USART1_UART_Init     0x08008739   0x34  Code  Gb  usart.o [1]
MX_USART2_UART_Init     0x0800876d   0x34  Code  Gb  usart.o [1]
Min                     0x0800b655   0x44  Code  Lc  User_ClockDriver.o [1]
ModeDisplayCb           0x08007b5d   0xa2  Code  Gb  main.o [1]
ModeDisplayCount        0x20000221    0x1  Data  Gb  main.o [1]
ModeDisplayclock        0x200018dc    0xc  Data  Gb  main.o [1]
ModeSwitchFlag          0x20000222    0x1  Data  Gb  main.o [1]
MoveAlarmPreMode        0x20001d81    0x1  Data  Gb  nb.o [1]
NBResetclock            0x20001d1c    0xc  Data  Gb  main.o [1]
NBTimeOutFlag           0x200018a3    0x1  Data  Gb  main.o [1]
NB_AT_CMD_Send          0x0800a189  0x170  Code  Gb  nb.o [1]
NB_ERROR_counter        0x200018a4    0x1  Data  Gb  main.o [1]
NB_InNetWork_Flag       0x20001c9a    0x1  Data  Gb  nb.o [1]
NB_NetWork_Init         0x08006b31   0x20  Code  Gb  main.o [1]
NB_RESETCb              0x080080b5   0x50  Code  Gb  main.o [1]
NB_Recv_Data_Process    0x0800aacd   0x52  Code  Gb  nb.o [1]
NB_Report_to_ServerData
                        0x200002f0   0x18  Data  Gb  nb.o [1]
NB_StateSend_counter    0x20001d89    0x1  Data  Gb  nb.o [1]
NB_Struct_Upload_Cmd    0x08009cc5   0x8a  Code  Gb  FOTA.o [1]
NB_open_Flag            0x20001d8a    0x1  Data  Gb  nb.o [1]
NB_reset                0x08008341   0x56  Code  Gb  main.o [1]
NB_send_buf             0x200017fc   0x98  Data  Gb  FOTA.o [1]
NB_send_buf_len         0x20001894    0x2  Data  Gb  FOTA.o [1]
NMI_Handler             0x0800f859    0x2  Code  Gb  stm32l0xx_it.o [1]
NVIC_SetPriority        0x0800c37d   0x34  Code  Lc  stm32l0xx_hal_cortex.o [1]
NVIC_SystemReset        0x080058c1   0x12  Code  Lc  main.o [1]
Normal_StateFlag        0x200002da    0x1  Data  Gb  nb.o [1]
NueStatesProcess        0x080072b9  0x100  Code  Gb  main.o [1]
OTA_flag                0x20000214    0x8  Data  Gb  main.o [1]
OTAingFlag              0x20001c9d    0x1  Data  Gb  nb.o [1]
OneTimeoutCb            0x080063b5    0x8  Code  Gb  main.o [1]
OneTimeoutclock         0x200018d0    0xc  Data  Gb  main.o [1]
OpenPsm                 0x20000268   0x20  Data  Lc  main.o [1]
Open_GPS                0x0800c749    0xa  Code  Gb  gps.o [1]
Open_NB                 0x0800a179    0xe  Code  Gb  nb.o [1]
PLLMulTable             0x0800f9b0    0xc  Data  Gb  system_stm32l0xx.o [1]
PT_flag                 0x200018a8    0x1  Data  Gb  main.o [1]
PendSV_Handler          0x0800f85f    0x2  Code  Gb  stm32l0xx_it.o [1]
Pre_Bat_Level           0x20000228    0x1  Data  Gb  main.o [1]
RCC_SetFlashLatencyFromMSIRange
                        0x0800bf6f   0x5e  Code  Lc  stm32l0xx_hal_rcc.o [1]
RTC_Bcd2ToByte          0x0800e3f7   0x10  Code  Gb  stm32l0xx_hal_rtc.o [1]
RTC_ByteToBcd2          0x0800e3e1   0x16  Code  Gb  stm32l0xx_hal_rtc.o [1]
RTC_EnterInitMode       0x0800e3a5   0x36  Code  Gb  stm32l0xx_hal_rtc.o [1]
RTC_IRQHandler          0x0800f86d    0xa  Code  Gb  stm32l0xx_it.o [1]
RTC_Timer_Start         0x08007579   0x2a  Code  Gb  main.o [1]
RTCstate                0x20000232    0x1  Data  Gb  main.o [1]
Region$$Table$$Base     0x0800fa5c          --   Gb  - Linker created -
Region$$Table$$Limit    0x0800fa7c          --   Gb  - Linker created -
RegistFinishFlag        0x20001c9c    0x1  Data  Gb  nb.o [1]
RegistFlag              0x200002d5    0x1  Data  Gb  nb.o [1]
RegistStateFlag         0x20001c99    0x1  Data  Gb  nb.o [1]
Retry_state             0x200002d8    0x1  Data  Gb  nb.o [1]
SVC_Handler             0x0800f85d    0x2  Code  Gb  stm32l0xx_it.o [1]
ScheduleModeProcess     0x0800806d   0x38  Code  Gb  main.o [1]
ScheduleParmSet         0x0800a6ed   0xc4  Code  Gb  nb.o [1]
Schedule_CMD            0x20001d60    0x8  Data  Gb  schedule.o [1]
Schedule_CMD_State      0x20001bf8    0x4  Data  Gb  schedule.o [1]
Schedule_Data_Report    0x08009399  0x1ee  Code  Gb  schedule.o [1]
Schedule_Data_upload    0x20001cf8   0x14  Data  Gb  schedule.o [1]
Schedule_ModeFlag       0x20001d93    0x1  Data  Gb  schedule.o [1]
Schedule_Mode_Data      0x20001d58    0x8  Data  Gb  schedule.o [1]
Schedule_Mode_GPSFlag   0x200018a5    0x1  Data  Gb  main.o [1]
Schedule_State          0x20001d94    0x1  Data  Gb  schedule.o [1]
Schedule_StateSend_counter
                        0x20001d96    0x1  Data  Gb  schedule.o [1]
Schedule_StateStartFlag
                        0x20001d95    0x1  Data  Gb  schedule.o [1]
Signal_Level            0x20000334    0xc  Data  Gb  schedule.o [1]
SleepIO_Config          0x080082a1   0x76  Code  Gb  main.o [1]
SleepStatus             0x20001d86    0x1  Data  Gb  nb.o [1]
State_Init              0x080065bd  0x11e  Code  Gb  main.o [1]
StopMode_Measure        0x08005d65   0x70  Code  Gb  main.o [1]
SysTick_Handler         0x0800f861    0xc  Code  Gb  stm32l0xx_it.o [1]
SystemClock_Config      0x08005aa7   0xa6  Code  Gb  main.o [1]
SystemCoreClock         0x20000344    0x4  Data  Gb  system_stm32l0xx.o [1]
SystemInit              0x0800f945   0x3e  Code  Gb  system_stm32l0xx.o [1]
TIM21_IRQHandler        0x0800f8cf    0xa  Code  Gb  stm32l0xx_it.o [1]
TIM22_IRQHandler        0x0800f8d9    0xa  Code  Gb  stm32l0xx_it.o [1]
TIM2_IRQHandler         0x0800f8c5    0xa  Code  Gb  stm32l0xx_it.o [1]
TIM_Base_SetConfig      0x0800d3ad   0x46  Code  Lc  stm32l0xx_hal_tim.o [1]
TIM_ETR_SetConfig       0x0800d44f   0x14  Code  Lc  stm32l0xx_hal_tim.o [1]
TIM_ITRx_SetConfig      0x0800d43f   0x10  Code  Lc  stm32l0xx_hal_tim.o [1]
TIM_TI1_ConfigInputStage
                        0x0800d3f9   0x22  Code  Lc  stm32l0xx_hal_tim.o [1]
TIM_TI2_ConfigInputStage
                        0x0800d41b   0x24  Code  Lc  stm32l0xx_hal_tim.o [1]
TLocator_Data_Report    0x080096ad  0x1f8  Code  Gb  schedule.o [1]
TSETCb                  0x08008339    0x8  Code  Gb  main.o [1]
TaskDelete              0x0800b699   0x58  Code  Lc  User_ClockDriver.o [1]
Testclock               0x2000190c    0xc  Data  Gb  main.o [1]
TimeSynclock            0x20001c14    0xc  Data  Gb  schedule.o [1]
Time_Syn_Retry_Num      0x20001c10    0x1  Data  Gb  schedule.o [1]
Time_synFlag            0x20001d92    0x1  Data  Gb  schedule.o [1]
Time_syn_Cb             0x08009947    0x2  Code  Gb  schedule.o [1]
Time_syn_RetryTimerInit
                        0x08009949   0x12  Code  Gb  schedule.o [1]
Time_syning_Flag        0x20001d97    0x1  Data  Gb  schedule.o [1]
TrackerCycle_short_Flag
                        0x200002d7    0x1  Data  Gb  nb.o [1]
TxCompleteFlag          0x20001d8d    0x1  Data  Gb  nb.o [1]
UART1_Rx_Disable        0x08007441   0x40  Code  Gb  main.o [1]
UART1_Rx_Enable         0x08007411   0x10  Code  Gb  main.o [1]
UART_AdvFeatureConfig   0x0800b265   0xc8  Code  Gb  stm32l0xx_hal_uart.o [1]
UART_CheckIdleState     0x0800b32d   0x64  Code  Gb  stm32l0xx_hal_uart.o [1]
UART_DMAAbortOnError    0x0800b521   0x14  Code  Lc  stm32l0xx_hal_uart.o [1]
UART_DMAError           0x0800b4db   0x46  Code  Lc  stm32l0xx_hal_uart.o [1]
UART_DMAReceiveCplt     0x0800b47b   0x3e  Code  Lc  stm32l0xx_hal_uart.o [1]
UART_DMARxHalfCplt      0x0800b4d1    0xa  Code  Lc  stm32l0xx_hal_uart.o [1]
UART_DMATransmitCplt    0x0800b441   0x30  Code  Lc  stm32l0xx_hal_uart.o [1]
UART_DMATxHalfCplt      0x0800b471    0xa  Code  Lc  stm32l0xx_hal_uart.o [1]
UART_EndRxTransfer      0x0800b413   0x1c  Code  Lc  stm32l0xx_hal_uart.o [1]
UART_EndTxTransfer      0x0800b401   0x12  Code  Lc  stm32l0xx_hal_uart.o [1]
UART_Receive_IT         0x0800b535   0x70  Code  Lc  stm32l0xx_hal_uart.o [1]
UART_SetConfig          0x0800b031  0x214  Code  Gb  stm32l0xx_hal_uart.o [1]
UART_WaitOnFlagUntilTimeout
                        0x0800b395   0x62  Code  Gb  stm32l0xx_hal_uart.o [1]
USART1_IRQHandler       0x0800f8e3    0x6  Code  Gb  stm32l0xx_it.o [1]
USART2_IRQHandler       0x0800f8e9    0x4  Code  Gb  stm32l0xx_it.o [1]
UnbindCb                0x08007c8d    0x8  Code  Gb  main.o [1]
UsartReceive_IDLE       0x08008ab5   0xb6  Code  Gb  usart.o [1]
UsartType               0x200007d8  0x450  Data  Gb  usart.o [1]
UsartType2              0x20000c28   0x38  Data  Gb  usart.o [1]
UserDataInit            0x08005b55   0x4c  Code  Gb  main.o [1]
UserIOInit              0x080074b1   0x1e  Code  Gb  main.o [1]
UserStartLedClock       0x08007ab5   0x1c  Code  Gb  main.o [1]
UserStopLedClock        0x08007ae5   0x12  Code  Gb  main.o [1]
UserTimerInit           0x08005bfd  0x118  Code  Gb  main.o [1]
User_AdcProcess         0x08007db1   0xe8  Code  Gb  main.o [1]
User_Event_Process      0x08007781  0x326  Code  Gb  main.o [1]
User_NB_TaskProcess     0x08006829  0x1e2  Code  Gb  main.o [1]
User_StartClock         0x0800b761   0x84  Code  Gb  User_ClockDriver.o [1]
User_StopClock          0x0800b6f1   0x70  Code  Gb  User_ClockDriver.o [1]
User_TaskRemarks        0x0800b7e5   0x5e  Code  Gb  User_ClockDriver.o [1]
User_Timer_Diff_ms      0x0800b61d    0xc  Code  Gb  User_ClockDriver.o [1]
User_Timer_Start        0x0800b5f1   0x2c  Code  Gb  User_ClockDriver.o [1]
User_Timer_TaskProcess  0x0800b843   0x60  Code  Gb  User_ClockDriver.o [1]
User_UartProcess        0x08007ea5   0x56  Code  Gb  main.o [1]
_Error_Handler          0x0800843d    0x2  Code  Gb  main.o [1]
_IsdstStr               0x20000360    0x4  Data  Gb  setlocale.o [3]
_LocaleC_isspace        0x0800f2d1   0x14  Code  Gb  xlocale_c.o [3]
_LocaleC_tolower        0x0800f2e5    0xc  Code  Gb  xlocale_c.o [3]
_LocaleForCat           0x0800f2bd   0x10  Code  Gb  setlocale.o [3]
_LocaleReturnString     0x20000380   0x50  Data  Lc  setlocale.o [3]
_Locale_Profile         0x20000364   0x1c  Data  Gb  setlocale.o [3]
_Strtok_ssave           0x20000358    0x4  Data  Lc  strtok.o [3]
_TzoneStr               0x2000035c    0x4  Data  Gb  setlocale.o [3]
__aeabi_errno_addr      0x0800f175    0xa  Code  Gb  errno.o [3]
__aeabi_idiv            0x0800c2c9         Code  Gb  I32DivModFast.o [4]
__aeabi_idiv0           0x0800f0b9         Code  Gb  IntDivZer.o [4]
__aeabi_idivmod         0x0800c2c9         Code  Gb  I32DivModFast.o [4]
__aeabi_ldiv0           0x0800f2ad         Code  Gb  I64DivZer.o [4]
__aeabi_memclr          0x0800d8f1         Code  Gb  ABImemset.o [4]
__aeabi_memclr4         0x0800d8f5         Code  Gb  ABImemset.o [4]
__aeabi_memclr8         0x0800d8f5         Code  Gb  ABImemset.o [4]
__aeabi_memcpy          0x08009c69         Code  Gb  ABImemcpy.o [4]
__aeabi_memcpy4         0x08009c91         Code  Wk  ABImemcpy.o [4]
__aeabi_uidiv           0x0800c2cf         Code  Gb  I32DivModFast.o [4]
__aeabi_uidivmod        0x0800c2cf         Code  Gb  I32DivModFast.o [4]
__aeabi_uldivmod        0x0800f04b         Code  Gb  I64DivMod.o [4]
__aeabi_uread4          0x0800ea79         Code  Gb  uread4.o [4]
__aeabi_uwrite4         0x0800cf1d         Code  Gb  uwrite4.o [4]
__cmain                 0x0800fa7d         Code  Gb  cmain.o [4]
__exit                  0x0800f2f1   0x14  Code  Gb  exit.o [5]
__iar_Errno             0x200003d0    0x4  Data  Gb  errno.o [3]
__iar_Memchr            0x0800f15d   0x18  Code  Gb  memchr.o [4]
__iar_Memset4_word      0x0800d8c1         Code  Gb  ABImemset.o [4]
__iar_Memset_word       0x0800d8ad         Code  Gb  ABImemset.o [4]
__iar_Stoul             0x0800cec3    0xa  Code  Gb  xstoul.o [3]
__iar_Stoulx            0x0800cda1  0x122  Code  Gb  xstoul.o [3]
__iar_Strstr            0x0800cd69   0x38  Code  Gb  strstr.o [3]
__iar_data_init3        0x0800fa35   0x28  Code  Gb  data_init.o [4]
__iar_dlib_perthread_access
                        0x0800f0bb    0x2  Code  Gb  xtls.o [3]
__iar_packbits_init_single3
                        0x0800f9f9   0x3c  Code  Gb  packbits_init_single.o [4]
__iar_program_start     0x0800faad         Code  Gb  cstartup_M.o [4]
__iar_zero_init3        0x0800f9bd   0x3c  Code  Gb  zero_init3.o [4]
__low_level_init        0x0800fa97    0x4  Code  Gb  low_level_init.o [3]
__vector_table          0x08005800         Data  Gb  startup_stm32l051xx.o [1]
_call_main              0x0800fa89         Code  Gb  cmain.o [4]
_exit                   0x0800f2b1         Code  Gb  cexit.o [4]
_main                   0x0800fa93         Code  Gb  cmain.o [4]
adc_counter             0x20000234    0x2  Data  Gb  main.o [1]
adc_timeoutFlag         0x20000226    0x1  Data  Gb  main.o [1]
applib_dt_dayindex      0x0800ef1b   0x7a  Code  Gb  UNIX.o [1]
applib_dt_is_leap_year  0x0800eec5   0x30  Code  Gb  UNIX.o [1]
applib_dt_last_day_of_mon
                        0x0800eef5   0x26  Code  Gb  UNIX.o [1]
ascsToHexs              0x0800cbff   0x26  Code  Gb  tools.o [1]
at_cmd_data_p           0x20000c60  0x400  Data  Gb  tools.o [1]
chargeEnable            0x2000021e    0x1  Data  Lc  main.o [1]
chargeFinish            0x2000021f    0x1  Data  Gb  main.o [1]
charsToHex              0x0800cba1   0x5e  Code  Gb  tools.o [1]
charsToHex1             0x0800cd37   0x32  Code  Gb  tools.o [1]
checkSum                0x0800cc25   0x1c  Code  Gb  tools.o [1]
checkSumChar            0x0800cc41   0x22  Code  Gb  tools.o [1]
clock_list              0x20001528  0x12c  Data  Gb  User_ClockDriver.o [1]
clock_list_idx          0x20000348    0x1  Data  Gb  User_ClockDriver.o [1]
closeAllLed             0x0800676d   0x26  Code  Gb  main.o [1]
cmd159Counter           0x2000022c    0x1  Data  Gb  main.o [1]
cmd_OK_Flag             0x20001c9b    0x1  Data  Gb  nb.o [1]
cmeErrorCounter         0x200018a9    0x1  Data  Gb  main.o [1]
coapEnterSleep          0x20000308   0x20  Data  Gb  nb.o [1]
crc16_ccitt_table       0x20000014  0x200  Data  Gb  crc16.o [1]
crc_check               0x0800eb4d    0xe  Code  Gb  crc16.o [1]
curAT_RSP_ID            0x200002d6    0x1  Data  Gb  nb.o [1]
currentLoadValue        0x2000034c    0x4  Data  Gb  User_ClockDriver.o [1]
currentMode             0x200002d4    0x1  Data  Gb  nb.o [1]
cycleStartFlag          0x20001d98    0x1  Data  Gb  schedule.o [1]
dataCycle               0x200002e0    0x2  Data  Gb  nb.o [1]
data_confirmFlag        0x20001d88    0x1  Data  Gb  nb.o [1]
digits                  0x0800cecc   0x28  Data  Lc  xstoul.o [3]
do_crc                  0x0800eb25   0x24  Code  Gb  crc16.o [1]
eff_satCounter          0x20001d82    0x1  Data  Gb  gps.o [1]
endWeekCycle            0x080091d5   0x2a  Code  Gb  schedule.o [1]
event                   0x20000238    0x4  Data  Gb  main.o [1]
exit                    0x0800f105    0x8  Code  Gb  exit.o [3]
fota_cmd_buf            0x20001bc0   0x34  Data  Gb  FOTA.o [1]
fota_info               0x20001c20   0x28  Data  Gb  FOTA.o [1]
funNB_reset             0x080083a5   0x38  Code  Gb  main.o [1]
g_day_per_mon           0x0800f038    0xc  Data  Gb  UNIX.o [1]
getFollowedMode         0x08009209  0x162  Code  Gb  schedule.o [1]
getRTC_Date_Time        0x08009061   0x42  Code  Gb  schedule.o [1]
gps_open_Flag           0x20001d8b    0x1  Data  Gb  nb.o [1]
gps_serch_counter       0x200018aa    0x2  Data  Gb  main.o [1]
hadc                    0x20001a6c   0x60  Data  Gb  adc.o [1]
hdma_lpuart1_rx         0x200013a8   0x40  Data  Gb  usart.o [1]
hdma_lpuart1_tx         0x200013e8   0x40  Data  Gb  usart.o [1]
hdma_usart1_rx          0x20001428   0x40  Data  Gb  usart.o [1]
hdma_usart1_tx          0x20001468   0x40  Data  Gb  usart.o [1]
hdma_usart2_rx          0x200014a8   0x40  Data  Gb  usart.o [1]
hdma_usart2_tx          0x200014e8   0x40  Data  Gb  usart.o [1]
hex2String              0x0800ccbd   0x36  Code  Gb  tools.o [1]
hex_to_dig              0x0800cd27   0x10  Code  Gb  tools.o [1]
hi2c1                   0x20001acc   0x4c  Data  Gb  i2c.o [1]
hlpuart1                0x2000191c   0x70  Data  Gb  usart.o [1]
hrtc                    0x20001cbc   0x24  Data  Gb  rtc.o [1]
htim2                   0x20001b18   0x38  Data  Gb  tim.o [1]
htim21                  0x20001b50   0x38  Data  Gb  tim.o [1]
htim22                  0x20001b88   0x38  Data  Gb  tim.o [1]
huart1                  0x2000198c   0x70  Data  Gb  usart.o [1]
huart2                  0x200019fc   0x70  Data  Gb  usart.o [1]
isspace                 0x0800f139   0x12  Code  Gb  isxxx.o [3]
keyFlag                 0x200018a7    0x1  Data  Gb  main.o [1]
lastStartTimer_sysT32   0x20000350    0x4  Data  Lc  User_ClockDriver.o [1]
main                    0x080058d5  0x1d2  Code  Gb  main.o [1]
memcmp                  0x0800eb5b   0x28  Code  Gb  memcmp.o [4]
memsIsOpen              0x20001d84    0x1  Data  Lc  lsd_mems.o [1]
moveFlagCounter         0x20001d91    0x1  Data  Gb  nb.o [1]
moveState               0x20000231    0x1  Data  Gb  main.o [1]
moveStopFlag            0x200018a6    0x1  Data  Gb  main.o [1]
move_alarm_Flag         0x20001d80    0x1  Data  Gb  nb.o [1]
move_alarm_Init_Flag    0x200002dc    0x1  Data  Gb  nb.o [1]
move_alarm_enable_Flag  0x200002db    0x1  Data  Gb  nb.o [1]
move_continue_Flag      0x20000227    0x1  Data  Gb  main.o [1]
msg_seq_num             0x200002de    0x2  Data  Gb  nb.o [1]
my_time                 0x20001d68    0x8  Data  Gb  UNIX.o [1]
mystrstr                0x0800ccf3   0x34  Code  Gb  tools.o [1]
nb_gps_data             0x20001c48   0x14  Data  Gb  gps.o [1]
ndigs                   0x0800cef4   0x28  Data  Lc  xstoul.o [3]
pFlash                  0x20001ce0   0x18  Data  Gb  stm32l0xx_hal_flash.o [1]
packageFinishFlag       0x20001d0d    0x1  Data  Gb  nb.o [1]
print                   0x08009acd  0x102  Code  Lc  printf-stdarg.o [1]
printchar               0x08009995   0x20  Code  Lc  printf-stdarg.o [1]
printf                  0x08009bcf   0x14  Code  Gb  printf-stdarg.o [1]
printi                  0x08009a25   0xa6  Code  Lc  printf-stdarg.o [1]
prints                  0x080099bd   0x68  Code  Lc  printf-stdarg.o [1]
regist_counter          0x20001896    0x2  Data  Gb  main.o [1]
schedule_recoverFlag    0x2000022e    0x1  Data  Gb  main.o [1]
sdatestructure          0x20001bf4    0x4  Data  Gb  schedule.o [1]
serviceCMD_Process_result
                        0x20001d0c    0x1  Data  Gb  nb.o [1]
setRTC_Date_Time        0x08008f95   0xac  Code  Gb  schedule.o [1]
sleepCounter            0x20000230    0x1  Data  Gb  main.o [1]
sprintf                 0x08009be3   0x12  Code  Gb  printf-stdarg.o [1]
stimestructure          0x20001bfc   0x14  Data  Gb  schedule.o [1]
str2                    0x20001ca0    0x4  Data  Gb  nb.o [1]
strcat                  0x0800f10d   0x1c  Code  Gb  strcat.o [3]
strcpy                  0x0800f129         Code  Gb  strcpy.o [4]
strcspn                 0x0800f0e1   0x24  Code  Gb  strcspn.o [3]
strlen                  0x0800cb91   0x10  Code  Gb  strlen.o [4]
strncmp                 0x0800b5c5   0x2c  Code  Gb  strncmp.o [3]
strncpy                 0x0800eea1   0x24  Code  Gb  strncpy.o [4]
strspn                  0x0800f0bd   0x24  Code  Gb  strspn.o [3]
strtok                  0x0800cb41   0x50  Code  Gb  strtok.o [3]
switchToToday           0x080090cd  0x104  Code  Gb  schedule.o [1]
taskEvents              0x20000354    0x4  Data  Lc  User_ClockDriver.o [1]
testFlag2               0x20001d8f    0x1  Data  Gb  nb.o [1]
testFlag3               0x20001d90    0x1  Data  Gb  nb.o [1]
tolower                 0x0800f14b   0x12  Code  Gb  tolower.o [3]
tool_memcpy             0x0800cc63   0x14  Code  Gb  tools.o [1]
tool_strcat             0x0800cc77   0x3e  Code  Gb  tools.o [1]
utc_sec_2_mytime        0x0800ef95   0x9c  Code  Gb  UNIX.o [1]
uwTick                  0x20001d7c    0x4  Data  Gb  stm32l0xx_hal.o [1]
wakeupCounter           0x20001d78    0x4  Data  Gb  nb.o [1]


[1] = D:\TELUS\AIS_PROGRAM\Locator_L051T8_AIS_alarm_AIS_NW_OTA2_SENSOR_T\EWARM\Locator_L051T8\Obj
[2] = command line
[3] = dl6M_tlf.a
[4] = rt6M_tl.a
[5] = shb_l.a

  40 266 bytes of readonly  code memory
   2 115 bytes of readonly  data memory
   7 573 bytes of readwrite data memory

Errors: none
Warnings: none
