###############################################################################
#
# IAR ELF Linker V7.70.1.11437/W32 for ARM                24/Jan/2018  15:32:22
# Copyright 2007-2016 IAR Systems AB.
#
#    Output file  =  
#        D:\TELUS\LIERDA_PROGRAM\Locator_L051T8_TestKey\EWARM\HK_L051T8\Exe\Locator_L051T8.out
#    Map file     =  
#        D:\TELUS\LIERDA_PROGRAM\Locator_L051T8_TestKey\EWARM\HK_L051T8\List\Locator_L051T8.map
#    Command line =  
#        D:\TELUS\LIERDA_PROGRAM\Locator_L051T8_TestKey\EWARM\HK_L051T8\Obj\adc.o
#        D:\TELUS\LIERDA_PROGRAM\Locator_L051T8_TestKey\EWARM\HK_L051T8\Obj\dma.o
#        D:\TELUS\LIERDA_PROGRAM\Locator_L051T8_TestKey\EWARM\HK_L051T8\Obj\gpio.o
#        D:\TELUS\LIERDA_PROGRAM\Locator_L051T8_TestKey\EWARM\HK_L051T8\Obj\gps.o
#        D:\TELUS\LIERDA_PROGRAM\Locator_L051T8_TestKey\EWARM\HK_L051T8\Obj\main.o
#        D:\TELUS\LIERDA_PROGRAM\Locator_L051T8_TestKey\EWARM\HK_L051T8\Obj\nb.o
#        D:\TELUS\LIERDA_PROGRAM\Locator_L051T8_TestKey\EWARM\HK_L051T8\Obj\rtc.o
#        D:\TELUS\LIERDA_PROGRAM\Locator_L051T8_TestKey\EWARM\HK_L051T8\Obj\startup_stm32l051xx.o
#        D:\TELUS\LIERDA_PROGRAM\Locator_L051T8_TestKey\EWARM\HK_L051T8\Obj\stm32l0xx_hal.o
#        D:\TELUS\LIERDA_PROGRAM\Locator_L051T8_TestKey\EWARM\HK_L051T8\Obj\stm32l0xx_hal_adc.o
#        D:\TELUS\LIERDA_PROGRAM\Locator_L051T8_TestKey\EWARM\HK_L051T8\Obj\stm32l0xx_hal_adc_ex.o
#        D:\TELUS\LIERDA_PROGRAM\Locator_L051T8_TestKey\EWARM\HK_L051T8\Obj\stm32l0xx_hal_cortex.o
#        D:\TELUS\LIERDA_PROGRAM\Locator_L051T8_TestKey\EWARM\HK_L051T8\Obj\stm32l0xx_hal_dma.o
#        D:\TELUS\LIERDA_PROGRAM\Locator_L051T8_TestKey\EWARM\HK_L051T8\Obj\stm32l0xx_hal_flash.o
#        D:\TELUS\LIERDA_PROGRAM\Locator_L051T8_TestKey\EWARM\HK_L051T8\Obj\stm32l0xx_hal_flash_ex.o
#        D:\TELUS\LIERDA_PROGRAM\Locator_L051T8_TestKey\EWARM\HK_L051T8\Obj\stm32l0xx_hal_flash_ramfunc.o
#        D:\TELUS\LIERDA_PROGRAM\Locator_L051T8_TestKey\EWARM\HK_L051T8\Obj\stm32l0xx_hal_gpio.o
#        D:\TELUS\LIERDA_PROGRAM\Locator_L051T8_TestKey\EWARM\HK_L051T8\Obj\stm32l0xx_hal_i2c.o
#        D:\TELUS\LIERDA_PROGRAM\Locator_L051T8_TestKey\EWARM\HK_L051T8\Obj\stm32l0xx_hal_i2c_ex.o
#        D:\TELUS\LIERDA_PROGRAM\Locator_L051T8_TestKey\EWARM\HK_L051T8\Obj\stm32l0xx_hal_msp.o
#        D:\TELUS\LIERDA_PROGRAM\Locator_L051T8_TestKey\EWARM\HK_L051T8\Obj\stm32l0xx_hal_pwr.o
#        D:\TELUS\LIERDA_PROGRAM\Locator_L051T8_TestKey\EWARM\HK_L051T8\Obj\stm32l0xx_hal_pwr_ex.o
#        D:\TELUS\LIERDA_PROGRAM\Locator_L051T8_TestKey\EWARM\HK_L051T8\Obj\stm32l0xx_hal_rcc.o
#        D:\TELUS\LIERDA_PROGRAM\Locator_L051T8_TestKey\EWARM\HK_L051T8\Obj\stm32l0xx_hal_rcc_ex.o
#        D:\TELUS\LIERDA_PROGRAM\Locator_L051T8_TestKey\EWARM\HK_L051T8\Obj\stm32l0xx_hal_rtc.o
#        D:\TELUS\LIERDA_PROGRAM\Locator_L051T8_TestKey\EWARM\HK_L051T8\Obj\stm32l0xx_hal_rtc_ex.o
#        D:\TELUS\LIERDA_PROGRAM\Locator_L051T8_TestKey\EWARM\HK_L051T8\Obj\stm32l0xx_hal_tim.o
#        D:\TELUS\LIERDA_PROGRAM\Locator_L051T8_TestKey\EWARM\HK_L051T8\Obj\stm32l0xx_hal_tim_ex.o
#        D:\TELUS\LIERDA_PROGRAM\Locator_L051T8_TestKey\EWARM\HK_L051T8\Obj\stm32l0xx_hal_uart.o
#        D:\TELUS\LIERDA_PROGRAM\Locator_L051T8_TestKey\EWARM\HK_L051T8\Obj\stm32l0xx_hal_uart_ex.o
#        D:\TELUS\LIERDA_PROGRAM\Locator_L051T8_TestKey\EWARM\HK_L051T8\Obj\stm32l0xx_it.o
#        D:\TELUS\LIERDA_PROGRAM\Locator_L051T8_TestKey\EWARM\HK_L051T8\Obj\system_stm32l0xx.o
#        D:\TELUS\LIERDA_PROGRAM\Locator_L051T8_TestKey\EWARM\HK_L051T8\Obj\tim.o
#        D:\TELUS\LIERDA_PROGRAM\Locator_L051T8_TestKey\EWARM\HK_L051T8\Obj\tools.o
#        D:\TELUS\LIERDA_PROGRAM\Locator_L051T8_TestKey\EWARM\HK_L051T8\Obj\usart.o
#        D:\TELUS\LIERDA_PROGRAM\Locator_L051T8_TestKey\EWARM\HK_L051T8\Obj\User_ClockDriver.o
#        --redirect _Printf=_PrintfFull --redirect _Scanf=_ScanfFull -o
#        D:\TELUS\LIERDA_PROGRAM\Locator_L051T8_TestKey\EWARM\HK_L051T8\Exe\Locator_L051T8.out
#        --map
#        D:\TELUS\LIERDA_PROGRAM\Locator_L051T8_TestKey\EWARM\HK_L051T8\List\Locator_L051T8.map
#        --config
#        D:\TELUS\LIERDA_PROGRAM\Locator_L051T8_TestKey\EWARM/stm32l051xx_flash.icf
#        --semihosting --entry __iar_program_start --vfe
#
###############################################################################

*******************************************************************************
*** RUNTIME MODEL ATTRIBUTES
***

CppFlavor                     = *
__Heap_Handler                = DLMalloc
__SystemLibrary               = DLib
__dlib_dynamic_initialization = normal


*******************************************************************************
*** PLACEMENT SUMMARY
***

"A0":  place at 0x08000000 { ro section .intvec };
"P1":  place in [from 0x08000000 to 0x0800ffff] { ro };
"P2":  place in [from 0x20000000 to 0x20001fff] { rw, block CSTACK, block HEAP };
initialize by copy { rw };

  Section             Kind        Address    Size  Object
  -------             ----        -------    ----  ------
"A0":                                        0xc0
  .intvec             ro code  0x08000000    0xc0  startup_stm32l051xx.o [1]
                             - 0x080000c0    0xc0

"P1":                                      0xb43f
  .text               ro code  0x080000c0  0x1f10  main.o [1]
  .text               ro code  0x08001fd0    0x20  stm32l0xx_hal.o [1]
  .text               ro code  0x08001ff0    0xf8  gpio.o [1]
  .text               ro code  0x080020e8    0x44  dma.o [1]
  .text               ro code  0x0800212c   0x1ac  adc.o [1]
  .text               ro code  0x080022d8   0x5a8  usart.o [1]
  .text               ro code  0x08002880   0x248  tim.o [1]
  .text               ro code  0x08002ac8    0x84  rtc.o [1]
  .text               ro code  0x08002b4c    0x24  printf.o [3]
  .text               ro code  0x08002b70    0x1a  stm32l0xx_hal.o [1]
  .text               ro code  0x08002b8a     0x2  startup_stm32l051xx.o [1]
  .text               ro code  0x08002b8c   0x3e8  User_ClockDriver.o [1]
  .text               ro code  0x08002f74   0x9bc  stm32l0xx_hal_rcc.o [1]
  .text               ro code  0x08003930   0x42c  stm32l0xx_hal_rcc_ex.o [1]
  .text               ro code  0x08003d5c    0xe0  I32DivModFast.o [5]
  .text               ro code  0x08003e3c   0x156  stm32l0xx_hal_cortex.o [1]
  .text               ro code  0x08003f92     0x2  startup_stm32l051xx.o [1]
  .text               ro code  0x08003f94   0x3a8  stm32l0xx_hal_gpio.o [1]
  .text               ro code  0x0800433c   0xae4  nb.o [1]
  .text               ro code  0x08004e20    0x48  stm32l0xx_hal_pwr.o [1]
  .text               ro code  0x08004e68    0x5c  ABImemcpy.o [5]
  .text               ro code  0x08004ec4   0x2dc  gps.o [1]
  .text               ro code  0x080051a0    0x2c  strncmp.o [3]
  .text               ro code  0x080051cc    0x50  strtok.o [3]
  .text               ro code  0x0800521c    0x10  strlen.o [5]
  .text               ro code  0x0800522c   0x296  tools.o [1]
  .text               ro code  0x080054c2    0x10  main.o [1]
  .text               ro code  0x080054d2     0x2  startup_stm32l051xx.o [1]
  .text               ro code  0x080054d4   0xd1c  stm32l0xx_hal_uart.o [1]
  .text               ro code  0x080061f0    0x24  stm32l0xx_hal_pwr_ex.o [1]
  .text               ro code  0x08006214   0x1f8  stm32l0xx_hal_rtc_ex.o [1]
  .text               ro code  0x0800640c   0x4a4  stm32l0xx_hal_tim.o [1]
  .text               ro code  0x080068b0   0x4f8  stm32l0xx_hal_adc.o [1]
  .text               ro code  0x08006da8    0x54  ABImemset.o [5]
  .text               ro code  0x08006dfc    0x28  stm32l0xx_hal.o [1]
  .text               ro code  0x08006e24    0x4c  stm32l0xx_hal_msp.o [1]
  .text               ro code  0x08006e70   0x89c  stm32l0xx_hal_dma.o [1]
  .text               ro code  0x0800770c    0x5c  stm32l0xx_hal_tim_ex.o [1]
  .text               ro code  0x08007768    0xfc  stm32l0xx_hal_rtc.o [1]
  .text               ro code  0x08007864  0x12b2  xprintffull.o [3]
  .text               ro code  0x08008b16     0x2  startup_stm32l051xx.o [1]
  .text               ro code  0x08008b18     0xc  stm32l0xx_hal.o [1]
  .text               ro code  0x08008b24  0x16b8  dlmalloc.o [3]
  .text               ro code  0x0800a1dc     0x2  IntDivZer.o [5]
  .text               ro code  0x0800a1de     0xc  atoi.o [3]
  .text               ro code  0x0800a1ea     0x2  xtls.o [3]
  .text               ro code  0x0800a1ec    0x24  strspn.o [3]
  .text               ro code  0x0800a210    0x24  strcspn.o [3]
  .text               ro code  0x0800a234     0x8  exit.o [3]
  .text               ro code  0x0800a23c    0x10  strcpy.o [5]
  .text               ro code  0x0800a24c    0x1c  strcat.o [3]
  .text               ro code  0x0800a268    0x38  strstr.o [3]
  .text               ro code  0x0800a2a0     0x2  stm32l0xx_hal_uart.o [1]
  .text               ro code  0x0800a2a2     0x2  startup_stm32l051xx.o [1]
  .text               ro code  0x0800a2a4     0x2  stm32l0xx_hal_uart_ex.o [1]
  .text               ro code  0x0800a2a6     0x2  startup_stm32l051xx.o [1]
  .text               ro code  0x0800a2a8    0x32  I64Mul.o [5]
  .text               ro code  0x0800a2da    0x6a  I64DivMod.o [5]
  .text               ro code  0x0800a344     0x2  stm32l0xx_hal_uart.o [1]
  .text               ro code  0x0800a346     0x2  stm32l0xx_hal_uart.o [1]
  .text               ro code  0x0800a348     0x2  stm32l0xx_hal_tim.o [1]
  .text               ro code  0x0800a34a     0x2  stm32l0xx_hal_tim.o [1]
  .text               ro code  0x0800a34c     0x2  stm32l0xx_hal_tim.o [1]
  .text               ro code  0x0800a34e     0x2  stm32l0xx_hal_tim.o [1]
  .text               ro code  0x0800a350     0x2  stm32l0xx_hal_tim.o [1]
  .text               ro code  0x0800a352    0x1c  xmbtowc.o [3]
  .text               ro code  0x0800a36e    0x14  strchr.o [5]
  .text               ro code  0x0800a382    0x18  memchr.o [5]
  .text               ro code  0x0800a39a     0xa  xmbcurmax.o [3]
  .text               ro code  0x0800a3a4    0x18  xwctomb.o [3]
  .text               ro code  0x0800a3bc    0x32  DblCmpLe.o [4]
  .text               ro code  0x0800a3ee    0x32  DblCmpGe.o [4]
  .text               ro code  0x0800a420    0x80  xdscale.o [4]
  .text               ro code  0x0800a4a0    0x52  DblToI32.o [4]
  .text               ro code  0x0800a4f2     0x2  startup_stm32l051xx.o [1]
  .text               ro code  0x0800a4f4    0x34  I32ToDbl.o [4]
  .text               ro code  0x0800a528   0x1a8  DblAddSub.o [4]
  .text               ro code  0x0800a6d0   0x184  DblMul.o [4]
  .text               ro code  0x0800a854    0xc2  DblDiv.o [4]
  .text               ro code  0x0800a916     0x2  startup_stm32l051xx.o [1]
  .text               ro code  0x0800a918    0x68  localeconv.o [3]
  .text               ro code  0x0800a980    0x20  div.o [3]
  .text               ro code  0x0800a9a0     0xa  abort.o [3]
  .text               ro code  0x0800a9aa     0x2  startup_stm32l051xx.o [1]
  .text               ro code  0x0800a9ac    0x2c  xgetmemchunk.o [3]
  .text               ro code  0x0800a9d8   0x17c  xstoul.o [3]
  .text               ro code  0x0800ab54     0xa  cexit.o [5]
  .text               ro code  0x0800ab5e     0x2  startup_stm32l051xx.o [1]
  .text               ro code  0x0800ab60     0x2  I64DivZer.o [5]
  .text               ro code  0x0800ab62     0x2  startup_stm32l051xx.o [1]
  .text               ro code  0x0800ab64    0x24  setlocale.o [3]
  .text               ro code  0x0800ab88    0x50  xencoding_sb.o [3]
  .text               ro code  0x0800abd8    0x14  exit.o [6]
  .text               ro code  0x0800abec    0x12  isxxx.o [3]
  .text               ro code  0x0800abfe    0x12  tolower.o [3]
  .text               ro code  0x0800ac10    0x10  errno.o [3]
  .text               ro code  0x0800ac20    0x14  xlocale_c.o [3]
  .text               ro code  0x0800ac34     0xc  xlocale_c.o [3]
  .text               ro code  0x0800ac40    0xec  stm32l0xx_it.o [1]
  .text               ro code  0x0800ad2c    0x10  stm32l0xx_hal.o [1]
  .text               ro code  0x0800ad3c    0x80  system_stm32l0xx.o [1]
  .rodata             const    0x0800adbc    0x3c  adc.o [1]
  .rodata             const    0x0800adf8    0x3c  main.o [1]
  .rodata             const    0x0800ae34    0x3c  rtc.o [1]
  .rodata             const    0x0800ae70    0x3c  tim.o [1]
  .rodata             const    0x0800aeac    0x3c  usart.o [1]
  .text               ro code  0x0800aee8    0x3c  zero_init3.o [5]
  .text               ro code  0x0800af24    0x3c  packbits_init_single.o [5]
  .rodata             const    0x0800af60    0x28  xprintffull.o [3]
  .text               ro code  0x0800af88    0x28  data_init.o [5]
  .iar.init_table     const    0x0800afb0    0x20  - Linker created -
  .text               ro code  0x0800afd0    0x1a  cmain.o [5]
  .text               ro code  0x0800afea     0x4  low_level_init.o [3]
  .text               ro code  0x0800afee    0x16  xprout.o [3]
  .text               ro code  0x0800b004    0x10  putchar.o [3]
  .rodata             const    0x0800b014    0x14  main.o [1]
  .rodata             const    0x0800b028    0x14  main.o [1]
  .rodata             const    0x0800b03c    0x14  nb.o [1]
  .rodata             const    0x0800b050    0x10  main.o [1]
  .rodata             const    0x0800b060    0x10  main.o [1]
  .rodata             const    0x0800b070    0x10  main.o [1]
  .rodata             const    0x0800b080    0x10  main.o [1]
  .rodata             const    0x0800b090    0x10  main.o [1]
  .rodata             const    0x0800b0a0    0x10  main.o [1]
  .rodata             const    0x0800b0b0    0x10  main.o [1]
  .rodata             const    0x0800b0c0    0x10  main.o [1]
  .rodata             const    0x0800b0d0    0x10  main.o [1]
  .rodata             const    0x0800b0e0    0x10  main.o [1]
  .rodata             const    0x0800b0f0    0x10  main.o [1]
  .rodata             const    0x0800b100    0x10  main.o [1]
  .rodata             const    0x0800b110    0x10  main.o [1]
  .rodata             const    0x0800b120    0x10  main.o [1]
  .rodata             const    0x0800b130    0x10  main.o [1]
  .rodata             const    0x0800b140    0x10  main.o [1]
  .rodata             const    0x0800b150    0x10  nb.o [1]
  .rodata             const    0x0800b160    0x10  nb.o [1]
  .rodata             const    0x0800b170    0x10  nb.o [1]
  .rodata             const    0x0800b180    0x10  system_stm32l0xx.o [1]
  .text               ro code  0x0800b190    0x10  startup_stm32l051xx.o [1]
  .rodata             const    0x0800b1a0     0xc  gps.o [1]
  .rodata             const    0x0800b1ac     0xc  gps.o [1]
  .rodata             const    0x0800b1b8     0xc  main.o [1]
  .rodata             const    0x0800b1c4     0xc  main.o [1]
  .rodata             const    0x0800b1d0     0xc  main.o [1]
  .rodata             const    0x0800b1dc     0xc  main.o [1]
  .rodata             const    0x0800b1e8     0xc  main.o [1]
  .rodata             const    0x0800b1f4     0xc  main.o [1]
  .rodata             const    0x0800b200     0xc  main.o [1]
  .rodata             const    0x0800b20c     0xc  main.o [1]
  .rodata             const    0x0800b218     0xc  main.o [1]
  .rodata             const    0x0800b224     0xc  main.o [1]
  .rodata             const    0x0800b230     0xc  main.o [1]
  .rodata             const    0x0800b23c     0xc  main.o [1]
  .rodata             const    0x0800b248     0xc  main.o [1]
  .rodata             const    0x0800b254     0xc  main.o [1]
  .rodata             const    0x0800b260     0xc  main.o [1]
  .rodata             const    0x0800b26c     0xc  main.o [1]
  .rodata             const    0x0800b278     0xc  main.o [1]
  .rodata             const    0x0800b284     0xc  main.o [1]
  .rodata             const    0x0800b290     0xc  main.o [1]
  .rodata             const    0x0800b29c     0xc  main.o [1]
  .rodata             const    0x0800b2a8     0xc  main.o [1]
  .rodata             const    0x0800b2b4     0xc  main.o [1]
  .rodata             const    0x0800b2c0     0xc  main.o [1]
  .rodata             const    0x0800b2cc     0xc  main.o [1]
  .rodata             const    0x0800b2d8     0xc  main.o [1]
  .rodata             const    0x0800b2e4     0xc  main.o [1]
  .rodata             const    0x0800b2f0     0xc  main.o [1]
  .rodata             const    0x0800b2fc     0xc  main.o [1]
  .rodata             const    0x0800b308     0xc  nb.o [1]
  .rodata             const    0x0800b314     0xc  nb.o [1]
  .rodata             const    0x0800b320     0xc  nb.o [1]
  .rodata             const    0x0800b32c     0xc  nb.o [1]
  .rodata             const    0x0800b338     0xc  nb.o [1]
  .rodata             const    0x0800b344     0xc  system_stm32l0xx.o [1]
  .text               ro code  0x0800b350     0xc  cstartup_M.o [5]
  .rodata             const    0x0800b35c     0x8  gps.o [1]
  .rodata             const    0x0800b364     0x8  main.o [1]
  .rodata             const    0x0800b36c     0x8  main.o [1]
  .rodata             const    0x0800b374     0x8  main.o [1]
  .rodata             const    0x0800b37c     0x8  main.o [1]
  .rodata             const    0x0800b384     0x8  main.o [1]
  .rodata             const    0x0800b38c     0x8  main.o [1]
  .rodata             const    0x0800b394     0x8  main.o [1]
  .rodata             const    0x0800b39c     0x8  main.o [1]
  .rodata             const    0x0800b3a4     0x8  main.o [1]
  .rodata             const    0x0800b3ac     0x8  main.o [1]
  .rodata             const    0x0800b3b4     0x8  main.o [1]
  .rodata             const    0x0800b3bc     0x8  main.o [1]
  .rodata             const    0x0800b3c4     0x8  main.o [1]
  .rodata             const    0x0800b3cc     0x8  main.o [1]
  .rodata             const    0x0800b3d4     0x8  main.o [1]
  .rodata             const    0x0800b3dc     0x8  main.o [1]
  .rodata             const    0x0800b3e4     0x8  main.o [1]
  .rodata             const    0x0800b3ec     0x8  nb.o [1]
  .rodata             const    0x0800b3f4     0x8  nb.o [1]
  .rodata             const    0x0800b3fc     0x8  nb.o [1]
  .rodata             const    0x0800b404     0x8  nb.o [1]
  .rodata             const    0x0800b40c     0x8  nb.o [1]
  .rodata             const    0x0800b414     0x8  nb.o [1]
  .rodata             const    0x0800b41c     0x8  nb.o [1]
  .rodata             const    0x0800b424     0x8  nb.o [1]
  .rodata             const    0x0800b42c     0x8  nb.o [1]
  .rodata             const    0x0800b434     0x8  nb.o [1]
  .rodata             const    0x0800b43c     0x8  nb.o [1]
  .rodata             const    0x0800b444     0x8  nb.o [1]
  .rodata             const    0x0800b44c     0x8  nb.o [1]
  .rodata             const    0x0800b454     0x8  nb.o [1]
  .rodata             const    0x0800b45c     0x8  nb.o [1]
  .rodata             const    0x0800b464     0x8  nb.o [1]
  .rodata             const    0x0800b46c     0x8  nb.o [1]
  .rodata             const    0x0800b474     0x8  nb.o [1]
  .rodata             const    0x0800b47c     0x8  nb.o [1]
  .rodata             const    0x0800b484     0x8  system_stm32l0xx.o [1]
  .text               ro code  0x0800b48c     0x2  startup_stm32l051xx.o [1]
  .text               ro code  0x0800b48e     0x2  startup_stm32l051xx.o [1]
  .rodata             const    0x0800b490     0x0  zero_init3.o [5]
  .rodata             const    0x0800b490     0x0  packbits_init_single.o [5]
  Initializer bytes   const    0x0800b490    0x6f  <for P2-1>
                             - 0x0800b4ff  0xb43f

"P2", part 1 of 3:                          0x186
  P2-1                         0x20000000   0x186  <Init block>
    .data             inited   0x20000000    0x14  adc.o [1]
    .data             inited   0x20000014     0x4  main.o [1]
    .data             inited   0x20000018    0x1c  main.o [1]
    .data             inited   0x20000034     0x4  system_stm32l0xx.o [1]
    .data             inited   0x20000038     0x4  User_ClockDriver.o [1]
    .data             inited   0x2000003c    0x40  xfiles.o [3]
    __DLIB_PERTHREAD  inited   0x2000007c     0x4  strtok.o [3]
    __DLIB_PERTHREAD  inited   0x20000080    0x88  localeconv.o [3]
    __DLIB_PERTHREAD  inited   0x20000108     0x4  errno.o [3]
    __DLIB_PERTHREAD  inited   0x2000010c    0x74  setlocale.o [3]
    .data             inited   0x20000180     0x1  main.o [1]
    .data             inited   0x20000181     0x1  main.o [1]
    .data             inited   0x20000182     0x1  main.o [1]
    .data             inited   0x20000183     0x1  main.o [1]
    .data             inited   0x20000184     0x1  nb.o [1]
    .data             inited   0x20000185     0x1  nb.o [1]
                             - 0x20000186   0x186

"P2", part 2 of 3:                          0xc00
  CSTACK                       0x20000188   0x400  <Block>
    CSTACK            uninit   0x20000188   0x400  <Block tail>
  HEAP                         0x20000588   0x800  <Block>
    HEAP              uninit   0x20000588   0x800  <Block tail>
                             - 0x20000d88   0xc00

"P2", part 3 of 3:                          0xc7c
  .bss                zero     0x20000d88   0x204  usart.o [1]
  .bss                zero     0x20000f8c   0x200  tools.o [1]
  .bss                zero     0x2000118c   0x1d8  dlmalloc.o [3]
  .bss                zero     0x20001364    0xac  gps.o [1]
  .bss                zero     0x20001410    0x70  usart.o [1]
  .bss                zero     0x20001480    0x70  usart.o [1]
  .bss                zero     0x200014f0    0x70  usart.o [1]
  .bss                zero     0x20001560    0x60  adc.o [1]
  .bss                zero     0x200015c0    0x50  xfiles.o [3]
  .bss                zero     0x20001610    0x40  usart.o [1]
  .bss                zero     0x20001650    0x40  usart.o [1]
  .bss                zero     0x20001690    0x40  usart.o [1]
  .bss                zero     0x200016d0    0x40  usart.o [1]
  .bss                zero     0x20001710    0x40  usart.o [1]
  .bss                zero     0x20001750    0x40  usart.o [1]
  .bss                zero     0x20001790    0x38  tim.o [1]
  .bss                zero     0x200017c8    0x38  tim.o [1]
  .bss                zero     0x20001800    0x38  tim.o [1]
  .bss                zero     0x20001838    0x24  rtc.o [1]
  .bss                zero     0x2000185c    0x20  nb.o [1]
  .bss                zero     0x2000187c    0x18  nb.o [1]
  .bss                zero     0x20001894    0x18  dlmalloc.o [3]
  .bss                zero     0x200018ac    0x10  gps.o [1]
  .bss                zero     0x200018bc    0x10  gps.o [1]
  .bss                zero     0x200018cc    0x10  nb.o [1]
  .bss                zero     0x200018dc     0xc  main.o [1]
  .bss                zero     0x200018e8     0xc  main.o [1]
  .bss                zero     0x200018f4     0xc  main.o [1]
  .bss                zero     0x20001900     0xc  main.o [1]
  .bss                zero     0x2000190c     0xc  main.o [1]
  .bss                zero     0x20001918     0xc  main.o [1]
  .bss                zero     0x20001924     0xc  main.o [1]
  .bss                zero     0x20001930     0xc  main.o [1]
  .bss                zero     0x2000193c     0xc  main.o [1]
  .bss                zero     0x20001948     0xc  main.o [1]
  .bss                zero     0x20001954     0xc  main.o [1]
  .bss                zero     0x20001960     0xc  nb.o [1]
  .bss                zero     0x2000196c     0xc  nb.o [1]
  .bss                zero     0x20001978     0xc  nb.o [1]
  .bss                zero     0x20001984     0xc  nb.o [1]
  .bss                zero     0x20001990     0xc  nb.o [1]
  .bss                zero     0x2000199c     0x8  nb.o [1]
  .bss                zero     0x200019a4     0x4  main.o [1]
  .bss                zero     0x200019a8     0x4  main.o [1]
  .bss                zero     0x200019ac     0x4  main.o [1]
  .bss                zero     0x200019b0     0x4  main.o [1]
  .bss                zero     0x200019b4     0x4  nb.o [1]
  .bss                zero     0x200019b8     0x4  stm32l0xx_hal.o [1]
  .bss                zero     0x200019bc     0x4  User_ClockDriver.o [1]
  .bss                zero     0x200019c0     0x4  User_ClockDriver.o [1]
  .bss                zero     0x200019c4     0x4  User_ClockDriver.o [1]
  .bss                zero     0x200019c8     0x4  User_ClockDriver.o [1]
  .bss                zero     0x200019cc     0x4  xgetmemchunk.o [3]
  .bss                zero     0x200019d0     0x2  main.o [1]
  .bss                zero     0x200019d2     0x2  main.o [1]
  .bss                zero     0x200019d4     0x2  main.o [1]
  .bss                zero     0x200019d6     0x2  main.o [1]
  .bss                zero     0x200019d8     0x2  main.o [1]
  .bss                zero     0x200019da     0x2  main.o [1]
  .bss                zero     0x200019dc     0x2  nb.o [1]
  .bss                zero     0x200019de     0x1  main.o [1]
  .bss                zero     0x200019df     0x1  main.o [1]
  .bss                zero     0x200019e0     0x1  main.o [1]
  .bss                zero     0x200019e1     0x1  main.o [1]
  .bss                zero     0x200019e2     0x1  main.o [1]
  .bss                zero     0x200019e3     0x1  main.o [1]
  .bss                zero     0x200019e4     0x1  main.o [1]
  .bss                zero     0x200019e5     0x1  main.o [1]
  .bss                zero     0x200019e6     0x1  main.o [1]
  .bss                zero     0x200019e7     0x1  main.o [1]
  .bss                zero     0x200019e8     0x1  main.o [1]
  .bss                zero     0x200019e9     0x1  main.o [1]
  .bss                zero     0x200019ea     0x1  main.o [1]
  .bss                zero     0x200019eb     0x1  main.o [1]
  .bss                zero     0x200019ec     0x1  main.o [1]
  .bss                zero     0x200019ed     0x1  main.o [1]
  .bss                zero     0x200019ee     0x1  main.o [1]
  .bss                zero     0x200019ef     0x1  main.o [1]
  .bss                zero     0x200019f0     0x1  main.o [1]
  .bss                zero     0x200019f1     0x1  main.o [1]
  .bss                zero     0x200019f2     0x1  main.o [1]
  .bss                zero     0x200019f3     0x1  main.o [1]
  .bss                zero     0x200019f4     0x1  main.o [1]
  .bss                zero     0x200019f5     0x1  main.o [1]
  .bss                zero     0x200019f6     0x1  main.o [1]
  .bss                zero     0x200019f7     0x1  nb.o [1]
  .bss                zero     0x200019f8     0x1  nb.o [1]
  .bss                zero     0x200019f9     0x1  nb.o [1]
  .bss                zero     0x200019fa     0x1  nb.o [1]
  .bss                zero     0x200019fb     0x1  nb.o [1]
  .bss                zero     0x200019fc     0x1  nb.o [1]
  .bss                zero     0x200019fd     0x1  nb.o [1]
  .bss                zero     0x200019fe     0x1  nb.o [1]
  .bss                zero     0x200019ff     0x1  nb.o [1]
  .bss                zero     0x20001a00     0x1  nb.o [1]
                             - 0x20001a01   0xc79


*******************************************************************************
*** INIT TABLE
***

          Address     Size
          -------     ----
Zero (__iar_zero_init3)
    1 destination range, total size 0xc79:
          0x20000d88  0xc79

Copy/packbits (__iar_packbits_init_single3)
    1 source range, total size 0x6f (28% of destination):
          0x0800b490   0x6f
    1 destination range, total size 0x186:
          0x20000000  0x186



*******************************************************************************
*** MODULE SUMMARY
***

    Module                   ro code  ro data  rw data
    ------                   -------  -------  -------
D:\TELUS\LIERDA_PROGRAM\Locator_L051T8_TestKey\EWARM\HK_L051T8\Obj: [1]
    User_ClockDriver.o         1 000        2       20
    adc.o                        428       65      116
    dma.o                         68
    gpio.o                       248
    gps.o                        732       32      204
    main.o                     7 968      838      221
    nb.o                       2 788      281      158
    rtc.o                        132       60       36
    startup_stm32l051xx.o        234
    stm32l0xx_hal.o              126                 4
    stm32l0xx_hal_adc.o        1 272
    stm32l0xx_hal_cortex.o       342
    stm32l0xx_hal_dma.o        2 204
    stm32l0xx_hal_gpio.o         936
    stm32l0xx_hal_msp.o           76
    stm32l0xx_hal_pwr.o           72
    stm32l0xx_hal_pwr_ex.o        36
    stm32l0xx_hal_rcc.o        2 492
    stm32l0xx_hal_rcc_ex.o     1 068
    stm32l0xx_hal_rtc.o          252
    stm32l0xx_hal_rtc_ex.o       504
    stm32l0xx_hal_tim.o        1 198
    stm32l0xx_hal_tim_ex.o        92
    stm32l0xx_hal_uart.o       3 362
    stm32l0xx_hal_uart_ex.o        2
    stm32l0xx_it.o               236
    system_stm32l0xx.o           128       37        4
    tim.o                        584       60      168
    tools.o                      662               512
    usart.o                    1 448       60    1 236
    --------------------------------------------------
    Total:                    30 690    1 435    2 679

command line: [2]
    --------------------------------------------------
    Total:

dl6M_tlf.a: [3]
    abort.o                       10
    atoi.o                        12
    div.o                         32
    dlmalloc.o                 5 816               496
    errno.o                       16        1        4
    exit.o                         8
    isxxx.o                       18
    localeconv.o                 104       39      136
    low_level_init.o               4
    printf.o                      36
    putchar.o                     16
    setlocale.o                   36       33      116
    strcat.o                      28
    strcspn.o                     36
    strncmp.o                     44
    strspn.o                      36
    strstr.o                      56
    strtok.o                      80        1        4
    tolower.o                     18
    xencoding_sb.o                80
    xfiles.o                               18      144
    xgetmemchunk.o                44                 4
    xlocale_c.o                   32
    xmbcurmax.o                   10
    xmbtowc.o                     28
    xprintffull.o              4 786       40
    xprout.o                      22
    xstoul.o                     380
    xtls.o                         2
    xwctomb.o                     24
    --------------------------------------------------
    Total:                    11 814      132      904

m6M_tl.a: [4]
    DblAddSub.o                  424
    DblCmpGe.o                    50
    DblCmpLe.o                    50
    DblDiv.o                     194
    DblMul.o                     388
    DblToI32.o                    82
    I32ToDbl.o                    52
    xdscale.o                    128
    --------------------------------------------------
    Total:                     1 368

rt6M_tl.a: [5]
    ABImemcpy.o                   92
    ABImemset.o                   84
    I32DivModFast.o              224
    I64DivMod.o                  106
    I64DivZer.o                    2
    I64Mul.o                      50
    IntDivZer.o                    2
    cexit.o                       10
    cmain.o                       26
    cstartup_M.o                  12
    data_init.o                   40
    memchr.o                      24
    packbits_init_single.o        60
    strchr.o                      20
    strcpy.o                      16
    strlen.o                      16
    zero_init3.o                  60
    --------------------------------------------------
    Total:                       844

shb_l.a: [6]
    exit.o                        20
    --------------------------------------------------
    Total:                        20

    Linker created                         32    3 072
------------------------------------------------------
    Grand Total:              44 736    1 599    6 655


*******************************************************************************
*** ENTRY LIST
***

Entry                      Address   Size  Type      Object
-----                      -------   ----  ----      ------
.iar.init_table$$Base   0x0800afb0          --   Gb  - Linker created -
.iar.init_table$$Limit  0x0800afd0          --   Gb  - Linker created -
?main                   0x0800afd1         Code  Gb  cmain.o [5]
ADCConverclock          0x20001900    0xc  Data  Gb  main.o [1]
ADCTimerCb              0x080008d1    0x2  Code  Gb  main.o [1]
ADC_DelayMicroSecond    0x08006d79   0x22  Code  Lc  stm32l0xx_hal_adc.o [1]
ADC_Enable              0x08006ce1   0x86  Code  Lc  stm32l0xx_hal_adc.o [1]
AD_Value                0x200019d8    0x2  Data  Gb  main.o [1]
AHBPrescTable           0x0800b180   0x10  Data  Gb  system_stm32l0xx.o [1]
APBPrescTable           0x0800b484    0x8  Data  Gb  system_stm32l0xx.o [1]
APPUnbindclock          0x20001930    0xc  Data  Gb  main.o [1]
ATTimeoutCb             0x08000fd5   0xde  Code  Gb  main.o [1]
ATTimeoutclock          0x2000190c    0xc  Data  Gb  main.o [1]
AT_Retry_Num            0x200019eb    0x1  Data  Gb  main.o [1]
ActivedTimerNum         0x08002f3d   0x22  Code  Lc  User_ClockDriver.o [1]
AntiShakeTimerStartFlag
                        0x200019df    0x1  Data  Gb  main.o [1]
BatValueConvert         0x08002203   0xb8  Code  Gb  adc.o [1]
Bat_Level               0x20000183    0x1  Data  Gb  main.o [1]
Bat_Value               0x200019d0    0x2  Data  Gb  main.o [1]
Battery_Votege_Level_Normal
                        0x20000000   0x14  Data  Gb  adc.o [1]
BoardCloseCb            0x08000b69    0x8  Code  Gb  main.o [1]
BoardCloseTimeoutclock  0x20001960    0xc  Data  Gb  nb.o [1]
BoardSleep              0x0800180d   0x26  Code  Gb  main.o [1]
BoardStart              0x200019e8    0x1  Data  Gb  main.o [1]
CSTACK$$Base            0x20000188          --   Gb  - Linker created -
CSTACK$$Limit           0x20000588          --   Gb  - Linker created -
Close_GPS               0x08004ed7   0x12  Code  Gb  gps.o [1]
Close_NB                0x0800434b    0xe  Code  Gb  nb.o [1]
ConfigRMC               0x20000018   0x1c  Data  Lc  main.o [1]
DMA1_Channel2_3_IRQHandler
                        0x0800ac83   0x10  Code  Gb  stm32l0xx_it.o [1]
DMA1_Channel4_5_6_7_IRQHandler
                        0x0800ac93   0x1c  Code  Gb  stm32l0xx_it.o [1]
DMA_SetConfig           0x080076ed   0x20  Code  Lc  stm32l0xx_hal_dma.o [1]
DataRspTimerCb          0x080008d3  0x110  Code  Gb  main.o [1]
DataRspclock            0x20001978    0xc  Data  Gb  nb.o [1]
DataUpFlag              0x200019fb    0x1  Data  Gb  nb.o [1]
DeviceRegistCb          0x08000b71   0x7c  Code  Gb  main.o [1]
DeviceRegistclock       0x20001990    0xc  Data  Gb  nb.o [1]
Device_Close_GPS        0x08001f2b   0x14  Code  Gb  main.o [1]
Device_Confirm_Report   0x080048e9  0x102  Code  Gb  nb.o [1]
Device_Open_GPS         0x08001ed5   0x56  Code  Gb  main.o [1]
Device_Open_NB          0x08001e91   0x22  Code  Gb  main.o [1]
EXTI0_1_IRQHandler      0x0800ac61    0xa  Code  Gb  stm32l0xx_it.o [1]
EXTI4_15_IRQHandler     0x0800ac6b   0x18  Code  Gb  stm32l0xx_it.o [1]
EvenPressCb             0x08001c35   0x54  Code  Gb  main.o [1]
EvenPressFlag           0x200019e4    0x1  Data  Gb  main.o [1]
EvenPressTimerStartFlag
                        0x200019e1    0x1  Data  Gb  main.o [1]
EvenPressclock          0x2000193c    0xc  Data  Gb  main.o [1]
ExtraDataupFlag         0x200019ef    0x1  Data  Gb  main.o [1]
ExtraDataupLEDFlag      0x200019f0    0x1  Data  Gb  main.o [1]
ExtraDataupPreMode      0x200019f2    0x1  Data  Gb  main.o [1]
ExtraDataupTimerFlag    0x200019f1    0x1  Data  Gb  main.o [1]
Form_AT_Head            0x080049f1   0xca  Code  Gb  nb.o [1]
FoundListTail           0x08002c93   0x1c  Code  Lc  User_ClockDriver.o [1]
GPSInfoProcess          0x08000a0d   0x96  Code  Gb  main.o [1]
GPSKeepCb               0x08001ca5   0x62  Code  Gb  main.o [1]
GPSKeepCounter          0x200019b0    0x4  Data  Gb  main.o [1]
GPSKeepTimeoutFlag      0x200019e3    0x1  Data  Gb  main.o [1]
GPSKeepTimerStartFlag   0x200019e2    0x1  Data  Gb  main.o [1]
GPSKeepclock            0x20001948    0xc  Data  Gb  main.o [1]
GPSRMCCb                0x08001d07   0x14  Code  Gb  main.o [1]
GPSRMCCounter           0x200019f6    0x1  Data  Gb  main.o [1]
GPSRMCclock             0x20001954    0xc  Data  Gb  main.o [1]
GPSSerchTimerStartFlag  0x200019e0    0x1  Data  Gb  main.o [1]
GPSTimeOutclock         0x200018f4    0xc  Data  Gb  main.o [1]
GPS_Info                0x20001364   0xac  Data  Gb  gps.o [1]
GPS_Info_Delete         0x08004f37   0x14  Code  Gb  gps.o [1]
GPS_Info_Store          0x08004ee9   0x4e  Code  Gb  gps.o [1]
GPS_Rx_Data_process     0x08004f4b  0x228  Code  Gb  gps.o [1]
GPS_SerchTimeoutCb      0x08000ab5   0x80  Code  Gb  main.o [1]
GPS_TO_NB_Data          0x200019a8    0x4  Data  Gb  main.o [1]
GPS_TO_NB_TimeOut_Data  0x200018bc   0x10  Data  Gb  gps.o [1]
HAL_ADC_ConfigChannel   0x08006c23   0xb8  Code  Gb  stm32l0xx_hal_adc.o [1]
HAL_ADC_GetState        0x08006cdd    0x4  Code  Gb  stm32l0xx_hal_adc.o [1]
HAL_ADC_GetValue        0x08006c1d    0x6  Code  Gb  stm32l0xx_hal_adc.o [1]
HAL_ADC_Init            0x080068b1  0x20c  Code  Gb  stm32l0xx_hal_adc.o [1]
HAL_ADC_MspInit         0x080021cd   0x36  Code  Gb  adc.o [1]
HAL_ADC_PollForConversion
                        0x08006b3d   0xd4  Code  Gb  stm32l0xx_hal_adc.o [1]
HAL_ADC_Start           0x08006abd   0x6a  Code  Gb  stm32l0xx_hal_adc.o [1]
HAL_DMA_Abort           0x080072cf   0x54  Code  Gb  stm32l0xx_hal_dma.o [1]
HAL_DMA_Abort_IT        0x08007323   0xa6  Code  Gb  stm32l0xx_hal_dma.o [1]
HAL_DMA_DeInit          0x08006ffd  0x248  Code  Gb  stm32l0xx_hal_dma.o [1]
HAL_DMA_IRQHandler      0x08007409  0x2d0  Code  Gb  stm32l0xx_hal_dma.o [1]
HAL_DMA_Init            0x08006e71  0x152  Code  Gb  stm32l0xx_hal_dma.o [1]
HAL_DMA_Start_IT        0x08007261   0x6e  Code  Gb  stm32l0xx_hal_dma.o [1]
HAL_Delay               0x08002b71   0x1a  Code  Wk  stm32l0xx_hal.o [1]
HAL_GPIO_DeInit         0x08004167  0x14e  Code  Gb  stm32l0xx_hal_gpio.o [1]
HAL_GPIO_EXTI_Callback  0x08000545    0xe  Code  Gb  main.o [1]
HAL_GPIO_EXTI_IRQHandler
                        0x080042ef   0x20  Code  Gb  stm32l0xx_hal_gpio.o [1]
HAL_GPIO_Init           0x08003f95  0x1d2  Code  Gb  stm32l0xx_hal_gpio.o [1]
HAL_GPIO_ReadPin        0x080042b5   0x1c  Code  Gb  stm32l0xx_hal_gpio.o [1]
HAL_GPIO_TogglePin      0x080042e5    0xa  Code  Gb  stm32l0xx_hal_gpio.o [1]
HAL_GPIO_WritePin       0x080042d1   0x14  Code  Gb  stm32l0xx_hal_gpio.o [1]
HAL_GetTick             0x08008b19    0xc  Code  Wk  stm32l0xx_hal.o [1]
HAL_IncTick             0x0800ad2d   0x10  Code  Wk  stm32l0xx_hal.o [1]
HAL_Init                0x08001fd1   0x1c  Code  Gb  stm32l0xx_hal.o [1]
HAL_InitTick            0x08006dfd   0x28  Code  Wk  stm32l0xx_hal.o [1]
HAL_MspInit             0x08006e25   0x4c  Code  Gb  stm32l0xx_hal_msp.o [1]
HAL_NVIC_DisableIRQ     0x08003f31    0xe  Code  Gb  stm32l0xx_hal_cortex.o [1]
HAL_NVIC_EnableIRQ      0x08003f23    0xe  Code  Gb  stm32l0xx_hal_cortex.o [1]
HAL_NVIC_SetPriority    0x08003f0f   0x14  Code  Gb  stm32l0xx_hal_cortex.o [1]
HAL_PWREx_EnableFastWakeUp
                        0x080061f1   0x10  Code  Gb  stm32l0xx_hal_pwr_ex.o [1]
HAL_PWREx_EnableUltraLowPower
                        0x08006201   0x10  Code  Gb  stm32l0xx_hal_pwr_ex.o [1]
HAL_PWR_EnterSTOPMode   0x08004e21   0x3e  Code  Gb  stm32l0xx_hal_pwr.o [1]
HAL_RCCEx_GetPeriphCLKFreq
                        0x08003b25  0x20e  Code  Gb  stm32l0xx_hal_rcc_ex.o [1]
HAL_RCCEx_PeriphCLKConfig
                        0x08003931  0x1be  Code  Gb  stm32l0xx_hal_rcc_ex.o [1]
HAL_RCC_ClockConfig     0x080034c9  0x1aa  Code  Gb  stm32l0xx_hal_rcc.o [1]
HAL_RCC_GetHCLKFreq     0x08003749    0x6  Code  Gb  stm32l0xx_hal_rcc.o [1]
HAL_RCC_GetOscConfig    0x0800378d   0xdc  Code  Gb  stm32l0xx_hal_rcc.o [1]
HAL_RCC_GetPCLK1Freq    0x0800374f   0x18  Code  Gb  stm32l0xx_hal_rcc.o [1]
HAL_RCC_GetPCLK2Freq    0x08003767   0x18  Code  Gb  stm32l0xx_hal_rcc.o [1]
HAL_RCC_GetSysClockFreq
                        0x0800368d   0xbc  Code  Gb  stm32l0xx_hal_rcc.o [1]
HAL_RCC_OscConfig       0x08002f75  0x534  Code  Gb  stm32l0xx_hal_rcc.o [1]
HAL_RTCEx_DeactivateWakeUpTimer
                        0x08006331   0x88  Code  Gb  stm32l0xx_hal_rtc_ex.o [1]
HAL_RTCEx_SetWakeUpTimer_IT
                        0x08006215  0x11a  Code  Gb  stm32l0xx_hal_rtc_ex.o [1]
HAL_RTCEx_WakeUpTimerEventCallback
                        0x08001921   0xfa  Code  Gb  main.o [1]
HAL_RTCEx_WakeUpTimerIRQHandler
                        0x080063b9   0x32  Code  Gb  stm32l0xx_hal_rtc_ex.o [1]
HAL_RTC_Init            0x08007769   0xb8  Code  Gb  stm32l0xx_hal_rtc.o [1]
HAL_RTC_MspInit         0x08002b0f   0x2c  Code  Gb  rtc.o [1]
HAL_SYSTICK_CLKSourceConfig
                        0x08003f4b   0x22  Code  Gb  stm32l0xx_hal_cortex.o [1]
HAL_SYSTICK_Callback    0x08003f91    0x2  Code  Wk  stm32l0xx_hal_cortex.o [1]
HAL_SYSTICK_Config      0x08003f3f    0xc  Code  Gb  stm32l0xx_hal_cortex.o [1]
HAL_SYSTICK_IRQHandler  0x08003f6d    0x8  Code  Gb  stm32l0xx_hal_cortex.o [1]
HAL_TIMEx_MasterConfigSynchronization
                        0x0800770d   0x5c  Code  Gb  stm32l0xx_hal_tim_ex.o [1]
HAL_TIM_Base_DeInit     0x08006445   0x38  Code  Gb  stm32l0xx_hal_tim.o [1]
HAL_TIM_Base_Init       0x0800640d   0x38  Code  Gb  stm32l0xx_hal_tim.o [1]
HAL_TIM_Base_MspDeInit  0x08002a47   0x5a  Code  Gb  tim.o [1]
HAL_TIM_Base_MspInit    0x080029cf   0x78  Code  Gb  tim.o [1]
HAL_TIM_Base_Start_IT   0x0800647d   0x1e  Code  Gb  stm32l0xx_hal_tim.o [1]
HAL_TIM_Base_Stop_IT    0x0800649b   0x2c  Code  Gb  stm32l0xx_hal_tim.o [1]
HAL_TIM_ConfigClockSource
                        0x08006663  0x128  Code  Gb  stm32l0xx_hal_tim.o [1]
HAL_TIM_IC_CaptureCallback
                        0x0800a34b    0x2  Code  Wk  stm32l0xx_hal_tim.o [1]
HAL_TIM_IRQHandler      0x0800651d  0x146  Code  Gb  stm32l0xx_hal_tim.o [1]
HAL_TIM_OC_DelayElapsedCallback
                        0x0800a34d    0x2  Code  Wk  stm32l0xx_hal_tim.o [1]
HAL_TIM_OnePulse_Init   0x080064cd   0x50  Code  Gb  stm32l0xx_hal_tim.o [1]
HAL_TIM_OnePulse_MspInit
                        0x0800a349    0x2  Code  Wk  stm32l0xx_hal_tim.o [1]
HAL_TIM_PWM_PulseFinishedCallback
                        0x0800a34f    0x2  Code  Wk  stm32l0xx_hal_tim.o [1]
HAL_TIM_PeriodElapsedCallback
                        0x08000553  0x168  Code  Gb  main.o [1]
HAL_TIM_TriggerCallback
                        0x0800a351    0x2  Code  Wk  stm32l0xx_hal_tim.o [1]
HAL_UARTEx_WakeupCallback
                        0x0800a2a5    0x2  Code  Wk  stm32l0xx_hal_uart_ex.o [1]
HAL_UART_AbortReceive   0x08005819   0x58  Code  Gb  stm32l0xx_hal_uart.o [1]
HAL_UART_DMAStop        0x080057a7   0x64  Code  Gb  stm32l0xx_hal_uart.o [1]
HAL_UART_ErrorCallback  0x0800a2a1    0x2  Code  Wk  stm32l0xx_hal_uart.o [1]
HAL_UART_IRQHandler     0x08005881  0x15c  Code  Gb  stm32l0xx_hal_uart.o [1]
HAL_UART_Init           0x080054d5   0x7e  Code  Gb  stm32l0xx_hal_uart.o [1]
HAL_UART_MspDeInit      0x080026c9   0x9c  Code  Gb  usart.o [1]
HAL_UART_MspInit        0x080023ed  0x2c0  Code  Gb  usart.o [1]
HAL_UART_Receive_DMA    0x080056ef   0xb8  Code  Gb  stm32l0xx_hal_uart.o [1]
HAL_UART_RxCpltCallback
                        0x080017c9   0x12  Code  Gb  main.o [1]
HAL_UART_RxHalfCpltCallback
                        0x0800a347    0x2  Code  Wk  stm32l0xx_hal_uart.o [1]
HAL_UART_Transmit       0x08005559   0xec  Code  Gb  stm32l0xx_hal_uart.o [1]
HAL_UART_Transmit_DMA   0x08005645   0xa8  Code  Gb  stm32l0xx_hal_uart.o [1]
HAL_UART_TxCpltCallback
                        0x080017a9   0x16  Code  Gb  main.o [1]
HAL_UART_TxHalfCpltCallback
                        0x0800a345    0x2  Code  Wk  stm32l0xx_hal_uart.o [1]
HEAP$$Base              0x20000588          --   Gb  - Linker created -
HEAP$$Limit             0x20000d88          --   Gb  - Linker created -
HandelKeyInterrupt      0x08000c19   0xd4  Code  Gb  main.o [1]
Handel_LED              0x08000d0d   0x9a  Code  Gb  main.o [1]
Handel_NB_AT_RSP        0x0800116d  0x4d8  Code  Gb  main.o [1]
Handel_ServerAT_CMD     0x08004ac5   0xac  Code  Gb  nb.o [1]
Handel_ServerData       0x08004b95  0x176  Code  Gb  nb.o [1]
Handel_ServerData_Info_RSP
                        0x08004d15   0xac  Code  Gb  nb.o [1]
HardFault_Handler       0x0800ac43    0x4  Code  Gb  stm32l0xx_it.o [1]
HexToChar               0x080053dd   0x3c  Code  Gb  tools.o [1]
InNetCb                 0x08001bed   0x30  Code  Gb  main.o [1]
InNetTimeoutclock       0x20001984    0xc  Data  Gb  nb.o [1]
IsFound                 0x08002bfd   0x1e  Code  Lc  User_ClockDriver.o [1]
IsFound_Event           0x08002be1   0x1c  Code  Lc  User_ClockDriver.o [1]
KeyAction               0x200019a4    0x4  Data  Gb  main.o [1]
KeyPressTimerCb         0x0800071d  0x10e  Code  Gb  main.o [1]
KeyPressTimerStartFlag  0x200019de    0x1  Data  Gb  main.o [1]
KeyPressclock           0x200018dc    0xc  Data  Gb  main.o [1]
LEDBlinkCb              0x0800084d   0x52  Code  Gb  main.o [1]
LEDBlinkclock           0x200018e8    0xc  Data  Gb  main.o [1]
LEDCb                   0x08000845    0x8  Code  Gb  main.o [1]
LEDProcess              0x08000dc5   0xb2  Code  Gb  main.o [1]
LED_Blink_Count         0x200019e6    0x1  Data  Lc  main.o [1]
LED_Init_Blink_Count    0x200019e5    0x1  Data  Lc  main.o [1]
LED_Init_Blink_Finish   0x200019f9    0x1  Data  Gb  nb.o [1]
LEDclock                0x2000196c    0xc  Data  Gb  nb.o [1]
LPUART1_IRQHandler      0x0800ace7   0x10  Code  Gb  stm32l0xx_it.o [1]
LPUART1_Rx_Disable      0x08001689   0x6c  Code  Gb  main.o [1]
LPUART1_Rx_Enable       0x08001661   0x20  Code  Gb  main.o [1]
LoadInt                 0x08007ed7   0x68  Code  Lc  xprintffull.o [3]
Locator_Data            0x200018cc   0x10  Data  Gb  nb.o [1]
Locator_Data_Report     0x080046e5  0x1f2  Code  Gb  nb.o [1]
Locator_pram            0x2000199c    0x8  Data  Gb  nb.o [1]
MX_ADC_Init             0x0800212d   0xa0  Code  Gb  adc.o [1]
MX_DMA_Init             0x080020e9   0x44  Code  Gb  dma.o [1]
MX_GPIO_Init            0x08001ff1   0xf8  Code  Gb  gpio.o [1]
MX_LPUART1_UART_Init    0x080022d9   0x4e  Code  Gb  usart.o [1]
MX_RTC_Init             0x08002ac9   0x46  Code  Gb  rtc.o [1]
MX_TIM21_Init           0x080028f3   0x6e  Code  Gb  tim.o [1]
MX_TIM22_Init           0x08002961   0x6e  Code  Gb  tim.o [1]
MX_TIM2_Init            0x08002881   0x72  Code  Gb  tim.o [1]
MX_USART1_UART_Init     0x08002327   0x54  Code  Gb  usart.o [1]
MX_USART2_UART_Init     0x0800237b   0x54  Code  Gb  usart.o [1]
Min                     0x08002c1b   0x58  Code  Lc  User_ClockDriver.o [1]
MinusDiff               0x08002c73   0x20  Code  Lc  User_ClockDriver.o [1]
ModeDisplayCb           0x08001b2d   0xac  Code  Gb  main.o [1]
ModeDisplayCount        0x200019ed    0x1  Data  Gb  main.o [1]
ModeDisplayclock        0x20001924    0xc  Data  Gb  main.o [1]
ModeSwitchFlag          0x200019ee    0x1  Data  Gb  main.o [1]
NBTimeOutFlag           0x200019e9    0x1  Data  Gb  main.o [1]
NB_AT_CMD_Send          0x0800435d  0x330  Code  Gb  nb.o [1]
NB_InNetWork_Flag       0x200019ec    0x1  Data  Gb  main.o [1]
NB_NetWork_First_Init   0x20000180    0x1  Data  Gb  main.o [1]
NB_NetWork_Init         0x080010bd   0x4a  Code  Gb  main.o [1]
NB_Report_to_ServerData
                        0x2000187c   0x18  Data  Gb  nb.o [1]
NB_StateSend_counter    0x200019fe    0x1  Data  Gb  nb.o [1]
NB_min_counter          0x200019fd    0x1  Data  Gb  nb.o [1]
NB_open_Flag            0x200019f3    0x1  Data  Gb  main.o [1]
NB_version              0x2000185c   0x20  Data  Gb  nb.o [1]
NB_version_len          0x200019f7    0x1  Data  Gb  nb.o [1]
NMI_Handler             0x0800ac41    0x2  Code  Gb  stm32l0xx_it.o [1]
NVIC_DisableIRQ         0x08003e4b    0xe  Code  Lc  stm32l0xx_hal_cortex.o [1]
NVIC_EnableIRQ          0x08003e3d    0xe  Code  Lc  stm32l0xx_hal_cortex.o [1]
NVIC_SetPriority        0x08003e59   0x84  Code  Lc  stm32l0xx_hal_cortex.o [1]
NVIC_SystemReset        0x080000c1   0x14  Code  Lc  main.o [1]
NueStatesProcess        0x08001651    0x6  Code  Gb  main.o [1]
OneTimeoutCb            0x08000b61    0x8  Code  Gb  main.o [1]
OneTimeoutclock         0x20001918    0xc  Data  Gb  main.o [1]
Open_GPS                0x08004ec5   0x12  Code  Gb  gps.o [1]
Open_NB                 0x0800433d    0xe  Code  Gb  nb.o [1]
PLLMulTable             0x0800b344    0xc  Data  Gb  system_stm32l0xx.o [1]
PendSV_Handler          0x0800ac49    0x2  Code  Gb  stm32l0xx_it.o [1]
Pre_Bat_Level           0x20000182    0x1  Data  Gb  main.o [1]
RCC_SetFlashLatencyFromMSIRange
                        0x08003875   0x88  Code  Lc  stm32l0xx_hal_rcc.o [1]
RTC_EnterInitMode       0x08007825   0x38  Code  Gb  stm32l0xx_hal_rtc.o [1]
RTC_IRQHandler          0x0800ac57    0xa  Code  Gb  stm32l0xx_it.o [1]
RTC_Timer_Start         0x080018f1   0x16  Code  Gb  main.o [1]
Region$$Table$$Base     0x0800afb0          --   Gb  - Linker created -
Region$$Table$$Limit    0x0800afd0          --   Gb  - Linker created -
RegistFlag              0x200019fa    0x1  Data  Gb  nb.o [1]
Retry_state             0x200019ea    0x1  Data  Gb  main.o [1]
SVC_Handler             0x0800ac47    0x2  Code  Gb  stm32l0xx_it.o [1]
SleepStatus             0x200019f8    0x1  Data  Gb  nb.o [1]
StopMode_Measure        0x0800070d   0x10  Code  Gb  main.o [1]
SysTick_Config          0x08003edd   0x32  Code  Lc  stm32l0xx_hal_cortex.o [1]
SysTick_Handler         0x0800ac4b    0xc  Code  Gb  stm32l0xx_it.o [1]
SystemClockConfig_STOP  0x08001869   0x82  Code  Lc  main.o [1]
SystemClock_Config      0x080001f1   0xd6  Code  Gb  main.o [1]
SystemCoreClock         0x20000034    0x4  Data  Gb  system_stm32l0xx.o [1]
SystemInit              0x0800ad3d   0x5a  Code  Gb  system_stm32l0xx.o [1]
SystemPower_Config      0x08001839   0x1a  Code  Lc  main.o [1]
TIM21_IRQHandler        0x0800acb9    0xa  Code  Gb  stm32l0xx_it.o [1]
TIM22_IRQHandler        0x0800acc3    0xa  Code  Gb  stm32l0xx_it.o [1]
TIM2_IRQHandler         0x0800acaf    0xa  Code  Gb  stm32l0xx_it.o [1]
TIM_Base_SetConfig      0x08006791   0x6e  Code  Lc  stm32l0xx_hal_tim.o [1]
TIM_ETR_SetConfig       0x08006881   0x20  Code  Lc  stm32l0xx_hal_tim.o [1]
TIM_ITRx_SetConfig      0x08006869   0x18  Code  Lc  stm32l0xx_hal_tim.o [1]
TIM_TI1_ConfigInputStage
                        0x080067ff   0x2e  Code  Lc  stm32l0xx_hal_tim.o [1]
TIM_TI2_ConfigInputStage
                        0x0800682d   0x34  Code  Lc  stm32l0xx_hal_tim.o [1]
TaskDelete              0x08002caf   0x74  Code  Lc  User_ClockDriver.o [1]
TimeOutInit             0x20000014    0x4  Data  Lc  main.o [1]
TrackerCycle_short_Flag
                        0x20001a00    0x1  Data  Gb  nb.o [1]
UART1_Rx_Disable        0x08001749   0x58  Code  Gb  main.o [1]
UART1_Rx_Enable         0x080016f5   0x34  Code  Gb  main.o [1]
UART_AdvFeatureConfig   0x08005d95   0xde  Code  Gb  stm32l0xx_hal_uart.o [1]
UART_CheckIdleState     0x08005e79   0x6a  Code  Gb  stm32l0xx_hal_uart.o [1]
UART_DMAAbortOnError    0x080060a5   0x1a  Code  Lc  stm32l0xx_hal_uart.o [1]
UART_DMAError           0x08006057   0x4e  Code  Lc  stm32l0xx_hal_uart.o [1]
UART_DMAReceiveCplt     0x08005fd5   0x46  Code  Lc  stm32l0xx_hal_uart.o [1]
UART_DMARxHalfCplt      0x08006049    0xe  Code  Lc  stm32l0xx_hal_uart.o [1]
UART_DMATransmitCplt    0x08005f91   0x36  Code  Lc  stm32l0xx_hal_uart.o [1]
UART_DMATxHalfCplt      0x08005fc7    0xe  Code  Lc  stm32l0xx_hal_uart.o [1]
UART_EndRxTransfer      0x08005f71   0x20  Code  Lc  stm32l0xx_hal_uart.o [1]
UART_EndTransmit_IT     0x08006133   0x20  Code  Lc  stm32l0xx_hal_uart.o [1]
UART_EndTxTransfer      0x08005f5d   0x14  Code  Lc  stm32l0xx_hal_uart.o [1]
UART_Receive_IT         0x08006153   0x92  Code  Lc  stm32l0xx_hal_uart.o [1]
UART_SetConfig          0x080059e1  0x3a6  Code  Gb  stm32l0xx_hal_uart.o [1]
UART_Transmit_IT        0x080060bf   0x74  Code  Lc  stm32l0xx_hal_uart.o [1]
UART_WaitOnFlagUntilTimeout
                        0x08005eed   0x6a  Code  Gb  stm32l0xx_hal_uart.o [1]
USART1_IRQHandler       0x0800accd   0x10  Code  Gb  stm32l0xx_it.o [1]
USART2_IRQHandler       0x0800acdd    0xa  Code  Gb  stm32l0xx_it.o [1]
UnbindCb                0x08001c2d    0x8  Code  Gb  main.o [1]
UsartReceive_IDLE       0x08002791   0xa2  Code  Gb  usart.o [1]
UsartType               0x20000d88  0x204  Data  Gb  usart.o [1]
UserDataInit            0x080002c7   0x5e  Code  Gb  main.o [1]
UserIOInit              0x080017e1   0x20  Code  Gb  main.o [1]
UserStartLedClock       0x08001ae9   0x1c  Code  Gb  main.o [1]
UserTimerInit           0x08000379  0x148  Code  Gb  main.o [1]
User_AdcProcess         0x08001d4d   0xac  Code  Gb  main.o [1]
User_Event_Process      0x08001a2d   0xae  Code  Gb  main.o [1]
User_NB_TaskProcess     0x08000ec1   0xe0  Code  Gb  main.o [1]
User_StartClock         0x08002d89   0xfc  Code  Gb  User_ClockDriver.o [1]
User_StopClock          0x08002d23   0x60  Code  Gb  User_ClockDriver.o [1]
User_TaskRemarks        0x08002e8d   0x68  Code  Gb  User_ClockDriver.o [1]
User_Timer_Diff_ms      0x08002bcd   0x14  Code  Gb  User_ClockDriver.o [1]
User_Timer_GetCurrentTime
                        0x08002bc5    0x8  Code  Gb  User_ClockDriver.o [1]
User_Timer_Start        0x08002b8d   0x2e  Code  Gb  User_ClockDriver.o [1]
User_Timer_Stop         0x08002bbb    0xa  Code  Gb  User_ClockDriver.o [1]
User_Timer_TaskProcess  0x08002ef9   0x44  Code  Gb  User_ClockDriver.o [1]
User_UartProcess        0x08001e0d   0x6e  Code  Gb  main.o [1]
_EncodingSb_Mbtowc      0x0800ab9d   0x2c  Code  Gb  xencoding_sb.o [3]
_EncodingSb_Mbtowc::initial
                        0x0800abd0    0x8  Data  Lc  xencoding_sb.o [3]
_EncodingSb_Wctomb      0x0800ab89   0x14  Code  Gb  xencoding_sb.o [3]
_EncodingSb_Wctomb::initial
                        0x0800abc8    0x8  Data  Lc  xencoding_sb.o [3]
_Error_Handler          0x08001f49    0xe  Code  Gb  main.o [1]
_GenldFull              0x0800880d  0x2d6  Code  Lc  xprintffull.o [3]
_IsdstStr               0x20000110    0x4  Data  Gb  setlocale.o [3]
_LdtobFull              0x08008395  0x464  Code  Lc  xprintffull.o [3]
_LitobFull              0x08008265  0x12a  Code  Lc  xprintffull.o [3]
_LocaleC_isspace        0x0800ac21   0x14  Code  Gb  xlocale_c.o [3]
_LocaleC_tolower        0x0800ac35    0xc  Code  Gb  xlocale_c.o [3]
_LocaleEncoding         0x0800ab75    0xc  Code  Gb  setlocale.o [3]
_LocaleForCat           0x0800ab65   0x10  Code  Gb  setlocale.o [3]
_LocaleReturnString     0x20000130   0x50  Data  Lc  setlocale.o [3]
_Locale_Profile         0x20000114   0x1c  Data  Gb  setlocale.o [3]
_Locale_aeabi_lconv     0x200000d0   0x38  Data  Gb  localeconv.o [3]
_Locale_lconv           0x20000080   0x50  Data  Gb  localeconv.o [3]
_Mbtowc                 0x0800a353   0x1c  Code  Gb  xmbtowc.o [3]
_PrintfFull             0x08007865  0x672  Code  Gb  xprintffull.o [3]
_Prout                  0x0800afef   0x16  Code  Gb  xprout.o [3]
_PutcharsFull           0x08008ae7   0x30  Code  Lc  xprintffull.o [3]
_PutstrFull             0x08007f41  0x324  Code  Lc  xprintffull.o [3]
_Strtok_ssave           0x2000007c    0x4  Data  Lc  strtok.o [3]
_TzoneStr               0x2000010c    0x4  Data  Gb  setlocale.o [3]
_Wctomb                 0x0800a3a5   0x18  Code  Gb  xwctomb.o [3]
__aeabi_cdcmple         0x0800a3bd         Code  Gb  DblCmpLe.o [4]
__aeabi_cdrcmple        0x0800a3ef         Code  Gb  DblCmpGe.o [4]
__aeabi_d2iz            0x0800a4a1         Code  Gb  DblToI32.o [4]
__aeabi_d2uiz           0x0800a4c5         Code  Gb  DblToI32.o [4]
__aeabi_ddiv            0x0800a855         Code  Gb  DblDiv.o [4]
__aeabi_dmul            0x0800a6d1         Code  Gb  DblMul.o [4]
__aeabi_dsub            0x0800a5e3         Code  Gb  DblAddSub.o [4]
__aeabi_errno_addr      0x0800ac11    0xa  Code  Gb  errno.o [3]
__aeabi_i2d             0x0800a4f5         Code  Gb  I32ToDbl.o [4]
__aeabi_idiv            0x08003d89         Code  Gb  I32DivModFast.o [5]
__aeabi_idiv0           0x0800a1dd         Code  Gb  IntDivZer.o [5]
__aeabi_idivmod         0x08003d89         Code  Gb  I32DivModFast.o [5]
__aeabi_ldiv0           0x0800ab61         Code  Gb  I64DivZer.o [5]
__aeabi_lmul            0x0800a2a9         Code  Gb  I64Mul.o [5]
__aeabi_memclr4         0x08006df9         Code  Gb  ABImemset.o [5]
__aeabi_memclr8         0x08006df9         Code  Gb  ABImemset.o [5]
__aeabi_memcpy          0x08004e69         Code  Gb  ABImemcpy.o [5]
__aeabi_memcpy4         0x08004e91         Code  Wk  ABImemcpy.o [5]
__aeabi_memset          0x08006da9         Code  Gb  ABImemset.o [5]
__aeabi_ui2d            0x0800a509         Code  Gb  I32ToDbl.o [4]
__aeabi_uidiv           0x08003d8f         Code  Gb  I32DivModFast.o [5]
__aeabi_uidivmod        0x08003d8f         Code  Gb  I32DivModFast.o [5]
__aeabi_uldivmod        0x0800a2db         Code  Gb  I64DivMod.o [5]
__cmain                 0x0800afd1         Code  Gb  cmain.o [5]
__data_GetMemChunk      0x0800a9ad   0x2c  Code  Gb  xgetmemchunk.o [3]
__data_GetMemChunk::start
                        0x200019cc    0x4  Data  Lc  xgetmemchunk.o [3]
__exit                  0x0800abd9   0x14  Code  Gb  exit.o [6]
__iar_Dscale            0x0800a421   0x80  Code  Gb  xdscale.o [4]
__iar_Errno             0x20000108    0x4  Data  Gb  errno.o [3]
__iar_Locale_lconv_init
                        0x0800a919   0x32  Code  Gb  localeconv.o [3]
__iar_Mbcurmax          0x0800a39b    0xa  Code  Gb  xmbcurmax.o [3]
__iar_Memchr            0x0800a383   0x18  Code  Gb  memchr.o [5]
__iar_Memset4_word      0x08006dc9         Code  Gb  ABImemset.o [5]
__iar_Memset_word       0x08006db5         Code  Gb  ABImemset.o [5]
__iar_Stdout            0x2000003c   0x40  Data  Gb  xfiles.o [3]
__iar_Stoul             0x0800aafb    0xa  Code  Gb  xstoul.o [3]
__iar_Stoulx            0x0800a9d9  0x122  Code  Gb  xstoul.o [3]
__iar_Strchr            0x0800a36f   0x14  Code  Gb  strchr.o [5]
__iar_Strstr            0x0800a269   0x38  Code  Gb  strstr.o [3]
__iar_d2uiz             0x0800a4c9         Code  Gb  DblToI32.o [4]
__iar_data_init3        0x0800af89   0x28  Code  Gb  data_init.o [5]
__iar_dlfree            0x08009c05  0x5ce  Code  Gb  dlmalloc.o [3]
__iar_dlib_perthread_access
                        0x0800a1eb    0x2  Code  Gb  xtls.o [3]
__iar_dlmalloc          0x0800990d  0x2f4  Code  Gb  dlmalloc.o [3]
__iar_packbits_init_single3
                        0x0800af25   0x3c  Code  Gb  packbits_init_single.o [5]
__iar_program_start     0x0800b351         Code  Gb  cstartup_M.o [5]
__iar_ui2d              0x0800a50d         Code  Gb  I32ToDbl.o [4]
__iar_zero_init3        0x0800aee9   0x3c  Code  Gb  zero_init3.o [5]
__low_level_init        0x0800afeb    0x4  Code  Gb  low_level_init.o [3]
__vector_table          0x08000000         Data  Gb  startup_stm32l051xx.o [1]
_call_main              0x0800afdd         Code  Gb  cmain.o [5]
_exit                   0x0800ab55         Code  Gb  cexit.o [5]
_gm_                    0x2000118c  0x1d8  Data  Lc  dlmalloc.o [3]
_main                   0x0800afe7         Code  Gb  cmain.o [5]
abort                   0x0800a9a1    0xa  Code  Gb  abort.o [3]
adc_counter             0x200019d4    0x2  Data  Gb  main.o [1]
adc_timeoutFlag         0x20000181    0x1  Data  Gb  main.o [1]
ascsToHexs              0x080052ad   0x30  Code  Gb  tools.o [1]
at_cmd_data_p           0x20000f8c  0x200  Data  Gb  tools.o [1]
atoi                    0x0800a1df    0xc  Code  Gb  atoi.o [3]
chargeEnable            0x200019e7    0x1  Data  Lc  main.o [1]
charsToHex              0x0800522d   0x80  Code  Gb  tools.o [1]
checkSum                0x080052dd   0x24  Code  Gb  tools.o [1]
checkSumChar            0x08005301   0x2c  Code  Gb  tools.o [1]
closeAllLed             0x08000e77   0x28  Code  Gb  main.o [1]
curAT_RSP_ID            0x20000185    0x1  Data  Gb  nb.o [1]
curAT_RSP_ID_t          0x200019f5    0x1  Data  Gb  main.o [1]
currentLoadValue        0x20000038    0x4  Data  Lc  User_ClockDriver.o [1]
currentMode             0x20000184    0x1  Data  Gb  nb.o [1]
currentPoint            0x200019c0    0x4  Data  Lc  User_ClockDriver.o [1]
dataCycle               0x200019da    0x2  Data  Gb  main.o [1]
data_confirmFlag        0x200019fc    0x1  Data  Gb  nb.o [1]
digits                  0x0800ab04   0x28  Data  Lc  xstoul.o [3]
div                     0x0800a981   0x20  Code  Gb  div.o [3]
event                   0x200019ac    0x4  Data  Gb  main.o [1]
exit                    0x0800a235    0x8  Code  Gb  exit.o [3]
fputc                   0x08002765   0x16  Code  Gb  usart.o [1]
gps_open_Flag           0x200019f4    0x1  Data  Gb  main.o [1]
gps_serch_counter       0x200019d6    0x2  Data  Gb  main.o [1]
hadc                    0x20001560   0x60  Data  Gb  adc.o [1]
hdma_lpuart1_rx         0x20001610   0x40  Data  Gb  usart.o [1]
hdma_lpuart1_tx         0x20001650   0x40  Data  Gb  usart.o [1]
hdma_usart1_rx          0x20001690   0x40  Data  Gb  usart.o [1]
hdma_usart1_tx          0x200016d0   0x40  Data  Gb  usart.o [1]
hdma_usart2_rx          0x20001710   0x40  Data  Gb  usart.o [1]
hdma_usart2_tx          0x20001750   0x40  Data  Gb  usart.o [1]
head                    0x200019bc    0x4  Data  Lc  User_ClockDriver.o [1]
hex2String              0x08005419   0x68  Code  Gb  tools.o [1]
hlpuart1                0x20001410   0x70  Data  Gb  usart.o [1]
hrtc                    0x20001838   0x24  Data  Gb  rtc.o [1]
htim2                   0x20001790   0x38  Data  Gb  tim.o [1]
htim21                  0x200017c8   0x38  Data  Gb  tim.o [1]
htim22                  0x20001800   0x38  Data  Gb  tim.o [1]
huart1                  0x20001480   0x70  Data  Gb  usart.o [1]
huart2                  0x200014f0   0x70  Data  Gb  usart.o [1]
init_mparams            0x08008b41   0x2a  Code  Lc  dlmalloc.o [3]
init_top                0x08008b6b   0x38  Code  Lc  dlmalloc.o [3]
isspace                 0x0800abed   0x12  Code  Gb  isxxx.o [3]
lastStartTimer_sysT32   0x200019c4    0x4  Data  Lc  User_ClockDriver.o [1]
localeconv              0x0800a94b   0x18  Code  Gb  localeconv.o [3]
main                    0x080000d5  0x11c  Code  Gb  main.o [1]
mparams                 0x20001894   0x18  Data  Lc  dlmalloc.o [3]
msg_seq_num             0x200019dc    0x2  Data  Gb  nb.o [1]
mystrstr                0x08005481   0x42  Code  Gb  tools.o [1]
nb_gps_data             0x200018ac   0x10  Data  Gb  gps.o [1]
ndigs                   0x0800ab2c   0x28  Data  Lc  xstoul.o [3]
obuf                    0x200015c0   0x50  Data  Lc  xfiles.o [3]
prepend_alloc           0x08008bb1  0x35e  Code  Lc  dlmalloc.o [3]
printf                  0x08002b4d   0x24  Code  Gb  printf.o [3]
putchar                 0x0800b005   0x10  Code  Gb  putchar.o [3]
regist_counter          0x200019d2    0x2  Data  Gb  main.o [1]
segment_holding         0x08008b25   0x1c  Code  Lc  dlmalloc.o [3]
serviceCMD_Process_result
                        0x200019ff    0x1  Data  Gb  nb.o [1]
strcat                  0x0800a24d   0x1c  Code  Gb  strcat.o [3]
strcpy                  0x0800a23d         Code  Gb  strcpy.o [5]
strcspn                 0x0800a211   0x24  Code  Gb  strcspn.o [3]
strlen                  0x0800521d   0x10  Code  Gb  strlen.o [5]
strncmp                 0x080051a1   0x2c  Code  Gb  strncmp.o [3]
strspn                  0x0800a1ed   0x24  Code  Gb  strspn.o [3]
strstr                  0x080054c3   0x10  Code  Gb  main.o [1]
strtok                  0x080051cd   0x50  Code  Gb  strtok.o [3]
sys_alloc               0x08008f19  0x3e8  Code  Lc  dlmalloc.o [3]
taskEvents              0x200019c8    0x4  Data  Lc  User_ClockDriver.o [1]
tmalloc_large           0x0800930d  0x3ca  Code  Lc  dlmalloc.o [3]
tmalloc_small           0x080096dd  0x230  Code  Lc  dlmalloc.o [3]
tolower                 0x0800abff   0x12  Code  Gb  tolower.o [3]
tool_memcpy             0x0800532d   0x1c  Code  Gb  tools.o [1]
tool_strcat             0x08005349   0x8e  Code  Gb  tools.o [1]
uwTick                  0x200019b8    0x4  Data  Gb  stm32l0xx_hal.o [1]
wakeupCounter           0x200019b4    0x4  Data  Gb  nb.o [1]


[1] = D:\TELUS\LIERDA_PROGRAM\Locator_L051T8_TestKey\EWARM\HK_L051T8\Obj
[2] = command line
[3] = dl6M_tlf.a
[4] = m6M_tl.a
[5] = rt6M_tl.a
[6] = shb_l.a

  44 736 bytes of readonly  code memory
   1 599 bytes of readonly  data memory
   6 655 bytes of readwrite data memory

Errors: none
Warnings: none
