###############################################################################
#
# IAR ELF Linker V7.70.1.11437/W32 for ARM                31/Aug/2018  15:57:28
# Copyright 2007-2016 IAR Systems AB.
#
#    Output file  =  
#        D:\TELUS\AIS_PROGRAM\Locator_L051T8_AIS_alarm_FOTA_Austria\EWARM\Locator_L051T8\Exe\Locator_L051T8.out
#    Map file     =  
#        D:\TELUS\AIS_PROGRAM\Locator_L051T8_AIS_alarm_FOTA_Austria\EWARM\Locator_L051T8\List\Locator_L051T8.map
#    Command line =  
#        D:\TELUS\AIS_PROGRAM\Locator_L051T8_AIS_alarm_FOTA_Austria\EWARM\Locator_L051T8\Obj\adc.o
#        D:\TELUS\AIS_PROGRAM\Locator_L051T8_AIS_alarm_FOTA_Austria\EWARM\Locator_L051T8\Obj\crc16.o
#        D:\TELUS\AIS_PROGRAM\Locator_L051T8_AIS_alarm_FOTA_Austria\EWARM\Locator_L051T8\Obj\dma.o
#        D:\TELUS\AIS_PROGRAM\Locator_L051T8_AIS_alarm_FOTA_Austria\EWARM\Locator_L051T8\Obj\flash.o
#        D:\TELUS\AIS_PROGRAM\Locator_L051T8_AIS_alarm_FOTA_Austria\EWARM\Locator_L051T8\Obj\FOTA.o
#        D:\TELUS\AIS_PROGRAM\Locator_L051T8_AIS_alarm_FOTA_Austria\EWARM\Locator_L051T8\Obj\gpio.o
#        D:\TELUS\AIS_PROGRAM\Locator_L051T8_AIS_alarm_FOTA_Austria\EWARM\Locator_L051T8\Obj\gps.o
#        D:\TELUS\AIS_PROGRAM\Locator_L051T8_AIS_alarm_FOTA_Austria\EWARM\Locator_L051T8\Obj\i2c.o
#        D:\TELUS\AIS_PROGRAM\Locator_L051T8_AIS_alarm_FOTA_Austria\EWARM\Locator_L051T8\Obj\lis3dh.o
#        D:\TELUS\AIS_PROGRAM\Locator_L051T8_AIS_alarm_FOTA_Austria\EWARM\Locator_L051T8\Obj\lsd_mems.o
#        D:\TELUS\AIS_PROGRAM\Locator_L051T8_AIS_alarm_FOTA_Austria\EWARM\Locator_L051T8\Obj\main.o
#        D:\TELUS\AIS_PROGRAM\Locator_L051T8_AIS_alarm_FOTA_Austria\EWARM\Locator_L051T8\Obj\nb.o
#        D:\TELUS\AIS_PROGRAM\Locator_L051T8_AIS_alarm_FOTA_Austria\EWARM\Locator_L051T8\Obj\printf-stdarg.o
#        D:\TELUS\AIS_PROGRAM\Locator_L051T8_AIS_alarm_FOTA_Austria\EWARM\Locator_L051T8\Obj\rtc.o
#        D:\TELUS\AIS_PROGRAM\Locator_L051T8_AIS_alarm_FOTA_Austria\EWARM\Locator_L051T8\Obj\schedule.o
#        D:\TELUS\AIS_PROGRAM\Locator_L051T8_AIS_alarm_FOTA_Austria\EWARM\Locator_L051T8\Obj\startup_stm32l051xx.o
#        D:\TELUS\AIS_PROGRAM\Locator_L051T8_AIS_alarm_FOTA_Austria\EWARM\Locator_L051T8\Obj\stm32l0xx_hal.o
#        D:\TELUS\AIS_PROGRAM\Locator_L051T8_AIS_alarm_FOTA_Austria\EWARM\Locator_L051T8\Obj\stm32l0xx_hal_adc.o
#        D:\TELUS\AIS_PROGRAM\Locator_L051T8_AIS_alarm_FOTA_Austria\EWARM\Locator_L051T8\Obj\stm32l0xx_hal_adc_ex.o
#        D:\TELUS\AIS_PROGRAM\Locator_L051T8_AIS_alarm_FOTA_Austria\EWARM\Locator_L051T8\Obj\stm32l0xx_hal_cortex.o
#        D:\TELUS\AIS_PROGRAM\Locator_L051T8_AIS_alarm_FOTA_Austria\EWARM\Locator_L051T8\Obj\stm32l0xx_hal_dma.o
#        D:\TELUS\AIS_PROGRAM\Locator_L051T8_AIS_alarm_FOTA_Austria\EWARM\Locator_L051T8\Obj\stm32l0xx_hal_flash.o
#        D:\TELUS\AIS_PROGRAM\Locator_L051T8_AIS_alarm_FOTA_Austria\EWARM\Locator_L051T8\Obj\stm32l0xx_hal_flash_ex.o
#        D:\TELUS\AIS_PROGRAM\Locator_L051T8_AIS_alarm_FOTA_Austria\EWARM\Locator_L051T8\Obj\stm32l0xx_hal_flash_ramfunc.o
#        D:\TELUS\AIS_PROGRAM\Locator_L051T8_AIS_alarm_FOTA_Austria\EWARM\Locator_L051T8\Obj\stm32l0xx_hal_gpio.o
#        D:\TELUS\AIS_PROGRAM\Locator_L051T8_AIS_alarm_FOTA_Austria\EWARM\Locator_L051T8\Obj\stm32l0xx_hal_i2c.o
#        D:\TELUS\AIS_PROGRAM\Locator_L051T8_AIS_alarm_FOTA_Austria\EWARM\Locator_L051T8\Obj\stm32l0xx_hal_i2c_ex.o
#        D:\TELUS\AIS_PROGRAM\Locator_L051T8_AIS_alarm_FOTA_Austria\EWARM\Locator_L051T8\Obj\stm32l0xx_hal_msp.o
#        D:\TELUS\AIS_PROGRAM\Locator_L051T8_AIS_alarm_FOTA_Austria\EWARM\Locator_L051T8\Obj\stm32l0xx_hal_pwr.o
#        D:\TELUS\AIS_PROGRAM\Locator_L051T8_AIS_alarm_FOTA_Austria\EWARM\Locator_L051T8\Obj\stm32l0xx_hal_pwr_ex.o
#        D:\TELUS\AIS_PROGRAM\Locator_L051T8_AIS_alarm_FOTA_Austria\EWARM\Locator_L051T8\Obj\stm32l0xx_hal_rcc.o
#        D:\TELUS\AIS_PROGRAM\Locator_L051T8_AIS_alarm_FOTA_Austria\EWARM\Locator_L051T8\Obj\stm32l0xx_hal_rcc_ex.o
#        D:\TELUS\AIS_PROGRAM\Locator_L051T8_AIS_alarm_FOTA_Austria\EWARM\Locator_L051T8\Obj\stm32l0xx_hal_rtc.o
#        D:\TELUS\AIS_PROGRAM\Locator_L051T8_AIS_alarm_FOTA_Austria\EWARM\Locator_L051T8\Obj\stm32l0xx_hal_rtc_ex.o
#        D:\TELUS\AIS_PROGRAM\Locator_L051T8_AIS_alarm_FOTA_Austria\EWARM\Locator_L051T8\Obj\stm32l0xx_hal_tim.o
#        D:\TELUS\AIS_PROGRAM\Locator_L051T8_AIS_alarm_FOTA_Austria\EWARM\Locator_L051T8\Obj\stm32l0xx_hal_tim_ex.o
#        D:\TELUS\AIS_PROGRAM\Locator_L051T8_AIS_alarm_FOTA_Austria\EWARM\Locator_L051T8\Obj\stm32l0xx_hal_uart.o
#        D:\TELUS\AIS_PROGRAM\Locator_L051T8_AIS_alarm_FOTA_Austria\EWARM\Locator_L051T8\Obj\stm32l0xx_hal_uart_ex.o
#        D:\TELUS\AIS_PROGRAM\Locator_L051T8_AIS_alarm_FOTA_Austria\EWARM\Locator_L051T8\Obj\stm32l0xx_it.o
#        D:\TELUS\AIS_PROGRAM\Locator_L051T8_AIS_alarm_FOTA_Austria\EWARM\Locator_L051T8\Obj\system_stm32l0xx.o
#        D:\TELUS\AIS_PROGRAM\Locator_L051T8_AIS_alarm_FOTA_Austria\EWARM\Locator_L051T8\Obj\tim.o
#        D:\TELUS\AIS_PROGRAM\Locator_L051T8_AIS_alarm_FOTA_Austria\EWARM\Locator_L051T8\Obj\tools.o
#        D:\TELUS\AIS_PROGRAM\Locator_L051T8_AIS_alarm_FOTA_Austria\EWARM\Locator_L051T8\Obj\UNIX.o
#        D:\TELUS\AIS_PROGRAM\Locator_L051T8_AIS_alarm_FOTA_Austria\EWARM\Locator_L051T8\Obj\usart.o
#        D:\TELUS\AIS_PROGRAM\Locator_L051T8_AIS_alarm_FOTA_Austria\EWARM\Locator_L051T8\Obj\User_ClockDriver.o
#        --redirect _Printf=_PrintfFull --redirect _Scanf=_ScanfFull -o
#        D:\TELUS\AIS_PROGRAM\Locator_L051T8_AIS_alarm_FOTA_Austria\EWARM\Locator_L051T8\Exe\Locator_L051T8.out
#        --map
#        D:\TELUS\AIS_PROGRAM\Locator_L051T8_AIS_alarm_FOTA_Austria\EWARM\Locator_L051T8\List\Locator_L051T8.map
#        --config
#        D:\TELUS\AIS_PROGRAM\Locator_L051T8_AIS_alarm_FOTA_Austria\EWARM/stm32l051xx_flash.icf
#        --semihosting --entry __iar_program_start --vfe
#
###############################################################################

*******************************************************************************
*** RUNTIME MODEL ATTRIBUTES
***

CppFlavor                     = *
__SystemLibrary               = DLib
__dlib_dynamic_initialization = normal


*******************************************************************************
*** PLACEMENT SUMMARY
***

"A0":  place at 0x08005800 { ro section .intvec };
"P1":  place in [from 0x08005800 to 0x0800ffff] { ro };
"P2":  place in [from 0x20000000 to 0x20001fff] { rw, block CSTACK, block HEAP };
initialize by copy { rw };

  Section             Kind        Address    Size  Object
  -------             ----        -------    ----  ------
"A0":                                        0xc0
  .intvec             ro code  0x08005800    0xc0  startup_stm32l051xx.o [1]
                             - 0x080058c0    0xc0

"P1":                                      0xa15d
  .text               ro code  0x080058c0  0x289a  main.o [1]
  .text               ro code  0x0800815a     0x2  startup_stm32l051xx.o [1]
  .text               ro code  0x0800815c    0x20  stm32l0xx_hal.o [1]
  .text               ro code  0x0800817c    0x10  stm32l0xx_hal.o [1]
  .text               ro code  0x0800818c    0x1c  stm32l0xx_hal_pwr_ex.o [1]
  .text               ro code  0x080081a8    0xe8  gpio.o [1]
  .text               ro code  0x08008290    0x3c  dma.o [1]
  .text               ro code  0x080082cc   0x14c  adc.o [1]
  .text               ro code  0x08008418   0x484  usart.o [1]
  .text               ro code  0x0800889c   0x238  tim.o [1]
  .text               ro code  0x08008ad4    0xb0  rtc.o [1]
  .text               ro code  0x08008b84   0x104  i2c.o [1]
  .text               ro code  0x08008c88   0xa00  schedule.o [1]
  .text               ro code  0x08009688   0x268  printf-stdarg.o [1]
  .text               ro code  0x080098f0    0x18  stm32l0xx_hal.o [1]
  .text               ro code  0x08009908    0x54  flash.o [1]
  .text               ro code  0x0800995c    0x5c  ABImemcpy.o [4]
  .text               ro code  0x080099b8   0x3cc  FOTA.o [1]
  .text               ro code  0x08009d84    0xe8  lsd_mems.o [1]
  .text               ro code  0x08009e6c   0xa1c  nb.o [1]
  .text               ro code  0x0800a888   0xa20  stm32l0xx_hal_uart.o [1]
  .text               ro code  0x0800b2a8    0x2c  strncmp.o [3]
  .text               ro code  0x0800b2d4   0x2f4  User_ClockDriver.o [1]
  .text               ro code  0x0800b5c8   0x718  stm32l0xx_hal_rcc.o [1]
  .text               ro code  0x0800bce0   0x2a0  stm32l0xx_hal_rcc_ex.o [1]
  .text               ro code  0x0800bf80    0xe0  I32DivModFast.o [4]
  .text               ro code  0x0800c060    0xb6  stm32l0xx_hal_cortex.o [1]
  .text               ro code  0x0800c116     0x2  startup_stm32l051xx.o [1]
  .text               ro code  0x0800c118    0x38  stm32l0xx_hal_pwr.o [1]
  .text               ro code  0x0800c150   0x2dc  stm32l0xx_hal_gpio.o [1]
  .text               ro code  0x0800c42c   0x3f8  gps.o [1]
  .text               ro code  0x0800c824    0x50  strtok.o [3]
  .text               ro code  0x0800c874    0x10  strlen.o [4]
  .text               ro code  0x0800c884   0x1c8  tools.o [1]
  .text               ro code  0x0800ca4c    0x38  strstr.o [3]
  .text               ro code  0x0800ca84   0x17c  xstoul.o [3]
  .text               ro code  0x0800cc00    0x14  uwrite4.o [4]
  .text               ro code  0x0800cc14   0x1b4  stm32l0xx_hal_rtc_ex.o [1]
  .text               ro code  0x0800cdc8   0x394  stm32l0xx_hal_tim.o [1]
  .text               ro code  0x0800d15c   0x434  stm32l0xx_hal_adc.o [1]
  .text               ro code  0x0800d590    0x4c  ABImemset.o [4]
  .text               ro code  0x0800d5dc    0x28  stm32l0xx_hal.o [1]
  .text               ro code  0x0800d604    0x40  stm32l0xx_hal_msp.o [1]
  .text               ro code  0x0800d644   0x6bc  stm32l0xx_hal_dma.o [1]
  .text               ro code  0x0800dd00    0x48  stm32l0xx_hal_tim_ex.o [1]
  .text               ro code  0x0800dd48   0x3a2  stm32l0xx_hal_rtc.o [1]
  .text               ro code  0x0800e0ea     0x2  startup_stm32l051xx.o [1]
  .text               ro code  0x0800e0ec   0x5e8  stm32l0xx_hal_i2c.o [1]
  .text               ro code  0x0800e6d4    0x88  stm32l0xx_hal_i2c_ex.o [1]
  .text               ro code  0x0800e75c    0x16  uread4.o [4]
  .text               ro code  0x0800e772     0x2  startup_stm32l051xx.o [1]
  .text               ro code  0x0800e774     0xc  stm32l0xx_hal.o [1]
  .text               ro code  0x0800e780    0x88  stm32l0xx_hal_flash_ex.o [1]
  .text               ro code  0x0800e808    0x36  crc16.o [1]
  .text               ro code  0x0800e83e    0x28  memcmp.o [4]
  .text               ro code  0x0800e866     0x2  startup_stm32l051xx.o [1]
  .text               ro code  0x0800e868   0x31c  lis3dh.o [1]
  .text               ro code  0x0800eb84    0x24  strncpy.o [4]
  .text               ro code  0x0800eba8   0x180  UNIX.o [1]
  .text               ro code  0x0800ed28     0x2  stm32l0xx_hal_uart.o [1]
  .text               ro code  0x0800ed2a     0x2  startup_stm32l051xx.o [1]
  .text               ro code  0x0800ed2c     0x2  stm32l0xx_hal_uart_ex.o [1]
  .text               ro code  0x0800ed2e    0x6a  I64DivMod.o [4]
  .text               ro code  0x0800ed98     0x2  stm32l0xx_hal_uart.o [1]
  .text               ro code  0x0800ed9a     0x2  stm32l0xx_hal_uart.o [1]
  .text               ro code  0x0800ed9c     0x2  IntDivZer.o [4]
  .text               ro code  0x0800ed9e     0x2  xtls.o [3]
  .text               ro code  0x0800eda0    0x24  strspn.o [3]
  .text               ro code  0x0800edc4    0x24  strcspn.o [3]
  .text               ro code  0x0800ede8     0x8  exit.o [3]
  .text               ro code  0x0800edf0    0x1c  strcat.o [3]
  .text               ro code  0x0800ee0c    0x10  strcpy.o [4]
  .text               ro code  0x0800ee1c    0x12  isxxx.o [3]
  .text               ro code  0x0800ee2e    0x12  tolower.o [3]
  .text               ro code  0x0800ee40    0x18  memchr.o [4]
  .text               ro code  0x0800ee58    0x10  errno.o [3]
  .text               ro code  0x0800ee68     0x2  stm32l0xx_hal_tim.o [1]
  .text               ro code  0x0800ee6a     0x2  stm32l0xx_hal_tim.o [1]
  .text               ro code  0x0800ee6c     0x2  stm32l0xx_hal_tim.o [1]
  .text               ro code  0x0800ee6e     0x2  stm32l0xx_hal_tim.o [1]
  .text               ro code  0x0800ee70     0x2  stm32l0xx_hal_tim.o [1]
  .text               ro code  0x0800ee72     0x2  startup_stm32l051xx.o [1]
  .text               ro code  0x0800ee74   0x11c  stm32l0xx_hal_flash.o [1]
  .text               ro code  0x0800ef90     0x2  I64DivZer.o [4]
  .text               ro code  0x0800ef92     0x2  startup_stm32l051xx.o [1]
  .text               ro code  0x0800ef94     0xa  cexit.o [4]
  .text               ro code  0x0800ef9e     0x2  startup_stm32l051xx.o [1]
  .text               ro code  0x0800efa0    0x14  setlocale.o [3]
  .text               ro code  0x0800efb4    0x14  xlocale_c.o [3]
  .text               ro code  0x0800efc8     0xc  xlocale_c.o [3]
  .text               ro code  0x0800efd4    0x14  exit.o [5]
  .rodata             const    0x0800efe8   0x500  main.o [1]
  .text               ro code  0x0800f4e8    0xdc  stm32l0xx_it.o [1]
  .text               ro code  0x0800f5c4    0x10  stm32l0xx_hal.o [1]
  .text               ro code  0x0800f5d4    0x78  system_stm32l0xx.o [1]
  .text               ro code  0x0800f64c    0x3c  zero_init3.o [4]
  .text               ro code  0x0800f688    0x3c  packbits_init_single.o [4]
  .text               ro code  0x0800f6c4    0x28  data_init.o [4]
  .iar.init_table     const    0x0800f6ec    0x20  - Linker created -
  .text               ro code  0x0800f70c    0x1a  cmain.o [4]
  .text               ro code  0x0800f726     0x4  low_level_init.o [3]
  .text               ro code  0x0800f72a     0x2  startup_stm32l051xx.o [1]
  .text               ro code  0x0800f72c    0x10  startup_stm32l051xx.o [1]
  .text               ro code  0x0800f73c     0xc  cstartup_M.o [4]
  .rodata             const    0x0800f748     0x8  system_stm32l0xx.o [1]
  .text               ro code  0x0800f750     0x2  startup_stm32l051xx.o [1]
  .text               ro code  0x0800f752     0x2  startup_stm32l051xx.o [1]
  .text               ro code  0x0800f754     0x2  startup_stm32l051xx.o [1]
  .rodata             const    0x0800f756     0x0  zero_init3.o [4]
  .rodata             const    0x0800f756     0x0  packbits_init_single.o [4]
  Initializer bytes   const    0x0800f756   0x2c7  <for P2-1>
                             - 0x0800fa1d  0xa15d

"P2", part 1 of 3:                          0x454
  P2-1                         0x20000000   0x454  <Init block>
    .data             inited   0x20000000    0x14  adc.o [1]
    .data             inited   0x20000014   0x200  crc16.o [1]
    .data             inited   0x20000214    0xf4  main.o [1]
    .data             inited   0x20000308    0x34  main.o [1]
    .data             inited   0x2000033c    0x78  nb.o [1]
    .data             inited   0x200003b4     0xd  schedule.o [1]
    .data             inited   0x200003c4     0x4  system_stm32l0xx.o [1]
    .data             inited   0x200003c8    0x10  User_ClockDriver.o [1]
    __DLIB_PERTHREAD  inited   0x200003d8     0x4  strtok.o [3]
    __DLIB_PERTHREAD  inited   0x200003dc    0x74  setlocale.o [3]
    __DLIB_PERTHREAD  inited   0x20000450     0x4  errno.o [3]
                             - 0x20000454   0x454

"P2", part 2 of 3:                          0x400
  CSTACK                       0x20000458   0x400  <Block>
    CSTACK            uninit   0x20000458   0x400  <Block tail>
                             - 0x20000858   0x400

"P2", part 3 of 3:                         0x153c
  .bss                zero     0x20000858   0x488  usart.o [1]
  .bss                zero     0x20000ce0   0x400  tools.o [1]
  .bss                zero     0x200010e0   0x348  schedule.o [1]
  .bss                zero     0x20001428   0x180  usart.o [1]
  .bss                zero     0x200015a8   0x12c  User_ClockDriver.o [1]
  .bss                zero     0x200016d4    0xd4  gps.o [1]
  .bss                zero     0x200017a8    0xd4  gps.o [1]
  .bss                zero     0x2000187c    0x9a  FOTA.o [1]
  .bss                zero     0x20001916     0x2  main.o [1]
  .bss                zero     0x20001918    0x70  usart.o [1]
  .bss                zero     0x20001988    0x70  usart.o [1]
  .bss                zero     0x200019f8    0x70  usart.o [1]
  .bss                zero     0x20001a68    0x60  adc.o [1]
  .bss                zero     0x20001ac8    0x4c  i2c.o [1]
  .bss                zero     0x20001b14    0x38  tim.o [1]
  .bss                zero     0x20001b4c    0x38  tim.o [1]
  .bss                zero     0x20001b84    0x38  tim.o [1]
  .bss                zero     0x20001bbc    0x34  FOTA.o [1]
  .bss                zero     0x20001bf0    0x2c  schedule.o [1]
  .bss                zero     0x20001c1c    0x28  FOTA.o [1]
  .bss                zero     0x20001c44    0x28  gps.o [1]
  .bss                zero     0x20001c6c    0x28  nb.o [1]
  .bss                zero     0x20001c94    0x24  nb.o [1]
  .bss                zero     0x20001cb8    0x24  rtc.o [1]
  .bss                zero     0x20001cdc    0x18  stm32l0xx_hal_flash.o [1]
  .bss                zero     0x20001cf4    0x14  schedule.o [1]
  .bss                zero     0x20001d08    0x10  nb.o [1]
  .bss                zero     0x20001d18     0xc  main.o [1]
  .bss                zero     0x20001d24     0xc  nb.o [1]
  .bss                zero     0x20001d30     0xc  nb.o [1]
  .bss                zero     0x20001d3c     0xc  nb.o [1]
  .bss                zero     0x20001d48     0xc  nb.o [1]
  .bss                zero     0x20001d54     0x8  schedule.o [1]
  .bss                zero     0x20001d5c     0x8  schedule.o [1]
  .bss                zero     0x20001d64     0x8  UNIX.o [1]
  .bss                zero     0x20001d6c     0x4  gps.o [1]
  .bss                zero     0x20001d70     0x4  gps.o [1]
  .bss                zero     0x20001d74     0x4  nb.o [1]
  .bss                zero     0x20001d78     0x4  stm32l0xx_hal.o [1]
  .bss                zero     0x20001d7c     0x1  gps.o [1]
  .bss                zero     0x20001d7d     0x1  lis3dh.o [1]
  .bss                zero     0x20001d7e     0x1  lsd_mems.o [1]
  .bss                zero     0x20001d7f     0x1  main.o [1]
  .bss                zero     0x20001d80     0x1  nb.o [1]
  .bss                zero     0x20001d81     0x1  nb.o [1]
  .bss                zero     0x20001d82     0x1  nb.o [1]
  .bss                zero     0x20001d83     0x1  nb.o [1]
  .bss                zero     0x20001d84     0x1  nb.o [1]
  .bss                zero     0x20001d85     0x1  nb.o [1]
  .bss                zero     0x20001d86     0x1  nb.o [1]
  .bss                zero     0x20001d87     0x1  nb.o [1]
  .bss                zero     0x20001d88     0x1  nb.o [1]
  .bss                zero     0x20001d89     0x1  nb.o [1]
  .bss                zero     0x20001d8a     0x1  nb.o [1]
  .bss                zero     0x20001d8b     0x1  nb.o [1]
  .bss                zero     0x20001d8c     0x1  schedule.o [1]
  .bss                zero     0x20001d8d     0x1  schedule.o [1]
  .bss                zero     0x20001d8e     0x1  schedule.o [1]
  .bss                zero     0x20001d8f     0x1  schedule.o [1]
  .bss                zero     0x20001d90     0x1  schedule.o [1]
  .bss                zero     0x20001d91     0x1  schedule.o [1]
  .bss                zero     0x20001d92     0x1  schedule.o [1]
                             - 0x20001d93  0x153b


*******************************************************************************
*** INIT TABLE
***

          Address     Size
          -------     ----
Zero (__iar_zero_init3)
    1 destination range, total size 0x153b:
          0x20000858  0x153b

Copy/packbits (__iar_packbits_init_single3)
    1 source range, total size 0x2c7 (64% of destination):
          0x0800f756   0x2c7
    1 destination range, total size 0x454:
          0x20000000   0x454



*******************************************************************************
*** MODULE SUMMARY
***

    Module                    ro code  ro data  rw data
    ------                    -------  -------  -------
D:\TELUS\AIS_PROGRAM\Locator_L051T8_AIS_alarm_FOTA_Austria\EWARM\Locator_L051T8\Obj: [1]
    FOTA.o                        972               246
    UNIX.o                        384                 8
    User_ClockDriver.o            756       10      316
    adc.o                         332       12      116
    crc16.o                        54      329      512
    dma.o                          60
    flash.o                        84
    gpio.o                        232
    gps.o                       1 016               473
    i2c.o                         260                76
    lis3dh.o                      796                 1
    lsd_mems.o                    232                 1
    main.o                     10 394    1 470      311
    nb.o                        2 588       77      276
    printf-stdarg.o               616
    rtc.o                         176                36
    schedule.o                  2 560        8      940
    startup_stm32l051xx.o         234
    stm32l0xx_hal.o               140                 4
    stm32l0xx_hal_adc.o         1 076
    stm32l0xx_hal_cortex.o        182
    stm32l0xx_hal_dma.o         1 724
    stm32l0xx_hal_flash.o         284                24
    stm32l0xx_hal_flash_ex.o      136
    stm32l0xx_hal_gpio.o          732
    stm32l0xx_hal_i2c.o         1 512
    stm32l0xx_hal_i2c_ex.o        136
    stm32l0xx_hal_msp.o            64
    stm32l0xx_hal_pwr.o            56
    stm32l0xx_hal_pwr_ex.o         28
    stm32l0xx_hal_rcc.o         1 816
    stm32l0xx_hal_rcc_ex.o        672
    stm32l0xx_hal_rtc.o           930
    stm32l0xx_hal_rtc_ex.o        436
    stm32l0xx_hal_tim.o           926
    stm32l0xx_hal_tim_ex.o         72
    stm32l0xx_hal_uart.o        2 598
    stm32l0xx_hal_uart_ex.o         2
    stm32l0xx_it.o                220
    system_stm32l0xx.o            120       13        4
    tim.o                         568               168
    tools.o                       456             1 024
    usart.o                     1 156             1 880
    ---------------------------------------------------
    Total:                     37 788    1 919    6 416

command line: [2]
    ---------------------------------------------------
    Total:

dl6M_tlf.a: [3]
    errno.o                        16        3        4
    exit.o                          8
    isxxx.o                        18
    low_level_init.o                4
    setlocale.o                    20       75      116
    strcat.o                       28
    strcspn.o                      36
    strncmp.o                      44
    strspn.o                       36
    strstr.o                       56
    strtok.o                       80        2        4
    tolower.o                      18
    xlocale_c.o                    32
    xstoul.o                      380
    xtls.o                          2
    ---------------------------------------------------
    Total:                        778       80      124

rt6M_tl.a: [4]
    ABImemcpy.o                    92
    ABImemset.o                    76
    I32DivModFast.o               224
    I64DivMod.o                   106
    I64DivZer.o                     2
    IntDivZer.o                     2
    cexit.o                        10
    cmain.o                        26
    cstartup_M.o                   12
    data_init.o                    40
    memchr.o                       24
    memcmp.o                       40
    packbits_init_single.o         60
    strcpy.o                       16
    strlen.o                       16
    strncpy.o                      36
    uread4.o                       22
    uwrite4.o                      20
    zero_init3.o                   60
    ---------------------------------------------------
    Total:                        884

shb_l.a: [5]
    exit.o                         20
    ---------------------------------------------------
    Total:                         20

    Gaps                                              3
    Linker created                          32    1 024
-------------------------------------------------------
    Grand Total:               39 470    2 031    7 567


*******************************************************************************
*** ENTRY LIST
***

Entry                      Address   Size  Type      Object
-----                      -------   ----  ----      ------
.iar.init_table$$Base   0x0800f6ec          --   Gb  - Linker created -
.iar.init_table$$Limit  0x0800f70c          --   Gb  - Linker created -
?main                   0x0800f70d         Code  Gb  cmain.o [4]
ADCConverclock          0x20001d18    0xc  Data  Gb  main.o [1]
ADCTimerCb              0x08005fa5    0x2  Code  Gb  main.o [1]
ADC_DelayMicroSecond    0x0800d54f   0x24  Code  Lc  stm32l0xx_hal_adc.o [1]
ADC_Enable              0x0800d4f3   0x4c  Code  Lc  stm32l0xx_hal_adc.o [1]
AD_Value                0x20000330    0x4  Data  Gb  main.o [1]
AD_ValueSum             0x20000334    0x4  Data  Gb  main.o [1]
AHBPrescTable           0x0800f630   0x10  Data  Gb  system_stm32l0xx.o [1]
APBPrescTable           0x0800f748    0x8  Data  Gb  system_stm32l0xx.o [1]
APPUnbindclock          0x20001d48    0xc  Data  Gb  nb.o [1]
ATTimeoutCb             0x080069a9   0xe4  Code  Gb  main.o [1]
ATTimeoutclock          0x200003a8    0xc  Data  Gb  nb.o [1]
AT_Retry_Num            0x20000359    0x1  Data  Gb  nb.o [1]
ActivedTimerNum         0x0800b58d   0x2a  Code  Lc  User_ClockDriver.o [1]
AntiShakeTimerStartFlag
                        0x20000310    0x1  Data  Gb  main.o [1]
BatValueConvert         0x0800836d   0x4a  Code  Gb  adc.o [1]
Bat_Level               0x200003c0    0x1  Data  Gb  schedule.o [1]
Bat_OK_Flag             0x20000322    0x1  Data  Gb  main.o [1]
Bat_Value               0x2000032c    0x4  Data  Gb  main.o [1]
Battery_Votege_Level_Normal
                        0x20000000   0x14  Data  Gb  adc.o [1]
BoardCloseCb            0x08006361    0x8  Code  Gb  main.o [1]
BoardCloseTimeoutclock  0x20001ca0    0xc  Data  Gb  nb.o [1]
BoardSleep              0x08007431   0x62  Code  Gb  main.o [1]
BoardStart              0x20000316    0x1  Data  Gb  main.o [1]
CMD_packageNum          0x20001d86    0x1  Data  Gb  nb.o [1]
CSTACK$$Base            0x20000458          --   Gb  - Linker created -
CSTACK$$Limit           0x20000858          --   Gb  - Linker created -
CalendarList            0x200010e0  0x348  Data  Gb  schedule.o [1]
CellReselection         0x200002e4   0x24  Data  Lc  main.o [1]
ClearFreq               0x200002d4   0x10  Data  Lc  main.o [1]
CloseEdrx               0x20000298   0x1c  Data  Lc  main.o [1]
Close_GPS               0x0800c437    0x6  Code  Gb  gps.o [1]
Close_NB                0x08009e7b    0x2  Code  Gb  nb.o [1]
Coap_EnterSleep         0x0800a76d   0x42  Code  Gb  nb.o [1]
Coap_Haed               0x20001c6c   0x28  Data  Gb  nb.o [1]
CurrentDayInTheLoop     0x20001c0d    0x1  Data  Gb  schedule.o [1]
DMA1_Channel2_3_IRQHandler
                        0x0800f529   0x10  Code  Gb  stm32l0xx_it.o [1]
DMA1_Channel4_5_6_7_IRQHandler
                        0x0800f539   0x1c  Code  Gb  stm32l0xx_it.o [1]
DMA_SetConfig           0x0800dce9   0x18  Code  Lc  stm32l0xx_hal_dma.o [1]
DataReport              0x08007f21  0x12e  Code  Gb  main.o [1]
DataRptCb               0x08007eb9    0x8  Code  Gb  main.o [1]
DataRptclock            0x20001cac    0xc  Data  Gb  nb.o [1]
DataRspTimerCb          0x08005fa7  0x178  Code  Gb  main.o [1]
DataRspclock            0x20000364    0xc  Data  Gb  nb.o [1]
DataUpFlag              0x20001c94    0x1  Data  Gb  nb.o [1]
DaySwitchCounter        0x20001c0e    0x1  Data  Gb  schedule.o [1]
DeviceRegistCb          0x08006369   0x7c  Code  Gb  main.o [1]
DeviceRegistclock       0x20001d0c    0xc  Data  Gb  nb.o [1]
Device_Close_GPS        0x08007e31   0x20  Code  Gb  main.o [1]
Device_Open_GPS         0x08007de9   0x40  Code  Gb  main.o [1]
Device_Open_NB          0x08007d71   0x70  Code  Gb  main.o [1]
EEPROM_ReadBytes        0x0800993b   0x16  Code  Gb  flash.o [1]
EEPROM_WriteBytes       0x08009909    0x2  Code  Gb  flash.o [1]
EXTI0_1_IRQHandler      0x0800f507    0xa  Code  Gb  stm32l0xx_it.o [1]
EXTI4_15_IRQHandler     0x0800f511   0x18  Code  Gb  stm32l0xx_it.o [1]
EvenPressCb             0x08007ae1   0x46  Code  Gb  main.o [1]
EvenPressFlag           0x20000311    0x1  Data  Gb  main.o [1]
EvenPressTimerStartFlag
                        0x2000021a    0x1  Data  Gb  main.o [1]
EvenPressclock          0x20000258    0xc  Data  Gb  main.o [1]
ExtraDataupFlag         0x20001d88    0x1  Data  Gb  nb.o [1]
ExtraDataupLEDFlag      0x20000319    0x1  Data  Gb  main.o [1]
ExtraDataupPreMode      0x2000031b    0x1  Data  Gb  main.o [1]
ExtraDataupTimerFlag    0x2000031a    0x1  Data  Gb  main.o [1]
FLASH_SetErrorCode      0x0800eee3   0xa4  Code  Lc  stm32l0xx_hal_flash.o [1]
FLASH_WaitForLastOperation
                        0x0800ee75   0x6c  Code  Gb  stm32l0xx_hal_flash.o [1]
FOTA_Cmplt_Flag         0x20001c9a    0x1  Data  Gb  nb.o [1]
FOTA_Cmplt_Flag_Read    0x08009c89    0xe  Code  Gb  FOTA.o [1]
FOTA_Cmplt_Flag_Write   0x08009c7b    0xe  Code  Gb  FOTA.o [1]
FOTA_Continue_Flag_Write
                        0x08009c6d    0xe  Code  Gb  FOTA.o [1]
FOTA_Info_Save          0x08009c1d    0xe  Code  Gb  FOTA.o [1]
FOTA_Msg_Process        0x08009a43   0x3e  Code  Gb  FOTA.o [1]
FOTA_New_Info_Check     0x08009bd9   0x44  Code  Gb  FOTA.o [1]
FOTA_New_Version_Process
                        0x08009ad9   0x7c  Code  Gb  FOTA.o [1]
FOTA_New_Version_Rsp    0x08009b55   0x14  Code  Gb  FOTA.o [1]
FOTA_Success_Rsp        0x08009b93   0x44  Code  Gb  FOTA.o [1]
FOTA_Task_Flag_Write    0x08009c55    0xe  Code  Gb  FOTA.o [1]
FOTA_Version_Rsp        0x08009a81   0x56  Code  Gb  FOTA.o [1]
Form_AT_Head            0x0800a0c5   0x84  Code  Gb  nb.o [1]
GPSInfoProcess          0x08006159  0x114  Code  Gb  main.o [1]
GPSKeepCb               0x08007b35   0x74  Code  Gb  main.o [1]
GPSKeepCounter          0x20000338    0x4  Data  Gb  main.o [1]
GPSKeepTimeoutFlag      0x2000021c    0x1  Data  Gb  main.o [1]
GPSKeepTimerStartFlag   0x2000021b    0x1  Data  Gb  main.o [1]
GPSKeepclock            0x20000264    0xc  Data  Gb  main.o [1]
GPSRMCCb                0x08007bad   0x14  Code  Gb  main.o [1]
GPSRMCCounter           0x20001d7f    0x1  Data  Gb  main.o [1]
GPSRMCclock             0x20000270    0xc  Data  Gb  main.o [1]
GPSSerchTimerStartFlag  0x20000219    0x1  Data  Gb  main.o [1]
GPSTimeOutclock         0x20001d3c    0xc  Data  Gb  nb.o [1]
GPS_GSV_Data            0x20001d6c    0x4  Data  Gb  gps.o [1]
GPS_GSV_Data_process    0x0800c651  0x1a8  Code  Gb  gps.o [1]
GPS_Info                0x200016d4   0xd4  Data  Gb  gps.o [1]
GPS_Info_Delete         0x0800c479   0x14  Code  Gb  gps.o [1]
GPS_Info_Store          0x0800c447   0x32  Code  Gb  gps.o [1]
GPS_Info_schedule       0x200017a8   0xd4  Data  Gb  gps.o [1]
GPS_Rx_Data_process     0x0800c48d  0x19e  Code  Gb  gps.o [1]
GPS_SerchTimeoutCb      0x08006295   0x9e  Code  Gb  main.o [1]
GPS_TO_NB_Data          0x20000294    0x4  Data  Gb  main.o [1]
GPS_TO_NB_GSV_Data      0x20001d70    0x4  Data  Gb  gps.o [1]
GPS_TO_NB_TimeOut_Data  0x20001c58   0x14  Data  Gb  gps.o [1]
HAL_ADC_ConfigChannel   0x0800d44b   0xa4  Code  Gb  stm32l0xx_hal_adc.o [1]
HAL_ADC_GetState        0x0800d4ef    0x4  Code  Gb  stm32l0xx_hal_adc.o [1]
HAL_ADC_GetValue        0x0800d445    0x6  Code  Gb  stm32l0xx_hal_adc.o [1]
HAL_ADC_Init            0x0800d15d  0x1a4  Code  Gb  stm32l0xx_hal_adc.o [1]
HAL_ADC_MspInit         0x0800833b   0x32  Code  Gb  adc.o [1]
HAL_ADC_PollForConversion
                        0x0800d35d   0xc6  Code  Gb  stm32l0xx_hal_adc.o [1]
HAL_ADC_Start           0x0800d301   0x4c  Code  Gb  stm32l0xx_hal_adc.o [1]
HAL_DMA_Abort           0x0800d951   0x4e  Code  Gb  stm32l0xx_hal_dma.o [1]
HAL_DMA_Abort_IT        0x0800d9b1   0x80  Code  Gb  stm32l0xx_hal_dma.o [1]
HAL_DMA_DeInit          0x0800d731  0x1b6  Code  Gb  stm32l0xx_hal_dma.o [1]
HAL_DMA_IRQHandler      0x0800da3d  0x28e  Code  Gb  stm32l0xx_hal_dma.o [1]
HAL_DMA_Init            0x0800d645   0xe6  Code  Gb  stm32l0xx_hal_dma.o [1]
HAL_DMA_Start_IT        0x0800d901   0x50  Code  Gb  stm32l0xx_hal_dma.o [1]
HAL_Delay               0x080098f1   0x18  Code  Wk  stm32l0xx_hal.o [1]
HAL_FLASHEx_DATAEEPROM_Lock
                        0x0800e799    0xe  Code  Gb  stm32l0xx_hal_flash_ex.o [1]
HAL_FLASHEx_DATAEEPROM_Program
                        0x0800e7ad   0x48  Code  Gb  stm32l0xx_hal_flash_ex.o [1]
HAL_FLASHEx_DATAEEPROM_Unlock
                        0x0800e781   0x18  Code  Gb  stm32l0xx_hal_flash_ex.o [1]
HAL_GPIO_DeInit         0x0800c2d7  0x100  Code  Gb  stm32l0xx_hal_gpio.o [1]
HAL_GPIO_EXTI_Callback  0x08005cc1    0x8  Code  Gb  main.o [1]
HAL_GPIO_EXTI_IRQHandler
                        0x0800c3f7   0x14  Code  Gb  stm32l0xx_hal_gpio.o [1]
HAL_GPIO_Init           0x0800c151  0x186  Code  Gb  stm32l0xx_hal_gpio.o [1]
HAL_GPIO_ReadPin        0x0800c3d7    0xc  Code  Gb  stm32l0xx_hal_gpio.o [1]
HAL_GPIO_TogglePin      0x0800c3ef    0x8  Code  Gb  stm32l0xx_hal_gpio.o [1]
HAL_GPIO_WritePin       0x0800c3e3    0xc  Code  Gb  stm32l0xx_hal_gpio.o [1]
HAL_GetTick             0x0800e775    0xc  Code  Wk  stm32l0xx_hal.o [1]
HAL_I2CEx_ConfigAnalogFilter
                        0x0800e6d5   0x38  Code  Gb  stm32l0xx_hal_i2c_ex.o [1]
HAL_I2CEx_ConfigDigitalFilter
                        0x0800e70d   0x34  Code  Gb  stm32l0xx_hal_i2c_ex.o [1]
HAL_I2C_Init            0x0800e0ed   0xa8  Code  Gb  stm32l0xx_hal_i2c.o [1]
HAL_I2C_Mem_Read        0x0800e2f9  0x160  Code  Gb  stm32l0xx_hal_i2c.o [1]
HAL_I2C_Mem_Write       0x0800e1a1  0x156  Code  Gb  stm32l0xx_hal_i2c.o [1]
HAL_I2C_MspInit         0x08008be3   0x48  Code  Gb  i2c.o [1]
HAL_IncTick             0x0800f5c5   0x10  Code  Wk  stm32l0xx_hal.o [1]
HAL_Init                0x0800815d   0x1a  Code  Gb  stm32l0xx_hal.o [1]
HAL_InitTick            0x0800d5dd   0x28  Code  Wk  stm32l0xx_hal.o [1]
HAL_MspInit             0x0800d605   0x40  Code  Gb  stm32l0xx_hal_msp.o [1]
HAL_NVIC_DisableIRQ     0x0800c0ab    0xe  Code  Gb  stm32l0xx_hal_cortex.o [1]
HAL_NVIC_EnableIRQ      0x0800c09d    0xe  Code  Gb  stm32l0xx_hal_cortex.o [1]
HAL_NVIC_SetPriority    0x0800c095    0x8  Code  Gb  stm32l0xx_hal_cortex.o [1]
HAL_PWREx_EnableFastWakeUp
                        0x0800818d    0xc  Code  Gb  stm32l0xx_hal_pwr_ex.o [1]
HAL_PWREx_EnableUltraLowPower
                        0x08008199    0xc  Code  Gb  stm32l0xx_hal_pwr_ex.o [1]
HAL_PWR_EnterSTOPMode   0x0800c119   0x30  Code  Gb  stm32l0xx_hal_pwr.o [1]
HAL_RCCEx_GetPeriphCLKFreq
                        0x0800be35  0x110  Code  Gb  stm32l0xx_hal_rcc_ex.o [1]
HAL_RCCEx_PeriphCLKConfig
                        0x0800bce1  0x14c  Code  Gb  stm32l0xx_hal_rcc_ex.o [1]
HAL_RCC_ClockConfig     0x0800b9a9  0x15e  Code  Gb  stm32l0xx_hal_rcc.o [1]
HAL_RCC_GetHCLKFreq     0x0800bb85    0x6  Code  Gb  stm32l0xx_hal_rcc.o [1]
HAL_RCC_GetOscConfig    0x0800bbb9   0x9a  Code  Gb  stm32l0xx_hal_rcc.o [1]
HAL_RCC_GetPCLK1Freq    0x0800bb8b    0xe  Code  Gb  stm32l0xx_hal_rcc.o [1]
HAL_RCC_GetPCLK2Freq    0x0800bba5    0xc  Code  Gb  stm32l0xx_hal_rcc.o [1]
HAL_RCC_GetSysClockFreq
                        0x0800bb19   0x6c  Code  Gb  stm32l0xx_hal_rcc.o [1]
HAL_RCC_OscConfig       0x0800b5c9  0x3ca  Code  Gb  stm32l0xx_hal_rcc.o [1]
HAL_RTCEx_DeactivateWakeUpTimer
                        0x0800cd01   0x7c  Code  Gb  stm32l0xx_hal_rtc_ex.o [1]
HAL_RTCEx_SetWakeUpTimer_IT
                        0x0800cc15   0xbc  Code  Gb  stm32l0xx_hal_rtc_ex.o [1]
HAL_RTCEx_WakeUpTimerEventCallback
                        0x080074cd  0x138  Code  Gb  main.o [1]
HAL_RTCEx_WakeUpTimerIRQHandler
                        0x0800cd7d   0x30  Code  Gb  stm32l0xx_hal_rtc_ex.o [1]
HAL_RTC_GetDate         0x0800dff5   0x3e  Code  Gb  stm32l0xx_hal_rtc.o [1]
HAL_RTC_GetTime         0x0800dee7   0x4c  Code  Gb  stm32l0xx_hal_rtc.o [1]
HAL_RTC_Init            0x0800dd49   0xa0  Code  Gb  stm32l0xx_hal_rtc.o [1]
HAL_RTC_MspInit         0x08008b05   0x2a  Code  Gb  rtc.o [1]
HAL_RTC_SetDate         0x0800df33   0xbe  Code  Gb  stm32l0xx_hal_rtc.o [1]
HAL_RTC_SetTime         0x0800dde9   0xfe  Code  Gb  stm32l0xx_hal_rtc.o [1]
HAL_RTC_WaitForSynchro  0x0800e053   0x30  Code  Gb  stm32l0xx_hal_rtc.o [1]
HAL_ResumeTick          0x0800817d   0x10  Code  Wk  stm32l0xx_hal.o [1]
HAL_SYSTICK_CLKSourceConfig
                        0x0800c0e1   0x18  Code  Gb  stm32l0xx_hal_cortex.o [1]
HAL_SYSTICK_Callback    0x0800c115    0x2  Code  Wk  stm32l0xx_hal_cortex.o [1]
HAL_SYSTICK_Config      0x0800c0b9   0x28  Code  Gb  stm32l0xx_hal_cortex.o [1]
HAL_SYSTICK_IRQHandler  0x0800c0f9    0x8  Code  Gb  stm32l0xx_hal_cortex.o [1]
HAL_TIMEx_MasterConfigSynchronization
                        0x0800dd01   0x48  Code  Gb  stm32l0xx_hal_tim_ex.o [1]
HAL_TIM_Base_DeInit     0x0800cde7   0x22  Code  Gb  stm32l0xx_hal_tim.o [1]
HAL_TIM_Base_Init       0x0800cdc9   0x1e  Code  Gb  stm32l0xx_hal_tim.o [1]
HAL_TIM_Base_MspDeInit  0x08008a2b   0x42  Code  Gb  tim.o [1]
HAL_TIM_Base_MspInit    0x080089cb   0x60  Code  Gb  tim.o [1]
HAL_TIM_Base_Start_IT   0x0800ce09   0x14  Code  Gb  stm32l0xx_hal_tim.o [1]
HAL_TIM_Base_Stop_IT    0x0800ce1d   0x1e  Code  Gb  stm32l0xx_hal_tim.o [1]
HAL_TIM_ConfigClockSource
                        0x0800cfbb   0xcc  Code  Gb  stm32l0xx_hal_tim.o [1]
HAL_TIM_IC_CaptureCallback
                        0x0800ee6b    0x2  Code  Wk  stm32l0xx_hal_tim.o [1]
HAL_TIM_IRQHandler      0x0800cea3  0x118  Code  Gb  stm32l0xx_hal_tim.o [1]
HAL_TIM_OC_DelayElapsedCallback
                        0x0800ee6d    0x2  Code  Wk  stm32l0xx_hal_tim.o [1]
HAL_TIM_OnePulse_Init   0x0800ce5d   0x46  Code  Gb  stm32l0xx_hal_tim.o [1]
HAL_TIM_OnePulse_MspInit
                        0x0800ee69    0x2  Code  Wk  stm32l0xx_hal_tim.o [1]
HAL_TIM_PWM_PulseFinishedCallback
                        0x0800ee6f    0x2  Code  Wk  stm32l0xx_hal_tim.o [1]
HAL_TIM_PeriodElapsedCallback
                        0x08005cc9   0x34  Code  Gb  main.o [1]
HAL_TIM_TriggerCallback
                        0x0800ee71    0x2  Code  Wk  stm32l0xx_hal_tim.o [1]
HAL_UARTEx_WakeupCallback
                        0x0800ed2d    0x2  Code  Wk  stm32l0xx_hal_uart_ex.o [1]
HAL_UART_AbortReceive   0x0800ab25   0x4e  Code  Gb  stm32l0xx_hal_uart.o [1]
HAL_UART_DMAStop        0x0800aacd   0x58  Code  Gb  stm32l0xx_hal_uart.o [1]
HAL_UART_ErrorCallback  0x0800ed29    0x2  Code  Wk  stm32l0xx_hal_uart.o [1]
HAL_UART_IRQHandler     0x0800ab8d  0x184  Code  Gb  stm32l0xx_hal_uart.o [1]
HAL_UART_Init           0x0800a889   0x66  Code  Gb  stm32l0xx_hal_uart.o [1]
HAL_UART_MspDeInit      0x08008721   0x82  Code  Gb  usart.o [1]
HAL_UART_MspInit        0x080084b5  0x212  Code  Gb  usart.o [1]
HAL_UART_Receive_DMA    0x0800aa3f   0x8e  Code  Gb  stm32l0xx_hal_uart.o [1]
HAL_UART_RxCpltCallback
                        0x080073e5    0xe  Code  Gb  main.o [1]
HAL_UART_RxHalfCpltCallback
                        0x0800ed9b    0x2  Code  Wk  stm32l0xx_hal_uart.o [1]
HAL_UART_Transmit       0x0800a8f5   0xc6  Code  Gb  stm32l0xx_hal_uart.o [1]
HAL_UART_Transmit_DMA   0x0800a9bb   0x84  Code  Gb  stm32l0xx_hal_uart.o [1]
HAL_UART_TxCpltCallback
                        0x080073cd   0x12  Code  Gb  main.o [1]
HAL_UART_TxHalfCpltCallback
                        0x0800ed99    0x2  Code  Wk  stm32l0xx_hal_uart.o [1]
HandelKeyInterrupt      0x08006405   0x84  Code  Gb  main.o [1]
Handel_LED              0x080064a1   0x84  Code  Gb  main.o [1]
Handel_NB_AT_RSP        0x08006b3d  0x658  Code  Gb  main.o [1]
Handel_ServerData       0x0800a15d  0x15e  Code  Gb  nb.o [1]
Handel_ServerData_Info_RSP
                        0x0800a315   0xca  Code  Gb  nb.o [1]
Handel_ServerData_Schedule_Config
                        0x08009291   0xee  Code  Gb  schedule.o [1]
Handel_UNIX_Data        0x0800a709   0x62  Code  Gb  nb.o [1]
Handel_coap_Data        0x0800a50d  0x194  Code  Gb  nb.o [1]
HardFault_Handler       0x0800f4eb    0x2  Code  Gb  stm32l0xx_it.o [1]
I2C_Flush_TXDR          0x0800e53d   0x1c  Code  Lc  stm32l0xx_hal_i2c.o [1]
I2C_IsAcknowledgeFailed
                        0x0800e641   0x64  Code  Lc  stm32l0xx_hal_i2c.o [1]
I2C_RequestMemoryRead   0x0800e4cf   0x6e  Code  Lc  stm32l0xx_hal_i2c.o [1]
I2C_RequestMemoryWrite  0x0800e461   0x6e  Code  Lc  stm32l0xx_hal_i2c.o [1]
I2C_TransferConfig      0x0800e6af   0x1e  Code  Lc  stm32l0xx_hal_i2c.o [1]
I2C_WaitOnFlagUntilTimeout
                        0x0800e559   0x50  Code  Lc  stm32l0xx_hal_i2c.o [1]
I2C_WaitOnSTOPFlagUntilTimeout
                        0x0800e5fd   0x44  Code  Lc  stm32l0xx_hal_i2c.o [1]
I2C_WaitOnTXISFlagUntilTimeout
                        0x0800e5a9   0x54  Code  Lc  stm32l0xx_hal_i2c.o [1]
InNetCb                 0x08007a59   0x76  Code  Gb  main.o [1]
InNetCounter            0x20000321    0x1  Data  Gb  main.o [1]
InNetTimeoutclock       0x20001d30    0xc  Data  Gb  nb.o [1]
InitFlag                0x2000031f    0x1  Data  Gb  main.o [1]
InitFlag_c              0x20000320    0x1  Data  Gb  main.o [1]
InnetTimeOutFlag        0x20000225    0x1  Data  Gb  main.o [1]
IsFound                 0x0800b30d   0x2c  Code  Lc  User_ClockDriver.o [1]
KeyAction               0x20000214    0x4  Data  Gb  main.o [1]
KeyPressTimerCb         0x08005e09   0xea  Code  Gb  main.o [1]
KeyPressTimerStartFlag  0x20000218    0x1  Data  Gb  main.o [1]
KeyPressclock           0x20000228    0xc  Data  Gb  main.o [1]
LEDBlinkCb              0x08005f15   0x40  Code  Gb  main.o [1]
LEDBlinkclock           0x20000234    0xc  Data  Gb  main.o [1]
LEDCb                   0x08005f0d    0x8  Code  Gb  main.o [1]
LEDProcess              0x08006663   0x76  Code  Gb  main.o [1]
LED_Blink_Count         0x20000313    0x1  Data  Lc  main.o [1]
LED_Init_Blink_Count    0x20000312    0x1  Data  Lc  main.o [1]
LED_Init_Blink_Finish   0x20001d81    0x1  Data  Gb  nb.o [1]
LEDclock                0x20001d24    0xc  Data  Gb  nb.o [1]
LIS3DH_GetWHO_AM_I      0x0800e87d    0x8  Code  Gb  lis3dh.o [1]
LIS3DH_HPFAOI1Enable    0x0800ea0d   0x30  Code  Gb  lis3dh.o [1]
LIS3DH_Int1LatchEnable  0x0800ead1   0x34  Code  Gb  lis3dh.o [1]
LIS3DH_ReadReg          0x0800e869    0xa  Code  Gb  lis3dh.o [1]
LIS3DH_SetAxis          0x0800e971   0x36  Code  Gb  lis3dh.o [1]
LIS3DH_SetBDU           0x0800e9db   0x32  Code  Gb  lis3dh.o [1]
LIS3DH_SetBoot          0x0800eb05   0x28  Code  Gb  lis3dh.o [1]
LIS3DH_SetFullScale     0x0800e9a7   0x34  Code  Gb  lis3dh.o [1]
LIS3DH_SetHPFCutOFF     0x0800ea6f   0x3c  Code  Gb  lis3dh.o [1]
LIS3DH_SetHPFMode       0x0800ea3d   0x32  Code  Gb  lis3dh.o [1]
LIS3DH_SetInt1Duration  0x0800eb71   0x14  Code  Gb  lis3dh.o [1]
LIS3DH_SetInt1Pin       0x0800eaab   0x26  Code  Gb  lis3dh.o [1]
LIS3DH_SetInt1Threshold
                        0x0800eb5d   0x14  Code  Gb  lis3dh.o [1]
LIS3DH_SetIntConfiguration
                        0x0800eb2d   0x30  Code  Gb  lis3dh.o [1]
LIS3DH_SetMode          0x0800e8c3   0xaa  Code  Gb  lis3dh.o [1]
LIS3DH_SetMode::ODR_old_value
                        0x20001d7d    0x1  Data  Lc  lis3dh.o [1]
LIS3DH_SetODR           0x0800e891   0x32  Code  Gb  lis3dh.o [1]
LIS3DH_WriteReg         0x0800e873    0xa  Code  Gb  lis3dh.o [1]
LPUART1_IRQHandler      0x0800f58b    0x6  Code  Gb  stm32l0xx_it.o [1]
LPUART1_Rx_Disable      0x08007315   0x44  Code  Gb  main.o [1]
LPUART1_Rx_Enable       0x08007309    0x6  Code  Gb  main.o [1]
Locator_Data            0x2000033c   0x10  Data  Gb  nb.o [1]
Locator_Data_ReportSleep
                        0x080095ad   0x8e  Code  Gb  schedule.o [1]
Locator_pram            0x2000034c    0x8  Data  Gb  nb.o [1]
Lsd_MEMS_Init           0x08009d85   0x2a  Code  Gb  lsd_mems.o [1]
Lsd_MEMS_SetWakeup_Mode
                        0x08009daf   0x6e  Code  Gb  lsd_mems.o [1]
MEMS_I2C_ReadAddr       0x08009e1d   0x20  Code  Gb  lsd_mems.o [1]
MEMS_I2C_WriteAddr      0x08009e3d   0x26  Code  Gb  lsd_mems.o [1]
MX_ADC_Init             0x080082cd   0x6e  Code  Gb  adc.o [1]
MX_DMA_Init             0x08008291   0x3c  Code  Gb  dma.o [1]
MX_GPIO_Init            0x080081a9   0xe8  Code  Gb  gpio.o [1]
MX_I2C1_Init            0x08008b85   0x5e  Code  Gb  i2c.o [1]
MX_LPUART1_UART_Init    0x08008419   0x34  Code  Gb  usart.o [1]
MX_RTC_Init             0x08008ad5   0x30  Code  Gb  rtc.o [1]
MX_TIM21_Init           0x08008905   0x62  Code  Gb  tim.o [1]
MX_TIM22_Init           0x08008969   0x62  Code  Gb  tim.o [1]
MX_TIM2_Init            0x0800889d   0x66  Code  Gb  tim.o [1]
MX_USART1_UART_Init     0x0800844d   0x34  Code  Gb  usart.o [1]
MX_USART2_UART_Init     0x08008481   0x34  Code  Gb  usart.o [1]
Min                     0x0800b339   0x44  Code  Lc  User_ClockDriver.o [1]
ModeDisplayCb           0x08007975   0xa2  Code  Gb  main.o [1]
ModeDisplayCount        0x20000317    0x1  Data  Gb  main.o [1]
ModeDisplayclock        0x2000024c    0xc  Data  Gb  main.o [1]
ModeSwitchFlag          0x20000318    0x1  Data  Gb  main.o [1]
MoveAlarmPreMode        0x20000221    0x1  Data  Gb  main.o [1]
NBResetclock            0x2000027c    0xc  Data  Gb  main.o [1]
NBTimeOutFlag           0x2000021d    0x1  Data  Gb  main.o [1]
NB_AT_CMD_Send          0x08009e7d  0x178  Code  Gb  nb.o [1]
NB_ERROR_counter        0x2000021e    0x1  Data  Gb  main.o [1]
NB_InNetWork_Flag       0x20001c96    0x1  Data  Gb  nb.o [1]
NB_NetWork_First_Init   0x2000021f    0x1  Data  Gb  main.o [1]
NB_NetWork_Init         0x08006aa5   0x44  Code  Gb  main.o [1]
NB_RESETCb              0x08007ec1   0x26  Code  Gb  main.o [1]
NB_Recv_Data_Process    0x0800a7b1   0x52  Code  Gb  nb.o [1]
NB_Report_to_ServerData
                        0x20000370   0x18  Data  Gb  nb.o [1]
NB_StateSend_counter    0x20001d83    0x1  Data  Gb  nb.o [1]
NB_Struct_Upload_Cmd    0x080099b9   0x8a  Code  Gb  FOTA.o [1]
NB_open_Flag            0x20001d84    0x1  Data  Gb  nb.o [1]
NB_send_buf             0x2000187c   0x98  Data  Gb  FOTA.o [1]
NB_send_buf_len         0x20001914    0x2  Data  Gb  FOTA.o [1]
NMI_Handler             0x0800f4e9    0x2  Code  Gb  stm32l0xx_it.o [1]
NVIC_SetPriority        0x0800c061   0x34  Code  Lc  stm32l0xx_hal_cortex.o [1]
NVIC_SystemReset        0x080058c1   0x12  Code  Lc  main.o [1]
Normal_StateFlag        0x2000035a    0x1  Data  Gb  nb.o [1]
NueStatesProcess        0x080071fd  0x100  Code  Gb  main.o [1]
OTA_flag                0x20000308    0x8  Data  Gb  main.o [1]
OTAingFlag              0x20001c99    0x1  Data  Gb  nb.o [1]
OneTimeoutCb            0x08006359    0x8  Code  Gb  main.o [1]
OneTimeoutclock         0x20000240    0xc  Data  Gb  main.o [1]
OpenPsm                 0x200002b4   0x20  Data  Lc  main.o [1]
Open_GPS                0x0800c42d    0xa  Code  Gb  gps.o [1]
Open_NB                 0x08009e6d    0xe  Code  Gb  nb.o [1]
PLLMulTable             0x0800f640    0xc  Data  Gb  system_stm32l0xx.o [1]
PT_flag                 0x20000223    0x1  Data  Gb  main.o [1]
PendSV_Handler          0x0800f4ef    0x2  Code  Gb  stm32l0xx_it.o [1]
Pre_Bat_Level           0x2000031e    0x1  Data  Gb  main.o [1]
RCC_SetFlashLatencyFromMSIRange
                        0x0800bc53   0x5e  Code  Lc  stm32l0xx_hal_rcc.o [1]
RTC_Bcd2ToByte          0x0800e0db   0x10  Code  Gb  stm32l0xx_hal_rtc.o [1]
RTC_ByteToBcd2          0x0800e0c5   0x16  Code  Gb  stm32l0xx_hal_rtc.o [1]
RTC_EnterInitMode       0x0800e089   0x36  Code  Gb  stm32l0xx_hal_rtc.o [1]
RTC_IRQHandler          0x0800f4fd    0xa  Code  Gb  stm32l0xx_it.o [1]
RTC_Timer_Start         0x08007499   0x18  Code  Gb  main.o [1]
Region$$Table$$Base     0x0800f6ec          --   Gb  - Linker created -
Region$$Table$$Limit    0x0800f70c          --   Gb  - Linker created -
RegistFinishFlag        0x20001c98    0x1  Data  Gb  nb.o [1]
RegistFlag              0x20000355    0x1  Data  Gb  nb.o [1]
RegistStateFlag         0x20001c95    0x1  Data  Gb  nb.o [1]
Retry_state             0x20000358    0x1  Data  Gb  nb.o [1]
SVC_Handler             0x0800f4ed    0x2  Code  Gb  stm32l0xx_it.o [1]
ScheduleModeProcess     0x08007e69   0x38  Code  Gb  main.o [1]
ScheduleParmSet         0x0800a3e1   0xc4  Code  Gb  nb.o [1]
Schedule_CMD            0x20001d5c    0x8  Data  Gb  schedule.o [1]
Schedule_CMD_State      0x20001bf4    0x4  Data  Gb  schedule.o [1]
Schedule_Data_Report    0x0800908d  0x1ee  Code  Gb  schedule.o [1]
Schedule_Data_upload    0x20001cf4   0x14  Data  Gb  schedule.o [1]
Schedule_ModeFlag       0x20001d8d    0x1  Data  Gb  schedule.o [1]
Schedule_Mode_Data      0x20001d54    0x8  Data  Gb  schedule.o [1]
Schedule_Mode_GPSFlag   0x20000220    0x1  Data  Gb  main.o [1]
Schedule_State          0x20001d8e    0x1  Data  Gb  schedule.o [1]
Schedule_StateSend_counter
                        0x20001d90    0x1  Data  Gb  schedule.o [1]
Schedule_StateStartFlag
                        0x20001d8f    0x1  Data  Gb  schedule.o [1]
Signal_Level            0x200003b4    0xc  Data  Gb  schedule.o [1]
SleepIO_Config          0x0800805d   0x76  Code  Gb  main.o [1]
SleepStatus             0x20001d80    0x1  Data  Gb  nb.o [1]
State_Init              0x08006559  0x10a  Code  Gb  main.o [1]
StopMode_Measure        0x08005d11   0x70  Code  Gb  main.o [1]
SysTick_Handler         0x0800f4f1    0xc  Code  Gb  stm32l0xx_it.o [1]
SystemClock_Config      0x08005a67   0xa6  Code  Gb  main.o [1]
SystemCoreClock         0x200003c4    0x4  Data  Gb  system_stm32l0xx.o [1]
SystemInit              0x0800f5d5   0x3e  Code  Gb  system_stm32l0xx.o [1]
TIM21_IRQHandler        0x0800f55f    0xa  Code  Gb  stm32l0xx_it.o [1]
TIM22_IRQHandler        0x0800f569    0xa  Code  Gb  stm32l0xx_it.o [1]
TIM2_IRQHandler         0x0800f555    0xa  Code  Gb  stm32l0xx_it.o [1]
TIM_Base_SetConfig      0x0800d091   0x46  Code  Lc  stm32l0xx_hal_tim.o [1]
TIM_ETR_SetConfig       0x0800d133   0x14  Code  Lc  stm32l0xx_hal_tim.o [1]
TIM_ITRx_SetConfig      0x0800d123   0x10  Code  Lc  stm32l0xx_hal_tim.o [1]
TIM_TI1_ConfigInputStage
                        0x0800d0dd   0x22  Code  Lc  stm32l0xx_hal_tim.o [1]
TIM_TI2_ConfigInputStage
                        0x0800d0ff   0x24  Code  Lc  stm32l0xx_hal_tim.o [1]
TLocator_Data_Report    0x080093a1  0x1f8  Code  Gb  schedule.o [1]
TSETCb                  0x080080dd    0x8  Code  Gb  main.o [1]
TaskDelete              0x0800b37d   0x58  Code  Lc  User_ClockDriver.o [1]
Testclock               0x20000288    0xc  Data  Gb  main.o [1]
TimeSynclock            0x20001c10    0xc  Data  Gb  schedule.o [1]
Time_Syn_Retry_Num      0x20001c0c    0x1  Data  Gb  schedule.o [1]
Time_synFlag            0x20001d8c    0x1  Data  Gb  schedule.o [1]
Time_syn_Cb             0x0800963b    0x2  Code  Gb  schedule.o [1]
Time_syn_RetryTimerInit
                        0x0800963d   0x12  Code  Gb  schedule.o [1]
Time_syning_Flag        0x20001d91    0x1  Data  Gb  schedule.o [1]
TrackerCycle_short_Flag
                        0x20000357    0x1  Data  Gb  nb.o [1]
TxCompleteFlag          0x20001d87    0x1  Data  Gb  nb.o [1]
UART1_Rx_Disable        0x08007385   0x40  Code  Gb  main.o [1]
UART1_Rx_Enable         0x08007359   0x10  Code  Gb  main.o [1]
UART_AdvFeatureConfig   0x0800af49   0xc8  Code  Gb  stm32l0xx_hal_uart.o [1]
UART_CheckIdleState     0x0800b011   0x64  Code  Gb  stm32l0xx_hal_uart.o [1]
UART_DMAAbortOnError    0x0800b205   0x14  Code  Lc  stm32l0xx_hal_uart.o [1]
UART_DMAError           0x0800b1bf   0x46  Code  Lc  stm32l0xx_hal_uart.o [1]
UART_DMAReceiveCplt     0x0800b15f   0x3e  Code  Lc  stm32l0xx_hal_uart.o [1]
UART_DMARxHalfCplt      0x0800b1b5    0xa  Code  Lc  stm32l0xx_hal_uart.o [1]
UART_DMATransmitCplt    0x0800b125   0x30  Code  Lc  stm32l0xx_hal_uart.o [1]
UART_DMATxHalfCplt      0x0800b155    0xa  Code  Lc  stm32l0xx_hal_uart.o [1]
UART_EndRxTransfer      0x0800b0f7   0x1c  Code  Lc  stm32l0xx_hal_uart.o [1]
UART_EndTxTransfer      0x0800b0e5   0x12  Code  Lc  stm32l0xx_hal_uart.o [1]
UART_Receive_IT         0x0800b219   0x70  Code  Lc  stm32l0xx_hal_uart.o [1]
UART_SetConfig          0x0800ad15  0x214  Code  Gb  stm32l0xx_hal_uart.o [1]
UART_WaitOnFlagUntilTimeout
                        0x0800b079   0x62  Code  Gb  stm32l0xx_hal_uart.o [1]
USART1_IRQHandler       0x0800f573    0x6  Code  Gb  stm32l0xx_it.o [1]
USART2_IRQHandler       0x0800f579    0x4  Code  Gb  stm32l0xx_it.o [1]
UnbindCb                0x08007ad9    0x8  Code  Gb  main.o [1]
UsartReceive_IDLE       0x080087c1   0xb6  Code  Gb  usart.o [1]
UsartType               0x20000858  0x450  Data  Gb  usart.o [1]
UsartType2              0x20000ca8   0x38  Data  Gb  usart.o [1]
UserDataInit            0x08005b0d   0x4a  Code  Gb  main.o [1]
UserIOInit              0x080073f9   0x1e  Code  Gb  main.o [1]
UserStartLedClock       0x0800791d   0x1c  Code  Gb  main.o [1]
UserStopLedClock        0x08007941   0x12  Code  Gb  main.o [1]
UserTimerInit           0x08005ba9  0x10e  Code  Gb  main.o [1]
User_AdcProcess         0x08007bf9   0xe8  Code  Gb  main.o [1]
User_Event_Process      0x08007679  0x296  Code  Gb  main.o [1]
User_NB_TaskProcess     0x080067a1  0x1d4  Code  Gb  main.o [1]
User_StartClock         0x0800b445   0x84  Code  Gb  User_ClockDriver.o [1]
User_StopClock          0x0800b3d5   0x70  Code  Gb  User_ClockDriver.o [1]
User_TaskRemarks        0x0800b4c9   0x5e  Code  Gb  User_ClockDriver.o [1]
User_Timer_Diff_ms      0x0800b301    0xc  Code  Gb  User_ClockDriver.o [1]
User_Timer_Start        0x0800b2d5   0x2c  Code  Gb  User_ClockDriver.o [1]
User_Timer_TaskProcess  0x0800b527   0x60  Code  Gb  User_ClockDriver.o [1]
User_UartProcess        0x08007ced   0x56  Code  Gb  main.o [1]
_Error_Handler          0x08008159    0x2  Code  Gb  main.o [1]
_IsdstStr               0x200003e0    0x4  Data  Gb  setlocale.o [3]
_LocaleC_isspace        0x0800efb5   0x14  Code  Gb  xlocale_c.o [3]
_LocaleC_tolower        0x0800efc9    0xc  Code  Gb  xlocale_c.o [3]
_LocaleForCat           0x0800efa1   0x10  Code  Gb  setlocale.o [3]
_LocaleReturnString     0x20000400   0x50  Data  Lc  setlocale.o [3]
_Locale_Profile         0x200003e4   0x1c  Data  Gb  setlocale.o [3]
_Strtok_ssave           0x200003d8    0x4  Data  Lc  strtok.o [3]
_TzoneStr               0x200003dc    0x4  Data  Gb  setlocale.o [3]
__aeabi_errno_addr      0x0800ee59    0xa  Code  Gb  errno.o [3]
__aeabi_idiv            0x0800bfad         Code  Gb  I32DivModFast.o [4]
__aeabi_idiv0           0x0800ed9d         Code  Gb  IntDivZer.o [4]
__aeabi_idivmod         0x0800bfad         Code  Gb  I32DivModFast.o [4]
__aeabi_ldiv0           0x0800ef91         Code  Gb  I64DivZer.o [4]
__aeabi_memclr          0x0800d5d5         Code  Gb  ABImemset.o [4]
__aeabi_memclr4         0x0800d5d9         Code  Gb  ABImemset.o [4]
__aeabi_memclr8         0x0800d5d9         Code  Gb  ABImemset.o [4]
__aeabi_memcpy          0x0800995d         Code  Gb  ABImemcpy.o [4]
__aeabi_memcpy4         0x08009985         Code  Wk  ABImemcpy.o [4]
__aeabi_uidiv           0x0800bfb3         Code  Gb  I32DivModFast.o [4]
__aeabi_uidivmod        0x0800bfb3         Code  Gb  I32DivModFast.o [4]
__aeabi_uldivmod        0x0800ed2f         Code  Gb  I64DivMod.o [4]
__aeabi_uread4          0x0800e75d         Code  Gb  uread4.o [4]
__aeabi_uwrite4         0x0800cc01         Code  Gb  uwrite4.o [4]
__cmain                 0x0800f70d         Code  Gb  cmain.o [4]
__exit                  0x0800efd5   0x14  Code  Gb  exit.o [5]
__iar_Errno             0x20000450    0x4  Data  Gb  errno.o [3]
__iar_Memchr            0x0800ee41   0x18  Code  Gb  memchr.o [4]
__iar_Memset4_word      0x0800d5a5         Code  Gb  ABImemset.o [4]
__iar_Memset_word       0x0800d591         Code  Gb  ABImemset.o [4]
__iar_Stoul             0x0800cba7    0xa  Code  Gb  xstoul.o [3]
__iar_Stoulx            0x0800ca85  0x122  Code  Gb  xstoul.o [3]
__iar_Strstr            0x0800ca4d   0x38  Code  Gb  strstr.o [3]
__iar_data_init3        0x0800f6c5   0x28  Code  Gb  data_init.o [4]
__iar_dlib_perthread_access
                        0x0800ed9f    0x2  Code  Gb  xtls.o [3]
__iar_packbits_init_single3
                        0x0800f689   0x3c  Code  Gb  packbits_init_single.o [4]
__iar_program_start     0x0800f73d         Code  Gb  cstartup_M.o [4]
__iar_zero_init3        0x0800f64d   0x3c  Code  Gb  zero_init3.o [4]
__low_level_init        0x0800f727    0x4  Code  Gb  low_level_init.o [3]
__vector_table          0x08005800         Data  Gb  startup_stm32l051xx.o [1]
_call_main              0x0800f719         Code  Gb  cmain.o [4]
_exit                   0x0800ef95         Code  Gb  cexit.o [4]
_main                   0x0800f723         Code  Gb  cmain.o [4]
adc_counter             0x20000324    0x2  Data  Gb  main.o [1]
adc_timeoutFlag         0x2000031c    0x1  Data  Gb  main.o [1]
applib_dt_dayindex      0x0800ebff   0x7a  Code  Gb  UNIX.o [1]
applib_dt_is_leap_year  0x0800eba9   0x30  Code  Gb  UNIX.o [1]
applib_dt_last_day_of_mon
                        0x0800ebd9   0x26  Code  Gb  UNIX.o [1]
ascsToHexs              0x0800c8e3   0x26  Code  Gb  tools.o [1]
at_cmd_data_p           0x20000ce0  0x400  Data  Gb  tools.o [1]
chargeEnable            0x20000314    0x1  Data  Lc  main.o [1]
chargeFinish            0x20000315    0x1  Data  Gb  main.o [1]
charsToHex              0x0800c885   0x5e  Code  Gb  tools.o [1]
charsToHex1             0x0800ca1b   0x32  Code  Gb  tools.o [1]
checkSum                0x0800c909   0x1c  Code  Gb  tools.o [1]
checkSumChar            0x0800c925   0x22  Code  Gb  tools.o [1]
clock_list              0x200015a8  0x12c  Data  Gb  User_ClockDriver.o [1]
clock_list_idx          0x200003c8    0x1  Data  Gb  User_ClockDriver.o [1]
closeAllLed             0x080066e5   0x26  Code  Gb  main.o [1]
cmd_OK_Flag             0x20001c97    0x1  Data  Gb  nb.o [1]
cmeErrorCounter         0x20000224    0x1  Data  Gb  main.o [1]
coapEnterSleep          0x20000388   0x20  Data  Gb  nb.o [1]
crc16_ccitt_table       0x20000014  0x200  Data  Gb  crc16.o [1]
crc_check               0x0800e831    0xe  Code  Gb  crc16.o [1]
curAT_RSP_ID            0x20000356    0x1  Data  Gb  nb.o [1]
currentLoadValue        0x200003cc    0x4  Data  Gb  User_ClockDriver.o [1]
currentMode             0x20000354    0x1  Data  Gb  nb.o [1]
cycleStartFlag          0x20001d92    0x1  Data  Gb  schedule.o [1]
dataCycle               0x20000360    0x2  Data  Gb  nb.o [1]
data_confirmFlag        0x20001d82    0x1  Data  Gb  nb.o [1]
digits                  0x0800cbb0   0x28  Data  Lc  xstoul.o [3]
do_crc                  0x0800e809   0x24  Code  Gb  crc16.o [1]
eff_satCounter          0x20001d7c    0x1  Data  Gb  gps.o [1]
endWeekCycle            0x08008ec9   0x2a  Code  Gb  schedule.o [1]
event                   0x20000328    0x4  Data  Gb  main.o [1]
exit                    0x0800ede9    0x8  Code  Gb  exit.o [3]
fota_cmd_buf            0x20001bbc   0x34  Data  Gb  FOTA.o [1]
fota_info               0x20001c1c   0x28  Data  Gb  FOTA.o [1]
g_day_per_mon           0x0800ed1c    0xc  Data  Gb  UNIX.o [1]
getFollowedMode         0x08008efd  0x164  Code  Gb  schedule.o [1]
getRTC_Date_Time        0x08008d55   0x42  Code  Gb  schedule.o [1]
gps_open_Flag           0x20001d85    0x1  Data  Gb  nb.o [1]
gps_serch_counter       0x20000226    0x2  Data  Gb  main.o [1]
hadc                    0x20001a68   0x60  Data  Gb  adc.o [1]
hdma_lpuart1_rx         0x20001428   0x40  Data  Gb  usart.o [1]
hdma_lpuart1_tx         0x20001468   0x40  Data  Gb  usart.o [1]
hdma_usart1_rx          0x200014a8   0x40  Data  Gb  usart.o [1]
hdma_usart1_tx          0x200014e8   0x40  Data  Gb  usart.o [1]
hdma_usart2_rx          0x20001528   0x40  Data  Gb  usart.o [1]
hdma_usart2_tx          0x20001568   0x40  Data  Gb  usart.o [1]
hex2String              0x0800c9a1   0x36  Code  Gb  tools.o [1]
hex_to_dig              0x0800ca0b   0x10  Code  Gb  tools.o [1]
hi2c1                   0x20001ac8   0x4c  Data  Gb  i2c.o [1]
hlpuart1                0x20001918   0x70  Data  Gb  usart.o [1]
hrtc                    0x20001cb8   0x24  Data  Gb  rtc.o [1]
htim2                   0x20001b14   0x38  Data  Gb  tim.o [1]
htim21                  0x20001b4c   0x38  Data  Gb  tim.o [1]
htim22                  0x20001b84   0x38  Data  Gb  tim.o [1]
huart1                  0x20001988   0x70  Data  Gb  usart.o [1]
huart2                  0x200019f8   0x70  Data  Gb  usart.o [1]
isspace                 0x0800ee1d   0x12  Code  Gb  isxxx.o [3]
keyFlag                 0x20000222    0x1  Data  Gb  main.o [1]
lastStartTimer_sysT32   0x200003d0    0x4  Data  Lc  User_ClockDriver.o [1]
main                    0x080058d5  0x192  Code  Gb  main.o [1]
memcmp                  0x0800e83f   0x28  Code  Gb  memcmp.o [4]
memsIsOpen              0x20001d7e    0x1  Data  Lc  lsd_mems.o [1]
move_alarm_Flag         0x20001d89    0x1  Data  Gb  nb.o [1]
move_alarm_Init_Flag    0x2000035c    0x1  Data  Gb  nb.o [1]
move_alarm_enable_Flag  0x2000035b    0x1  Data  Gb  nb.o [1]
move_continue_Flag      0x2000031d    0x1  Data  Gb  main.o [1]
msg_seq_num             0x2000035e    0x2  Data  Gb  nb.o [1]
my_time                 0x20001d64    0x8  Data  Gb  UNIX.o [1]
mystrstr                0x0800c9d7   0x34  Code  Gb  tools.o [1]
nb_gps_data             0x20001c44   0x14  Data  Gb  gps.o [1]
ndigs                   0x0800cbd8   0x28  Data  Lc  xstoul.o [3]
pFlash                  0x20001cdc   0x18  Data  Gb  stm32l0xx_hal_flash.o [1]
packageFinishFlag       0x20001d09    0x1  Data  Gb  nb.o [1]
print                   0x080097c1  0x102  Code  Lc  printf-stdarg.o [1]
printchar               0x08009689   0x20  Code  Lc  printf-stdarg.o [1]
printf                  0x080098c3   0x14  Code  Gb  printf-stdarg.o [1]
printi                  0x08009719   0xa6  Code  Lc  printf-stdarg.o [1]
prints                  0x080096b1   0x68  Code  Lc  printf-stdarg.o [1]
regist_counter          0x20001916    0x2  Data  Gb  main.o [1]
schedule_recoverFlag    0x20000323    0x1  Data  Gb  main.o [1]
sdatestructure          0x20001bf0    0x4  Data  Gb  schedule.o [1]
serviceCMD_Process_result
                        0x20001d08    0x1  Data  Gb  nb.o [1]
setRTC_Date_Time        0x08008c89   0xac  Code  Gb  schedule.o [1]
sprintf                 0x080098d7   0x12  Code  Gb  printf-stdarg.o [1]
stimestructure          0x20001bf8   0x14  Data  Gb  schedule.o [1]
str2                    0x20001c9c    0x4  Data  Gb  nb.o [1]
strcat                  0x0800edf1   0x1c  Code  Gb  strcat.o [3]
strcpy                  0x0800ee0d         Code  Gb  strcpy.o [4]
strcspn                 0x0800edc5   0x24  Code  Gb  strcspn.o [3]
strlen                  0x0800c875   0x10  Code  Gb  strlen.o [4]
strncmp                 0x0800b2a9   0x2c  Code  Gb  strncmp.o [3]
strncpy                 0x0800eb85   0x24  Code  Gb  strncpy.o [4]
strspn                  0x0800eda1   0x24  Code  Gb  strspn.o [3]
strtok                  0x0800c825   0x50  Code  Gb  strtok.o [3]
switchToToday           0x08008dc1  0x104  Code  Gb  schedule.o [1]
taskEvents              0x200003d4    0x4  Data  Lc  User_ClockDriver.o [1]
testFlag2               0x20001d8a    0x1  Data  Gb  nb.o [1]
testFlag3               0x20001d8b    0x1  Data  Gb  nb.o [1]
tolower                 0x0800ee2f   0x12  Code  Gb  tolower.o [3]
tool_memcpy             0x0800c947   0x14  Code  Gb  tools.o [1]
tool_strcat             0x0800c95b   0x3e  Code  Gb  tools.o [1]
utc_sec_2_mytime        0x0800ec79   0x9c  Code  Gb  UNIX.o [1]
uwTick                  0x20001d78    0x4  Data  Gb  stm32l0xx_hal.o [1]
wakeupCounter           0x20001d74    0x4  Data  Gb  nb.o [1]


[1] = D:\TELUS\AIS_PROGRAM\Locator_L051T8_AIS_alarm_FOTA_Austria\EWARM\Locator_L051T8\Obj
[2] = command line
[3] = dl6M_tlf.a
[4] = rt6M_tl.a
[5] = shb_l.a

  39 470 bytes of readonly  code memory
   2 031 bytes of readonly  data memory
   7 567 bytes of readwrite data memory

Errors: none
Warnings: none
