###############################################################################
#
# IAR ELF Linker V7.70.1.11437/W32 for ARM                17/Jul/2018  16:11:50
# Copyright 2007-2016 IAR Systems AB.
#
#    Output file  =  
#        D:\TELUS\HONGKONG\Locator_L051T8_0717\EWARM\Locator_L051T8\Exe\Locator_L051T8.out
#    Map file     =  
#        D:\TELUS\HONGKONG\Locator_L051T8_0717\EWARM\Locator_L051T8\List\Locator_L051T8.map
#    Command line =  
#        D:\TELUS\HONGKONG\Locator_L051T8_0717\EWARM\Locator_L051T8\Obj\adc.o
#        D:\TELUS\HONGKONG\Locator_L051T8_0717\EWARM\Locator_L051T8\Obj\dma.o
#        D:\TELUS\HONGKONG\Locator_L051T8_0717\EWARM\Locator_L051T8\Obj\flash.o
#        D:\TELUS\HONGKONG\Locator_L051T8_0717\EWARM\Locator_L051T8\Obj\gpio.o
#        D:\TELUS\HONGKONG\Locator_L051T8_0717\EWARM\Locator_L051T8\Obj\gps.o
#        D:\TELUS\HONGKONG\Locator_L051T8_0717\EWARM\Locator_L051T8\Obj\main.o
#        D:\TELUS\HONGKONG\Locator_L051T8_0717\EWARM\Locator_L051T8\Obj\nb.o
#        D:\TELUS\HONGKONG\Locator_L051T8_0717\EWARM\Locator_L051T8\Obj\printf-stdarg.o
#        D:\TELUS\HONGKONG\Locator_L051T8_0717\EWARM\Locator_L051T8\Obj\rtc.o
#        D:\TELUS\HONGKONG\Locator_L051T8_0717\EWARM\Locator_L051T8\Obj\schedule.o
#        D:\TELUS\HONGKONG\Locator_L051T8_0717\EWARM\Locator_L051T8\Obj\startup_stm32l051xx.o
#        D:\TELUS\HONGKONG\Locator_L051T8_0717\EWARM\Locator_L051T8\Obj\stm32l0xx_hal.o
#        D:\TELUS\HONGKONG\Locator_L051T8_0717\EWARM\Locator_L051T8\Obj\stm32l0xx_hal_adc.o
#        D:\TELUS\HONGKONG\Locator_L051T8_0717\EWARM\Locator_L051T8\Obj\stm32l0xx_hal_adc_ex.o
#        D:\TELUS\HONGKONG\Locator_L051T8_0717\EWARM\Locator_L051T8\Obj\stm32l0xx_hal_cortex.o
#        D:\TELUS\HONGKONG\Locator_L051T8_0717\EWARM\Locator_L051T8\Obj\stm32l0xx_hal_dma.o
#        D:\TELUS\HONGKONG\Locator_L051T8_0717\EWARM\Locator_L051T8\Obj\stm32l0xx_hal_flash.o
#        D:\TELUS\HONGKONG\Locator_L051T8_0717\EWARM\Locator_L051T8\Obj\stm32l0xx_hal_flash_ex.o
#        D:\TELUS\HONGKONG\Locator_L051T8_0717\EWARM\Locator_L051T8\Obj\stm32l0xx_hal_flash_ramfunc.o
#        D:\TELUS\HONGKONG\Locator_L051T8_0717\EWARM\Locator_L051T8\Obj\stm32l0xx_hal_gpio.o
#        D:\TELUS\HONGKONG\Locator_L051T8_0717\EWARM\Locator_L051T8\Obj\stm32l0xx_hal_i2c.o
#        D:\TELUS\HONGKONG\Locator_L051T8_0717\EWARM\Locator_L051T8\Obj\stm32l0xx_hal_i2c_ex.o
#        D:\TELUS\HONGKONG\Locator_L051T8_0717\EWARM\Locator_L051T8\Obj\stm32l0xx_hal_msp.o
#        D:\TELUS\HONGKONG\Locator_L051T8_0717\EWARM\Locator_L051T8\Obj\stm32l0xx_hal_pwr.o
#        D:\TELUS\HONGKONG\Locator_L051T8_0717\EWARM\Locator_L051T8\Obj\stm32l0xx_hal_pwr_ex.o
#        D:\TELUS\HONGKONG\Locator_L051T8_0717\EWARM\Locator_L051T8\Obj\stm32l0xx_hal_rcc.o
#        D:\TELUS\HONGKONG\Locator_L051T8_0717\EWARM\Locator_L051T8\Obj\stm32l0xx_hal_rcc_ex.o
#        D:\TELUS\HONGKONG\Locator_L051T8_0717\EWARM\Locator_L051T8\Obj\stm32l0xx_hal_rtc.o
#        D:\TELUS\HONGKONG\Locator_L051T8_0717\EWARM\Locator_L051T8\Obj\stm32l0xx_hal_rtc_ex.o
#        D:\TELUS\HONGKONG\Locator_L051T8_0717\EWARM\Locator_L051T8\Obj\stm32l0xx_hal_tim.o
#        D:\TELUS\HONGKONG\Locator_L051T8_0717\EWARM\Locator_L051T8\Obj\stm32l0xx_hal_tim_ex.o
#        D:\TELUS\HONGKONG\Locator_L051T8_0717\EWARM\Locator_L051T8\Obj\stm32l0xx_hal_uart.o
#        D:\TELUS\HONGKONG\Locator_L051T8_0717\EWARM\Locator_L051T8\Obj\stm32l0xx_hal_uart_ex.o
#        D:\TELUS\HONGKONG\Locator_L051T8_0717\EWARM\Locator_L051T8\Obj\stm32l0xx_it.o
#        D:\TELUS\HONGKONG\Locator_L051T8_0717\EWARM\Locator_L051T8\Obj\system_stm32l0xx.o
#        D:\TELUS\HONGKONG\Locator_L051T8_0717\EWARM\Locator_L051T8\Obj\tim.o
#        D:\TELUS\HONGKONG\Locator_L051T8_0717\EWARM\Locator_L051T8\Obj\tools.o
#        D:\TELUS\HONGKONG\Locator_L051T8_0717\EWARM\Locator_L051T8\Obj\usart.o
#        D:\TELUS\HONGKONG\Locator_L051T8_0717\EWARM\Locator_L051T8\Obj\User_ClockDriver.o
#        --redirect _Printf=_PrintfFull --redirect _Scanf=_ScanfFull -o
#        D:\TELUS\HONGKONG\Locator_L051T8_0717\EWARM\Locator_L051T8\Exe\Locator_L051T8.out
#        --map
#        D:\TELUS\HONGKONG\Locator_L051T8_0717\EWARM\Locator_L051T8\List\Locator_L051T8.map
#        --config
#        D:\TELUS\HONGKONG\Locator_L051T8_0717\EWARM/stm32l051xx_flash.icf
#        --semihosting --entry __iar_program_start --vfe
#
###############################################################################

*******************************************************************************
*** RUNTIME MODEL ATTRIBUTES
***

CppFlavor                     = *
__SystemLibrary               = DLib
__dlib_dynamic_initialization = normal


*******************************************************************************
*** PLACEMENT SUMMARY
***

"A0":  place at 0x08000000 { ro section .intvec };
"P1":  place in [from 0x08000000 to 0x0800ffff] { ro };
"P2":  place in [from 0x20000000 to 0x20001fff] { rw, block CSTACK, block HEAP };
initialize by copy { rw };

  Section             Kind        Address    Size  Object
  -------             ----        -------    ----  ------
"A0":                                        0xc0
  .intvec             ro code  0x08000000    0xc0  startup_stm32l051xx.o [1]
                             - 0x080000c0    0xc0

"P1":                                      0xc493
  .text               ro code  0x080000c0  0x3408  main.o [1]
  .text               ro code  0x080034c8    0x20  stm32l0xx_hal.o [1]
  .text               ro code  0x080034e8    0xf8  gpio.o [1]
  .text               ro code  0x080035e0    0x44  dma.o [1]
  .text               ro code  0x08003624   0x164  adc.o [1]
  .text               ro code  0x08003788   0x5d8  usart.o [1]
  .text               ro code  0x08003d60   0x248  tim.o [1]
  .text               ro code  0x08003fa8    0x84  rtc.o [1]
  .text               ro code  0x0800402c  0x1444  schedule.o [1]
  .text               ro code  0x08005470   0x2fc  printf-stdarg.o [1]
  .text               ro code  0x0800576c    0x1a  stm32l0xx_hal.o [1]
  .text               ro code  0x08005786     0x2  startup_stm32l051xx.o [1]
  .text               ro code  0x08005788    0x5c  flash.o [1]
  .text               ro code  0x080057e4  0x1154  nb.o [1]
  .text               ro code  0x08006938   0xd1c  stm32l0xx_hal_uart.o [1]
  .text               ro code  0x08007654    0x2c  strncmp.o [3]
  .text               ro code  0x08007680   0x4b0  User_ClockDriver.o [1]
  .text               ro code  0x08007b30   0x9bc  stm32l0xx_hal_rcc.o [1]
  .text               ro code  0x080084ec   0x42c  stm32l0xx_hal_rcc_ex.o [1]
  .text               ro code  0x08008918    0xe0  I32DivModFast.o [4]
  .text               ro code  0x080089f8   0x156  stm32l0xx_hal_cortex.o [1]
  .text               ro code  0x08008b4e     0x2  startup_stm32l051xx.o [1]
  .text               ro code  0x08008b50    0x48  stm32l0xx_hal_pwr.o [1]
  .text               ro code  0x08008b98   0x3a8  stm32l0xx_hal_gpio.o [1]
  .text               ro code  0x08008f40    0x5c  ABImemcpy.o [4]
  .text               ro code  0x08008f9c   0x5bc  gps.o [1]
  .text               ro code  0x08009558    0x50  strtok.o [3]
  .text               ro code  0x080095a8    0x10  strlen.o [4]
  .text               ro code  0x080095b8   0x2c8  tools.o [1]
  .text               ro code  0x08009880    0x10  main.o [1]
  .text               ro code  0x08009890    0x54  ABImemset.o [4]
  .text               ro code  0x080098e4     0xc  atoi.o [3]
  .text               ro code  0x080098f0    0x14  uwrite4.o [4]
  .text               ro code  0x08009904    0x24  stm32l0xx_hal_pwr_ex.o [1]
  .text               ro code  0x08009928   0x1f8  stm32l0xx_hal_rtc_ex.o [1]
  .text               ro code  0x08009b20   0x4a4  stm32l0xx_hal_tim.o [1]
  .text               ro code  0x08009fc4   0x4f8  stm32l0xx_hal_adc.o [1]
  .text               ro code  0x0800a4bc    0x28  stm32l0xx_hal.o [1]
  .text               ro code  0x0800a4e4    0x4c  stm32l0xx_hal_msp.o [1]
  .text               ro code  0x0800a530   0x89c  stm32l0xx_hal_dma.o [1]
  .text               ro code  0x0800adcc    0x5c  stm32l0xx_hal_tim_ex.o [1]
  .text               ro code  0x0800ae28   0x470  stm32l0xx_hal_rtc.o [1]
  .text               ro code  0x0800b298    0x16  uread4.o [4]
  .text               ro code  0x0800b2ae     0x2  startup_stm32l051xx.o [1]
  .text               ro code  0x0800b2b0     0xc  stm32l0xx_hal.o [1]
  .text               ro code  0x0800b2bc    0xb4  stm32l0xx_hal_flash_ex.o [1]
  .text               ro code  0x0800b370     0x2  stm32l0xx_hal_uart.o [1]
  .text               ro code  0x0800b372     0x2  startup_stm32l051xx.o [1]
  .text               ro code  0x0800b374     0x2  stm32l0xx_hal_uart_ex.o [1]
  .text               ro code  0x0800b376     0x2  startup_stm32l051xx.o [1]
  .text               ro code  0x0800b378    0x32  I64Mul.o [4]
  .text               ro code  0x0800b3aa    0x6a  I64DivMod.o [4]
  .text               ro code  0x0800b414     0x2  stm32l0xx_hal_uart.o [1]
  .text               ro code  0x0800b416     0x2  stm32l0xx_hal_uart.o [1]
  .text               ro code  0x0800b418     0x2  IntDivZer.o [4]
  .text               ro code  0x0800b41a     0x2  xtls.o [3]
  .text               ro code  0x0800b41c    0x24  strspn.o [3]
  .text               ro code  0x0800b440    0x24  strcspn.o [3]
  .text               ro code  0x0800b464     0x8  exit.o [3]
  .text               ro code  0x0800b46c    0x10  strcpy.o [4]
  .text               ro code  0x0800b47c    0x1c  strcat.o [3]
  .text               ro code  0x0800b498    0x38  strstr.o [3]
  .text               ro code  0x0800b4d0   0x17c  xstoul.o [3]
  .text               ro code  0x0800b64c     0x2  stm32l0xx_hal_tim.o [1]
  .text               ro code  0x0800b64e     0x2  stm32l0xx_hal_tim.o [1]
  .text               ro code  0x0800b650     0x2  stm32l0xx_hal_tim.o [1]
  .text               ro code  0x0800b652     0x2  stm32l0xx_hal_tim.o [1]
  .text               ro code  0x0800b654     0x2  stm32l0xx_hal_tim.o [1]
  .text               ro code  0x0800b656     0x2  startup_stm32l051xx.o [1]
  .text               ro code  0x0800b658   0x158  stm32l0xx_hal_flash.o [1]
  .text               ro code  0x0800b7b0     0x2  I64DivZer.o [4]
  .text               ro code  0x0800b7b2     0x2  startup_stm32l051xx.o [1]
  .text               ro code  0x0800b7b4     0xa  cexit.o [4]
  .text               ro code  0x0800b7be    0x12  isxxx.o [3]
  .text               ro code  0x0800b7d0    0x12  tolower.o [3]
  .text               ro code  0x0800b7e2    0x18  memchr.o [4]
  .text               ro code  0x0800b7fa     0x2  startup_stm32l051xx.o [1]
  .text               ro code  0x0800b7fc    0x10  errno.o [3]
  .text               ro code  0x0800b80c    0x14  exit.o [5]
  .text               ro code  0x0800b820    0x14  setlocale.o [3]
  .text               ro code  0x0800b834    0x14  xlocale_c.o [3]
  .text               ro code  0x0800b848     0xc  xlocale_c.o [3]
  .text               ro code  0x0800b854    0xf0  stm32l0xx_it.o [1]
  .text               ro code  0x0800b944    0x10  stm32l0xx_hal.o [1]
  .text               ro code  0x0800b954    0x80  system_stm32l0xx.o [1]
  .rodata             const    0x0800b9d4    0x4c  adc.o [1]
  .rodata             const    0x0800ba20    0x4c  rtc.o [1]
  .rodata             const    0x0800ba6c    0x4c  tim.o [1]
  .rodata             const    0x0800bab8    0x4c  usart.o [1]
  .text               ro code  0x0800bb04    0x3c  zero_init3.o [4]
  .text               ro code  0x0800bb40    0x3c  packbits_init_single.o [4]
  .rodata             const    0x0800bb7c    0x34  main.o [1]
  .text               ro code  0x0800bbb0    0x28  data_init.o [4]
  .iar.init_table     const    0x0800bbd8    0x20  - Linker created -
  .rodata             const    0x0800bbf8    0x1c  main.o [1]
  .text               ro code  0x0800bc14    0x1a  cmain.o [4]
  .text               ro code  0x0800bc2e     0x4  low_level_init.o [3]
  .text               ro code  0x0800bc32     0x2  startup_stm32l051xx.o [1]
  .rodata             const    0x0800bc34    0x18  main.o [1]
  .rodata             const    0x0800bc4c    0x18  main.o [1]
  .rodata             const    0x0800bc64    0x18  main.o [1]
  .rodata             const    0x0800bc7c    0x18  main.o [1]
  .rodata             const    0x0800bc94    0x18  nb.o [1]
  .rodata             const    0x0800bcac    0x18  nb.o [1]
  .rodata             const    0x0800bcc4    0x14  main.o [1]
  .rodata             const    0x0800bcd8    0x14  main.o [1]
  .rodata             const    0x0800bcec    0x14  main.o [1]
  .rodata             const    0x0800bd00    0x14  main.o [1]
  .rodata             const    0x0800bd14    0x14  main.o [1]
  .rodata             const    0x0800bd28    0x14  main.o [1]
  .rodata             const    0x0800bd3c    0x14  nb.o [1]
  .rodata             const    0x0800bd50    0x14  nb.o [1]
  .rodata             const    0x0800bd64    0x14  schedule.o [1]
  .rodata             const    0x0800bd78    0x14  schedule.o [1]
  .rodata             const    0x0800bd8c    0x10  main.o [1]
  .rodata             const    0x0800bd9c    0x10  main.o [1]
  .rodata             const    0x0800bdac    0x10  main.o [1]
  .rodata             const    0x0800bdbc    0x10  main.o [1]
  .rodata             const    0x0800bdcc    0x10  main.o [1]
  .rodata             const    0x0800bddc    0x10  main.o [1]
  .rodata             const    0x0800bdec    0x10  main.o [1]
  .rodata             const    0x0800bdfc    0x10  main.o [1]
  .rodata             const    0x0800be0c    0x10  main.o [1]
  .rodata             const    0x0800be1c    0x10  main.o [1]
  .rodata             const    0x0800be2c    0x10  main.o [1]
  .rodata             const    0x0800be3c    0x10  main.o [1]
  .rodata             const    0x0800be4c    0x10  main.o [1]
  .rodata             const    0x0800be5c    0x10  main.o [1]
  .rodata             const    0x0800be6c    0x10  main.o [1]
  .rodata             const    0x0800be7c    0x10  main.o [1]
  .rodata             const    0x0800be8c    0x10  main.o [1]
  .rodata             const    0x0800be9c    0x10  main.o [1]
  .rodata             const    0x0800beac    0x10  main.o [1]
  .rodata             const    0x0800bebc    0x10  main.o [1]
  .rodata             const    0x0800becc    0x10  main.o [1]
  .rodata             const    0x0800bedc    0x10  main.o [1]
  .rodata             const    0x0800beec    0x10  main.o [1]
  .rodata             const    0x0800befc    0x10  main.o [1]
  .rodata             const    0x0800bf0c    0x10  main.o [1]
  .rodata             const    0x0800bf1c    0x10  main.o [1]
  .rodata             const    0x0800bf2c    0x10  main.o [1]
  .rodata             const    0x0800bf3c    0x10  main.o [1]
  .rodata             const    0x0800bf4c    0x10  main.o [1]
  .rodata             const    0x0800bf5c    0x10  nb.o [1]
  .rodata             const    0x0800bf6c    0x10  nb.o [1]
  .rodata             const    0x0800bf7c    0x10  nb.o [1]
  .rodata             const    0x0800bf8c    0x10  nb.o [1]
  .rodata             const    0x0800bf9c    0x10  nb.o [1]
  .rodata             const    0x0800bfac    0x10  nb.o [1]
  .rodata             const    0x0800bfbc    0x10  nb.o [1]
  .rodata             const    0x0800bfcc    0x10  schedule.o [1]
  .rodata             const    0x0800bfdc    0x10  schedule.o [1]
  .rodata             const    0x0800bfec    0x10  schedule.o [1]
  .rodata             const    0x0800bffc    0x10  schedule.o [1]
  .rodata             const    0x0800c00c    0x10  schedule.o [1]
  .rodata             const    0x0800c01c    0x10  system_stm32l0xx.o [1]
  .text               ro code  0x0800c02c    0x10  startup_stm32l051xx.o [1]
  .rodata             const    0x0800c03c     0xc  gps.o [1]
  .rodata             const    0x0800c048     0xc  gps.o [1]
  .rodata             const    0x0800c054     0xc  main.o [1]
  .rodata             const    0x0800c060     0xc  main.o [1]
  .rodata             const    0x0800c06c     0xc  main.o [1]
  .rodata             const    0x0800c078     0xc  main.o [1]
  .rodata             const    0x0800c084     0xc  main.o [1]
  .rodata             const    0x0800c090     0xc  main.o [1]
  .rodata             const    0x0800c09c     0xc  main.o [1]
  .rodata             const    0x0800c0a8     0xc  main.o [1]
  .rodata             const    0x0800c0b4     0xc  main.o [1]
  .rodata             const    0x0800c0c0     0xc  main.o [1]
  .rodata             const    0x0800c0cc     0xc  main.o [1]
  .rodata             const    0x0800c0d8     0xc  main.o [1]
  .rodata             const    0x0800c0e4     0xc  main.o [1]
  .rodata             const    0x0800c0f0     0xc  main.o [1]
  .rodata             const    0x0800c0fc     0xc  main.o [1]
  .rodata             const    0x0800c108     0xc  main.o [1]
  .rodata             const    0x0800c114     0xc  main.o [1]
  .rodata             const    0x0800c120     0xc  main.o [1]
  .rodata             const    0x0800c12c     0xc  main.o [1]
  .rodata             const    0x0800c138     0xc  main.o [1]
  .rodata             const    0x0800c144     0xc  main.o [1]
  .rodata             const    0x0800c150     0xc  main.o [1]
  .rodata             const    0x0800c15c     0xc  main.o [1]
  .rodata             const    0x0800c168     0xc  main.o [1]
  .rodata             const    0x0800c174     0xc  main.o [1]
  .rodata             const    0x0800c180     0xc  main.o [1]
  .rodata             const    0x0800c18c     0xc  main.o [1]
  .rodata             const    0x0800c198     0xc  main.o [1]
  .rodata             const    0x0800c1a4     0xc  main.o [1]
  .rodata             const    0x0800c1b0     0xc  main.o [1]
  .rodata             const    0x0800c1bc     0xc  main.o [1]
  .rodata             const    0x0800c1c8     0xc  main.o [1]
  .rodata             const    0x0800c1d4     0xc  main.o [1]
  .rodata             const    0x0800c1e0     0xc  main.o [1]
  .rodata             const    0x0800c1ec     0xc  main.o [1]
  .rodata             const    0x0800c1f8     0xc  main.o [1]
  .rodata             const    0x0800c204     0xc  main.o [1]
  .rodata             const    0x0800c210     0xc  nb.o [1]
  .rodata             const    0x0800c21c     0xc  nb.o [1]
  .rodata             const    0x0800c228     0xc  nb.o [1]
  .rodata             const    0x0800c234     0xc  nb.o [1]
  .rodata             const    0x0800c240     0xc  nb.o [1]
  .rodata             const    0x0800c24c     0xc  nb.o [1]
  .rodata             const    0x0800c258     0xc  nb.o [1]
  .rodata             const    0x0800c264     0xc  nb.o [1]
  .rodata             const    0x0800c270     0xc  nb.o [1]
  .rodata             const    0x0800c27c     0xc  schedule.o [1]
  .rodata             const    0x0800c288     0xc  system_stm32l0xx.o [1]
  .text               ro code  0x0800c294     0xc  cstartup_M.o [4]
  .rodata             const    0x0800c2a0     0x8  gps.o [1]
  .rodata             const    0x0800c2a8     0x8  gps.o [1]
  .rodata             const    0x0800c2b0     0x8  main.o [1]
  .rodata             const    0x0800c2b8     0x8  main.o [1]
  .rodata             const    0x0800c2c0     0x8  main.o [1]
  .rodata             const    0x0800c2c8     0x8  main.o [1]
  .rodata             const    0x0800c2d0     0x8  main.o [1]
  .rodata             const    0x0800c2d8     0x8  main.o [1]
  .rodata             const    0x0800c2e0     0x8  main.o [1]
  .rodata             const    0x0800c2e8     0x8  main.o [1]
  .rodata             const    0x0800c2f0     0x8  main.o [1]
  .rodata             const    0x0800c2f8     0x8  main.o [1]
  .rodata             const    0x0800c300     0x8  main.o [1]
  .rodata             const    0x0800c308     0x8  main.o [1]
  .rodata             const    0x0800c310     0x8  main.o [1]
  .rodata             const    0x0800c318     0x8  main.o [1]
  .rodata             const    0x0800c320     0x8  main.o [1]
  .rodata             const    0x0800c328     0x8  main.o [1]
  .rodata             const    0x0800c330     0x8  main.o [1]
  .rodata             const    0x0800c338     0x8  main.o [1]
  .rodata             const    0x0800c340     0x8  main.o [1]
  .rodata             const    0x0800c348     0x8  main.o [1]
  .rodata             const    0x0800c350     0x8  main.o [1]
  .rodata             const    0x0800c358     0x8  main.o [1]
  .rodata             const    0x0800c360     0x8  main.o [1]
  .rodata             const    0x0800c368     0x8  main.o [1]
  .rodata             const    0x0800c370     0x8  main.o [1]
  .rodata             const    0x0800c378     0x8  main.o [1]
  .rodata             const    0x0800c380     0x8  main.o [1]
  .rodata             const    0x0800c388     0x8  main.o [1]
  .rodata             const    0x0800c390     0x8  main.o [1]
  .rodata             const    0x0800c398     0x8  main.o [1]
  .rodata             const    0x0800c3a0     0x8  nb.o [1]
  .rodata             const    0x0800c3a8     0x8  nb.o [1]
  .rodata             const    0x0800c3b0     0x8  nb.o [1]
  .rodata             const    0x0800c3b8     0x8  nb.o [1]
  .rodata             const    0x0800c3c0     0x8  nb.o [1]
  .rodata             const    0x0800c3c8     0x8  nb.o [1]
  .rodata             const    0x0800c3d0     0x8  nb.o [1]
  .rodata             const    0x0800c3d8     0x8  nb.o [1]
  .rodata             const    0x0800c3e0     0x8  nb.o [1]
  .rodata             const    0x0800c3e8     0x8  nb.o [1]
  .rodata             const    0x0800c3f0     0x8  nb.o [1]
  .rodata             const    0x0800c3f8     0x8  nb.o [1]
  .rodata             const    0x0800c400     0x8  nb.o [1]
  .rodata             const    0x0800c408     0x8  nb.o [1]
  .rodata             const    0x0800c410     0x8  nb.o [1]
  .rodata             const    0x0800c418     0x8  nb.o [1]
  .rodata             const    0x0800c420     0x8  nb.o [1]
  .rodata             const    0x0800c428     0x8  nb.o [1]
  .rodata             const    0x0800c430     0x8  nb.o [1]
  .rodata             const    0x0800c438     0x8  nb.o [1]
  .rodata             const    0x0800c440     0x8  nb.o [1]
  .rodata             const    0x0800c448     0x8  nb.o [1]
  .rodata             const    0x0800c450     0x8  nb.o [1]
  .rodata             const    0x0800c458     0x8  nb.o [1]
  .rodata             const    0x0800c460     0x8  nb.o [1]
  .rodata             const    0x0800c468     0x8  nb.o [1]
  .rodata             const    0x0800c470     0x8  nb.o [1]
  .rodata             const    0x0800c478     0x8  nb.o [1]
  .rodata             const    0x0800c480     0x8  printf-stdarg.o [1]
  .rodata             const    0x0800c488     0x8  schedule.o [1]
  .rodata             const    0x0800c490     0x8  schedule.o [1]
  .rodata             const    0x0800c498     0x8  schedule.o [1]
  .rodata             const    0x0800c4a0     0x8  system_stm32l0xx.o [1]
  .rodata             const    0x0800c4a8     0x4  main.o [1]
  .rodata             const    0x0800c4ac     0x4  schedule.o [1]
  .text               ro code  0x0800c4b0     0x2  startup_stm32l051xx.o [1]
  .text               ro code  0x0800c4b2     0x2  startup_stm32l051xx.o [1]
  .text               ro code  0x0800c4b4     0x2  startup_stm32l051xx.o [1]
  .text               ro code  0x0800c4b6     0x2  startup_stm32l051xx.o [1]
  .rodata             const    0x0800c4b8     0x0  zero_init3.o [4]
  .rodata             const    0x0800c4b8     0x0  packbits_init_single.o [4]
  Initializer bytes   const    0x0800c4b8    0x9b  <for P2-1>
                             - 0x0800c553  0xc493

"P2", part 1 of 3:                          0x11e
  P2-1                         0x20000000   0x11e  <Init block>
    .data             inited   0x20000000    0x14  adc.o [1]
    .data             inited   0x20000014     0x4  main.o [1]
    .data             inited   0x20000018    0x1c  main.o [1]
    .data             inited   0x20000034    0x20  main.o [1]
    .data             inited   0x20000054    0x10  main.o [1]
    .data             inited   0x20000064    0x24  main.o [1]
    .data             inited   0x20000088     0xc  main.o [1]
    .data             inited   0x20000094     0x4  system_stm32l0xx.o [1]
    .data             inited   0x20000098     0x4  User_ClockDriver.o [1]
    __DLIB_PERTHREAD  inited   0x2000009c     0x4  strtok.o [3]
    __DLIB_PERTHREAD  inited   0x200000a0     0x4  errno.o [3]
    __DLIB_PERTHREAD  inited   0x200000a4    0x74  setlocale.o [3]
    .data             inited   0x20000118     0x1  main.o [1]
    .data             inited   0x20000119     0x1  main.o [1]
    .data             inited   0x2000011a     0x1  main.o [1]
    .data             inited   0x2000011b     0x1  main.o [1]
    .data             inited   0x2000011c     0x1  nb.o [1]
    .data             inited   0x2000011d     0x1  nb.o [1]
                             - 0x2000011e   0x11e

"P2", part 2 of 3:                          0x400
  CSTACK                       0x20000120   0x400  <Block>
    CSTACK            uninit   0x20000120   0x400  <Block tail>
                             - 0x20000520   0x400

"P2", part 3 of 3:                         0x1868
  .bss                zero     0x20000520   0x450  usart.o [1]
  .bss                zero     0x20000970   0x400  tools.o [1]
  .bss                zero     0x20000d70   0x348  schedule.o [1]
  .bss                zero     0x200010b8   0x348  schedule.o [1]
  .bss                zero     0x20001400   0x180  User_ClockDriver.o [1]
  .bss                zero     0x20001580    0xd4  gps.o [1]
  .bss                zero     0x20001654    0xd4  gps.o [1]
  .bss                zero     0x20001728    0x70  usart.o [1]
  .bss                zero     0x20001798    0x70  usart.o [1]
  .bss                zero     0x20001808    0x70  usart.o [1]
  .bss                zero     0x20001878    0x60  adc.o [1]
  .bss                zero     0x200018d8    0x40  usart.o [1]
  .bss                zero     0x20001918    0x40  usart.o [1]
  .bss                zero     0x20001958    0x40  usart.o [1]
  .bss                zero     0x20001998    0x40  usart.o [1]
  .bss                zero     0x200019d8    0x40  usart.o [1]
  .bss                zero     0x20001a18    0x40  usart.o [1]
  .bss                zero     0x20001a58    0x38  tim.o [1]
  .bss                zero     0x20001a90    0x38  tim.o [1]
  .bss                zero     0x20001ac8    0x38  tim.o [1]
  .bss                zero     0x20001b00    0x38  usart.o [1]
  .bss                zero     0x20001b38    0x24  rtc.o [1]
  .bss                zero     0x20001b5c    0x18  nb.o [1]
  .bss                zero     0x20001b74    0x18  stm32l0xx_hal_flash.o [1]
  .bss                zero     0x20001b8c    0x14  gps.o [1]
  .bss                zero     0x20001ba0    0x14  gps.o [1]
  .bss                zero     0x20001bb4    0x14  schedule.o [1]
  .bss                zero     0x20001bc8    0x14  schedule.o [1]
  .bss                zero     0x20001bdc    0x10  nb.o [1]
  .bss                zero     0x20001bec     0xc  main.o [1]
  .bss                zero     0x20001bf8     0xc  main.o [1]
  .bss                zero     0x20001c04     0xc  main.o [1]
  .bss                zero     0x20001c10     0xc  main.o [1]
  .bss                zero     0x20001c1c     0xc  main.o [1]
  .bss                zero     0x20001c28     0xc  main.o [1]
  .bss                zero     0x20001c34     0xc  main.o [1]
  .bss                zero     0x20001c40     0xc  main.o [1]
  .bss                zero     0x20001c4c     0xc  main.o [1]
  .bss                zero     0x20001c58     0xc  main.o [1]
  .bss                zero     0x20001c64     0xc  main.o [1]
  .bss                zero     0x20001c70     0xc  nb.o [1]
  .bss                zero     0x20001c7c     0xc  nb.o [1]
  .bss                zero     0x20001c88     0xc  nb.o [1]
  .bss                zero     0x20001c94     0xc  nb.o [1]
  .bss                zero     0x20001ca0     0xc  nb.o [1]
  .bss                zero     0x20001cac     0xc  nb.o [1]
  .bss                zero     0x20001cb8     0xc  nb.o [1]
  .bss                zero     0x20001cc4     0xc  nb.o [1]
  .bss                zero     0x20001cd0     0xc  schedule.o [1]
  .bss                zero     0x20001cdc     0xc  schedule.o [1]
  .bss                zero     0x20001ce8     0x8  nb.o [1]
  .bss                zero     0x20001cf0     0x8  schedule.o [1]
  .bss                zero     0x20001cf8     0x8  schedule.o [1]
  .bss                zero     0x20001d00     0x4  gps.o [1]
  .bss                zero     0x20001d04     0x4  gps.o [1]
  .bss                zero     0x20001d08     0x4  main.o [1]
  .bss                zero     0x20001d0c     0x4  main.o [1]
  .bss                zero     0x20001d10     0x4  main.o [1]
  .bss                zero     0x20001d14     0x4  main.o [1]
  .bss                zero     0x20001d18     0x4  main.o [1]
  .bss                zero     0x20001d1c     0x4  main.o [1]
  .bss                zero     0x20001d20     0x4  nb.o [1]
  .bss                zero     0x20001d24     0x4  schedule.o [1]
  .bss                zero     0x20001d28     0x4  schedule.o [1]
  .bss                zero     0x20001d2c     0x4  stm32l0xx_hal.o [1]
  .bss                zero     0x20001d30     0x4  User_ClockDriver.o [1]
  .bss                zero     0x20001d34     0x4  User_ClockDriver.o [1]
  .bss                zero     0x20001d38     0x2  main.o [1]
  .bss                zero     0x20001d3a     0x2  main.o [1]
  .bss                zero     0x20001d3c     0x2  main.o [1]
  .bss                zero     0x20001d3e     0x2  nb.o [1]
  .bss                zero     0x20001d40     0x2  nb.o [1]
  .bss                zero     0x20001d42     0x1  gps.o [1]
  .bss                zero     0x20001d43     0x1  main.o [1]
  .bss                zero     0x20001d44     0x1  main.o [1]
  .bss                zero     0x20001d45     0x1  main.o [1]
  .bss                zero     0x20001d46     0x1  main.o [1]
  .bss                zero     0x20001d47     0x1  main.o [1]
  .bss                zero     0x20001d48     0x1  main.o [1]
  .bss                zero     0x20001d49     0x1  main.o [1]
  .bss                zero     0x20001d4a     0x1  main.o [1]
  .bss                zero     0x20001d4b     0x1  main.o [1]
  .bss                zero     0x20001d4c     0x1  main.o [1]
  .bss                zero     0x20001d4d     0x1  main.o [1]
  .bss                zero     0x20001d4e     0x1  main.o [1]
  .bss                zero     0x20001d4f     0x1  main.o [1]
  .bss                zero     0x20001d50     0x1  main.o [1]
  .bss                zero     0x20001d51     0x1  main.o [1]
  .bss                zero     0x20001d52     0x1  main.o [1]
  .bss                zero     0x20001d53     0x1  main.o [1]
  .bss                zero     0x20001d54     0x1  main.o [1]
  .bss                zero     0x20001d55     0x1  main.o [1]
  .bss                zero     0x20001d56     0x1  main.o [1]
  .bss                zero     0x20001d57     0x1  main.o [1]
  .bss                zero     0x20001d58     0x1  main.o [1]
  .bss                zero     0x20001d59     0x1  main.o [1]
  .bss                zero     0x20001d5a     0x1  main.o [1]
  .bss                zero     0x20001d5b     0x1  main.o [1]
  .bss                zero     0x20001d5c     0x1  main.o [1]
  .bss                zero     0x20001d5d     0x1  main.o [1]
  .bss                zero     0x20001d5e     0x1  main.o [1]
  .bss                zero     0x20001d5f     0x1  main.o [1]
  .bss                zero     0x20001d60     0x1  main.o [1]
  .bss                zero     0x20001d61     0x1  main.o [1]
  .bss                zero     0x20001d62     0x1  nb.o [1]
  .bss                zero     0x20001d63     0x1  nb.o [1]
  .bss                zero     0x20001d64     0x1  nb.o [1]
  .bss                zero     0x20001d65     0x1  nb.o [1]
  .bss                zero     0x20001d66     0x1  nb.o [1]
  .bss                zero     0x20001d67     0x1  nb.o [1]
  .bss                zero     0x20001d68     0x1  nb.o [1]
  .bss                zero     0x20001d69     0x1  nb.o [1]
  .bss                zero     0x20001d6a     0x1  nb.o [1]
  .bss                zero     0x20001d6b     0x1  nb.o [1]
  .bss                zero     0x20001d6c     0x1  nb.o [1]
  .bss                zero     0x20001d6d     0x1  nb.o [1]
  .bss                zero     0x20001d6e     0x1  nb.o [1]
  .bss                zero     0x20001d6f     0x1  nb.o [1]
  .bss                zero     0x20001d70     0x1  nb.o [1]
  .bss                zero     0x20001d71     0x1  nb.o [1]
  .bss                zero     0x20001d72     0x1  nb.o [1]
  .bss                zero     0x20001d73     0x1  nb.o [1]
  .bss                zero     0x20001d74     0x1  nb.o [1]
  .bss                zero     0x20001d75     0x1  nb.o [1]
  .bss                zero     0x20001d76     0x1  nb.o [1]
  .bss                zero     0x20001d77     0x1  nb.o [1]
  .bss                zero     0x20001d78     0x1  schedule.o [1]
  .bss                zero     0x20001d79     0x1  schedule.o [1]
  .bss                zero     0x20001d7a     0x1  schedule.o [1]
  .bss                zero     0x20001d7b     0x1  schedule.o [1]
  .bss                zero     0x20001d7c     0x1  schedule.o [1]
  .bss                zero     0x20001d7d     0x1  schedule.o [1]
  .bss                zero     0x20001d7e     0x1  schedule.o [1]
  .bss                zero     0x20001d7f     0x1  schedule.o [1]
  .bss                zero     0x20001d80     0x1  schedule.o [1]
  .bss                zero     0x20001d81     0x1  schedule.o [1]
  .bss                zero     0x20001d82     0x1  schedule.o [1]
  .bss                zero     0x20001d83     0x1  schedule.o [1]
  .bss                zero     0x20001d84     0x1  schedule.o [1]
  .bss                zero     0x20001d85     0x1  User_ClockDriver.o [1]
                             - 0x20001d86  0x1866


*******************************************************************************
*** INIT TABLE
***

          Address     Size
          -------     ----
Zero (__iar_zero_init3)
    1 destination range, total size 0x1866:
          0x20000520  0x1866

Copy/packbits (__iar_packbits_init_single3)
    1 source range, total size 0x9b (54% of destination):
          0x0800c4b8    0x9b
    1 destination range, total size 0x11e:
          0x20000000   0x11e



*******************************************************************************
*** MODULE SUMMARY
***

    Module                    ro code  ro data  rw data
    ------                    -------  -------  -------
D:\TELUS\HONGKONG\Locator_L051T8_0717\EWARM\Locator_L051T8\Obj: [1]
    User_ClockDriver.o          1 200        2      397
    adc.o                         356       86      116
    dma.o                          68
    flash.o                        92
    gpio.o                        248
    gps.o                       1 468       40      473
    main.o                     13 336    1 520      325
    nb.o                        4 436      534      176
    printf-stdarg.o               764        8
    rtc.o                         132       76       36
    schedule.o                  5 188      160    1 781
    startup_stm32l051xx.o         234
    stm32l0xx_hal.o               126                 4
    stm32l0xx_hal_adc.o         1 272
    stm32l0xx_hal_cortex.o        342
    stm32l0xx_hal_dma.o         2 204
    stm32l0xx_hal_flash.o         344                24
    stm32l0xx_hal_flash_ex.o      180
    stm32l0xx_hal_gpio.o          936
    stm32l0xx_hal_msp.o            76
    stm32l0xx_hal_pwr.o            72
    stm32l0xx_hal_pwr_ex.o         36
    stm32l0xx_hal_rcc.o         2 492
    stm32l0xx_hal_rcc_ex.o      1 068
    stm32l0xx_hal_rtc.o         1 136
    stm32l0xx_hal_rtc_ex.o        504
    stm32l0xx_hal_tim.o         1 198
    stm32l0xx_hal_tim_ex.o         92
    stm32l0xx_hal_uart.o        3 362
    stm32l0xx_hal_uart_ex.o         2
    stm32l0xx_it.o                240
    system_stm32l0xx.o            128       38        4
    tim.o                         584       76      168
    tools.o                       712             1 024
    usart.o                     1 496       76    1 880
    ---------------------------------------------------
    Total:                     46 124    2 616    6 408

command line: [2]
    ---------------------------------------------------
    Total:

dl6M_tlf.a: [3]
    atoi.o                         12
    errno.o                        16        2        4
    exit.o                          8
    isxxx.o                        18
    low_level_init.o                4
    setlocale.o                    20       63      116
    strcat.o                       28
    strcspn.o                      36
    strncmp.o                      44
    strspn.o                       36
    strstr.o                       56
    strtok.o                       80        2        4
    tolower.o                      18
    xlocale_c.o                    32
    xstoul.o                      380
    xtls.o                          2
    ---------------------------------------------------
    Total:                        790       67      124

rt6M_tl.a: [4]
    ABImemcpy.o                    92
    ABImemset.o                    84
    I32DivModFast.o               224
    I64DivMod.o                   106
    I64DivZer.o                     2
    I64Mul.o                       50
    IntDivZer.o                     2
    cexit.o                        10
    cmain.o                        26
    cstartup_M.o                   12
    data_init.o                    40
    memchr.o                       24
    packbits_init_single.o         60
    strcpy.o                       16
    strlen.o                       16
    uread4.o                       22
    uwrite4.o                      20
    zero_init3.o                   60
    ---------------------------------------------------
    Total:                        866

shb_l.a: [5]
    exit.o                         20
    ---------------------------------------------------
    Total:                         20

    Linker created                          32    1 024
-------------------------------------------------------
    Grand Total:               47 800    2 715    7 556


*******************************************************************************
*** ENTRY LIST
***

Entry                      Address   Size  Type      Object
-----                      -------   ----  ----      ------
.iar.init_table$$Base   0x0800bbd8          --   Gb  - Linker created -
.iar.init_table$$Limit  0x0800bbf8          --   Gb  - Linker created -
?main                   0x0800bc15         Code  Gb  cmain.o [4]
ADCConverclock          0x20001c04    0xc  Data  Gb  main.o [1]
ADCTimerCb              0x0800086d    0x2  Code  Gb  main.o [1]
ADC_DelayMicroSecond    0x0800a48d   0x22  Code  Lc  stm32l0xx_hal_adc.o [1]
ADC_Enable              0x0800a3f5   0x86  Code  Lc  stm32l0xx_hal_adc.o [1]
AD_Value                0x20001d18    0x4  Data  Gb  main.o [1]
AHBPrescTable           0x0800c01c   0x10  Data  Gb  system_stm32l0xx.o [1]
APBPrescTable           0x0800c4a0    0x8  Data  Gb  system_stm32l0xx.o [1]
APPUnbindclock          0x20001c28    0xc  Data  Gb  main.o [1]
ATTimeoutCb             0x080014d9  0x248  Code  Gb  main.o [1]
ATTimeoutclock          0x20001cac    0xc  Data  Gb  nb.o [1]
AT_Retry_Num            0x20001d77    0x1  Data  Gb  nb.o [1]
ActivedTimerNum         0x08007aed   0x30  Code  Lc  User_ClockDriver.o [1]
AntiShakeTimerStartFlag
                        0x20001d44    0x1  Data  Gb  main.o [1]
BatValueConvert         0x080036fb   0x70  Code  Gb  adc.o [1]
Bat_Level               0x2000011b    0x1  Data  Gb  main.o [1]
Bat_OK_Flag             0x20001d5e    0x1  Data  Gb  main.o [1]
Bat_Value               0x20001d14    0x4  Data  Gb  main.o [1]
Battery_Votege_Level_Normal
                        0x20000000   0x14  Data  Gb  adc.o [1]
BoardCloseCb            0x08000d85    0x8  Code  Gb  main.o [1]
BoardCloseTimeoutclock  0x20001c70    0xc  Data  Gb  nb.o [1]
BoardSleep              0x0800258d   0x68  Code  Gb  main.o [1]
BoardSleepCounter       0x20001d5c    0x1  Data  Gb  main.o [1]
BoardStart              0x20001d4e    0x1  Data  Gb  main.o [1]
C2_command_FailFlag     0x20001d72    0x1  Data  Gb  nb.o [1]
CMD_packageNum          0x20001d6f    0x1  Data  Gb  nb.o [1]
CSTACK$$Base            0x20000120          --   Gb  - Linker created -
CSTACK$$Limit           0x20000520          --   Gb  - Linker created -
CalendarList            0x20000d70  0x348  Data  Gb  schedule.o [1]
CalendarList2           0x200010b8  0x348  Data  Gb  schedule.o [1]
CellReselection         0x20000064   0x24  Data  Lc  main.o [1]
ClearFreq               0x20000054   0x10  Data  Lc  main.o [1]
CloseEdrx               0x20000018   0x1c  Data  Lc  main.o [1]
Close_GPS               0x08008faf   0x12  Code  Gb  gps.o [1]
Close_NB                0x08005815    0x2  Code  Gb  nb.o [1]
Cops                    0x20000088    0xc  Data  Lc  main.o [1]
CurrentDayInTheLoop     0x20001d81    0x1  Data  Gb  schedule.o [1]
D4Flag                  0x20001d75    0x1  Data  Gb  nb.o [1]
DMA1_Channel2_3_IRQHandler
                        0x0800b897   0x10  Code  Gb  stm32l0xx_it.o [1]
DMA1_Channel4_5_6_7_IRQHandler
                        0x0800b8a7   0x1c  Code  Gb  stm32l0xx_it.o [1]
DMA_SetConfig           0x0800adad   0x20  Code  Lc  stm32l0xx_hal_dma.o [1]
DataReport              0x08003291  0x142  Code  Gb  main.o [1]
DataRptCb               0x08003209    0x8  Code  Gb  main.o [1]
DataRptclock            0x20001cc4    0xc  Data  Gb  nb.o [1]
DataRspTimerCb          0x0800086f  0x248  Code  Gb  main.o [1]
DataRspclock            0x20001c88    0xc  Data  Gb  nb.o [1]
DataUpFlag              0x20001d65    0x1  Data  Gb  nb.o [1]
DaySwitchCounter        0x20001d84    0x1  Data  Gb  schedule.o [1]
DeviceRegistCb          0x08000d8d   0x84  Code  Gb  main.o [1]
DeviceRegistclock       0x20001ca0    0xc  Data  Gb  nb.o [1]
Device_Close_GPS        0x08003161   0x18  Code  Gb  main.o [1]
Device_Confirm_Report   0x08005c05  0x102  Code  Gb  nb.o [1]
Device_Open_GPS         0x08003105   0x4e  Code  Gb  main.o [1]
Device_Open_NB          0x08003075   0x6e  Code  Gb  main.o [1]
EEPROM_ReadBytes        0x080057c1   0x18  Code  Gb  flash.o [1]
EEPROM_WriteBytes       0x08005789   0x38  Code  Gb  flash.o [1]
EXTI0_1_IRQHandler      0x0800b875    0xa  Code  Gb  stm32l0xx_it.o [1]
EXTI4_15_IRQHandler     0x0800b87f   0x18  Code  Gb  stm32l0xx_it.o [1]
EvenPressCb             0x08002d51   0x54  Code  Gb  main.o [1]
EvenPressFlag           0x20001d49    0x1  Data  Gb  main.o [1]
EvenPressTimerStartFlag
                        0x20001d46    0x1  Data  Gb  main.o [1]
EvenPressclock          0x20001c34    0xc  Data  Gb  main.o [1]
ExtraDataupFlag         0x20001d74    0x1  Data  Gb  nb.o [1]
ExtraDataupLEDFlag      0x20001d55    0x1  Data  Gb  main.o [1]
ExtraDataupPreMode      0x20001d57    0x1  Data  Gb  main.o [1]
ExtraDataupTimerFlag    0x20001d56    0x1  Data  Gb  main.o [1]
FLASH_SetErrorCode      0x0800b6dd   0xcc  Code  Lc  stm32l0xx_hal_flash.o [1]
FLASH_WaitForLastOperation
                        0x0800b659   0x7e  Code  Gb  stm32l0xx_hal_flash.o [1]
Form_AT_Head            0x08005d09   0xcc  Code  Gb  nb.o [1]
GPSInfoProcess          0x08000b1d  0x152  Code  Gb  main.o [1]
GPSKeepCb               0x08002dd1   0x96  Code  Gb  main.o [1]
GPSKeepCounter          0x20001d1c    0x4  Data  Gb  main.o [1]
GPSKeepTimeoutFlag      0x20001d48    0x1  Data  Gb  main.o [1]
GPSKeepTimerStartFlag   0x20001d47    0x1  Data  Gb  main.o [1]
GPSKeepclock            0x20001c40    0xc  Data  Gb  main.o [1]
GPSRMCCb                0x08002e75   0x14  Code  Gb  main.o [1]
GPSRMCCounter           0x20001d58    0x1  Data  Gb  main.o [1]
GPSRMCclock             0x20001c4c    0xc  Data  Gb  main.o [1]
GPSSerchTimerStartFlag  0x20001d45    0x1  Data  Gb  main.o [1]
GPSTimeOutclock         0x20001cb8    0xc  Data  Gb  nb.o [1]
GPS_GSV_Data            0x20001d00    0x4  Data  Gb  gps.o [1]
GPS_GSV_Data_process    0x080092c9  0x276  Code  Gb  gps.o [1]
GPS_Info                0x20001580   0xd4  Data  Gb  gps.o [1]
GPS_Info_Delete         0x0800903f   0x26  Code  Gb  gps.o [1]
GPS_Info_Store          0x08008fc1   0x7e  Code  Gb  gps.o [1]
GPS_Info_schedule       0x20001654   0xd4  Data  Gb  gps.o [1]
GPS_Rx_Data_process     0x08009065  0x22c  Code  Gb  gps.o [1]
GPS_SerchTimeoutCb      0x08000c89   0xc4  Code  Gb  main.o [1]
GPS_TO_NB_Data          0x20001d0c    0x4  Data  Gb  main.o [1]
GPS_TO_NB_GSV_Data      0x20001d04    0x4  Data  Gb  gps.o [1]
GPS_TO_NB_TimeOut_Data  0x20001ba0   0x14  Data  Gb  gps.o [1]
HAL_ADC_ConfigChannel   0x0800a337   0xb8  Code  Gb  stm32l0xx_hal_adc.o [1]
HAL_ADC_GetState        0x0800a3f1    0x4  Code  Gb  stm32l0xx_hal_adc.o [1]
HAL_ADC_GetValue        0x0800a331    0x6  Code  Gb  stm32l0xx_hal_adc.o [1]
HAL_ADC_Init            0x08009fc5  0x20c  Code  Gb  stm32l0xx_hal_adc.o [1]
HAL_ADC_MspInit         0x080036c5   0x36  Code  Gb  adc.o [1]
HAL_ADC_PollForConversion
                        0x0800a251   0xd4  Code  Gb  stm32l0xx_hal_adc.o [1]
HAL_ADC_Start           0x0800a1d1   0x6a  Code  Gb  stm32l0xx_hal_adc.o [1]
HAL_DMA_Abort           0x0800a98f   0x54  Code  Gb  stm32l0xx_hal_dma.o [1]
HAL_DMA_Abort_IT        0x0800a9e3   0xa6  Code  Gb  stm32l0xx_hal_dma.o [1]
HAL_DMA_DeInit          0x0800a6bd  0x248  Code  Gb  stm32l0xx_hal_dma.o [1]
HAL_DMA_IRQHandler      0x0800aac9  0x2d0  Code  Gb  stm32l0xx_hal_dma.o [1]
HAL_DMA_Init            0x0800a531  0x152  Code  Gb  stm32l0xx_hal_dma.o [1]
HAL_DMA_Start_IT        0x0800a921   0x6e  Code  Gb  stm32l0xx_hal_dma.o [1]
HAL_Delay               0x0800576d   0x1a  Code  Wk  stm32l0xx_hal.o [1]
HAL_FLASHEx_DATAEEPROM_Lock
                        0x0800b2db   0x10  Code  Gb  stm32l0xx_hal_flash_ex.o [1]
HAL_FLASHEx_DATAEEPROM_Program
                        0x0800b2f1   0x6a  Code  Gb  stm32l0xx_hal_flash_ex.o [1]
HAL_FLASHEx_DATAEEPROM_Unlock
                        0x0800b2bd   0x1e  Code  Gb  stm32l0xx_hal_flash_ex.o [1]
HAL_GPIO_DeInit         0x08008d6b  0x14e  Code  Gb  stm32l0xx_hal_gpio.o [1]
HAL_GPIO_EXTI_Callback  0x0800055d    0xe  Code  Gb  main.o [1]
HAL_GPIO_EXTI_IRQHandler
                        0x08008ef3   0x20  Code  Gb  stm32l0xx_hal_gpio.o [1]
HAL_GPIO_Init           0x08008b99  0x1d2  Code  Gb  stm32l0xx_hal_gpio.o [1]
HAL_GPIO_ReadPin        0x08008eb9   0x1c  Code  Gb  stm32l0xx_hal_gpio.o [1]
HAL_GPIO_TogglePin      0x08008ee9    0xa  Code  Gb  stm32l0xx_hal_gpio.o [1]
HAL_GPIO_WritePin       0x08008ed5   0x14  Code  Gb  stm32l0xx_hal_gpio.o [1]
HAL_GetTick             0x0800b2b1    0xc  Code  Wk  stm32l0xx_hal.o [1]
HAL_IncTick             0x0800b945   0x10  Code  Wk  stm32l0xx_hal.o [1]
HAL_Init                0x080034c9   0x1c  Code  Gb  stm32l0xx_hal.o [1]
HAL_InitTick            0x0800a4bd   0x28  Code  Wk  stm32l0xx_hal.o [1]
HAL_MspInit             0x0800a4e5   0x4c  Code  Gb  stm32l0xx_hal_msp.o [1]
HAL_NVIC_DisableIRQ     0x08008aed    0xe  Code  Gb  stm32l0xx_hal_cortex.o [1]
HAL_NVIC_EnableIRQ      0x08008adf    0xe  Code  Gb  stm32l0xx_hal_cortex.o [1]
HAL_NVIC_SetPriority    0x08008acb   0x14  Code  Gb  stm32l0xx_hal_cortex.o [1]
HAL_PWREx_EnableFastWakeUp
                        0x08009905   0x10  Code  Gb  stm32l0xx_hal_pwr_ex.o [1]
HAL_PWREx_EnableUltraLowPower
                        0x08009915   0x10  Code  Gb  stm32l0xx_hal_pwr_ex.o [1]
HAL_PWR_EnterSTOPMode   0x08008b51   0x3e  Code  Gb  stm32l0xx_hal_pwr.o [1]
HAL_RCCEx_GetPeriphCLKFreq
                        0x080086e1  0x20e  Code  Gb  stm32l0xx_hal_rcc_ex.o [1]
HAL_RCCEx_PeriphCLKConfig
                        0x080084ed  0x1be  Code  Gb  stm32l0xx_hal_rcc_ex.o [1]
HAL_RCC_ClockConfig     0x08008085  0x1aa  Code  Gb  stm32l0xx_hal_rcc.o [1]
HAL_RCC_GetHCLKFreq     0x08008305    0x6  Code  Gb  stm32l0xx_hal_rcc.o [1]
HAL_RCC_GetOscConfig    0x08008349   0xdc  Code  Gb  stm32l0xx_hal_rcc.o [1]
HAL_RCC_GetPCLK1Freq    0x0800830b   0x18  Code  Gb  stm32l0xx_hal_rcc.o [1]
HAL_RCC_GetPCLK2Freq    0x08008323   0x18  Code  Gb  stm32l0xx_hal_rcc.o [1]
HAL_RCC_GetSysClockFreq
                        0x08008249   0xbc  Code  Gb  stm32l0xx_hal_rcc.o [1]
HAL_RCC_OscConfig       0x08007b31  0x534  Code  Gb  stm32l0xx_hal_rcc.o [1]
HAL_RTCEx_DeactivateWakeUpTimer
                        0x08009a45   0x88  Code  Gb  stm32l0xx_hal_rtc_ex.o [1]
HAL_RTCEx_SetWakeUpTimer_IT
                        0x08009929  0x11a  Code  Gb  stm32l0xx_hal_rtc_ex.o [1]
HAL_RTCEx_WakeUpTimerEventCallback
                        0x080026fd  0x13e  Code  Gb  main.o [1]
HAL_RTCEx_WakeUpTimerIRQHandler
                        0x08009acd   0x32  Code  Gb  stm32l0xx_hal_rtc_ex.o [1]
HAL_RTC_GetDate         0x0800b191   0x52  Code  Gb  stm32l0xx_hal_rtc.o [1]
HAL_RTC_GetTime         0x0800b00d   0x68  Code  Gb  stm32l0xx_hal_rtc.o [1]
HAL_RTC_Init            0x0800ae29   0xb8  Code  Gb  stm32l0xx_hal_rtc.o [1]
HAL_RTC_MspInit         0x08003fef   0x2c  Code  Gb  rtc.o [1]
HAL_RTC_SetDate         0x0800b07d  0x114  Code  Gb  stm32l0xx_hal_rtc.o [1]
HAL_RTC_SetTime         0x0800aee1  0x12c  Code  Gb  stm32l0xx_hal_rtc.o [1]
HAL_RTC_WaitForSynchro  0x0800b1f1   0x34  Code  Gb  stm32l0xx_hal_rtc.o [1]
HAL_SYSTICK_CLKSourceConfig
                        0x08008b07   0x22  Code  Gb  stm32l0xx_hal_cortex.o [1]
HAL_SYSTICK_Callback    0x08008b4d    0x2  Code  Wk  stm32l0xx_hal_cortex.o [1]
HAL_SYSTICK_Config      0x08008afb    0xc  Code  Gb  stm32l0xx_hal_cortex.o [1]
HAL_SYSTICK_IRQHandler  0x08008b29    0x8  Code  Gb  stm32l0xx_hal_cortex.o [1]
HAL_TIMEx_MasterConfigSynchronization
                        0x0800adcd   0x5c  Code  Gb  stm32l0xx_hal_tim_ex.o [1]
HAL_TIM_Base_DeInit     0x08009b59   0x38  Code  Gb  stm32l0xx_hal_tim.o [1]
HAL_TIM_Base_Init       0x08009b21   0x38  Code  Gb  stm32l0xx_hal_tim.o [1]
HAL_TIM_Base_MspDeInit  0x08003f27   0x5a  Code  Gb  tim.o [1]
HAL_TIM_Base_MspInit    0x08003eaf   0x78  Code  Gb  tim.o [1]
HAL_TIM_Base_Start_IT   0x08009b91   0x1e  Code  Gb  stm32l0xx_hal_tim.o [1]
HAL_TIM_Base_Stop_IT    0x08009baf   0x2c  Code  Gb  stm32l0xx_hal_tim.o [1]
HAL_TIM_ConfigClockSource
                        0x08009d77  0x128  Code  Gb  stm32l0xx_hal_tim.o [1]
HAL_TIM_IC_CaptureCallback
                        0x0800b64f    0x2  Code  Wk  stm32l0xx_hal_tim.o [1]
HAL_TIM_IRQHandler      0x08009c31  0x146  Code  Gb  stm32l0xx_hal_tim.o [1]
HAL_TIM_OC_DelayElapsedCallback
                        0x0800b651    0x2  Code  Wk  stm32l0xx_hal_tim.o [1]
HAL_TIM_OnePulse_Init   0x08009be1   0x50  Code  Gb  stm32l0xx_hal_tim.o [1]
HAL_TIM_OnePulse_MspInit
                        0x0800b64d    0x2  Code  Wk  stm32l0xx_hal_tim.o [1]
HAL_TIM_PWM_PulseFinishedCallback
                        0x0800b653    0x2  Code  Wk  stm32l0xx_hal_tim.o [1]
HAL_TIM_PeriodElapsedCallback
                        0x0800056b   0x34  Code  Gb  main.o [1]
HAL_TIM_TriggerCallback
                        0x0800b655    0x2  Code  Wk  stm32l0xx_hal_tim.o [1]
HAL_UARTEx_WakeupCallback
                        0x0800b375    0x2  Code  Wk  stm32l0xx_hal_uart_ex.o [1]
HAL_UART_AbortReceive   0x08006c7d   0x58  Code  Gb  stm32l0xx_hal_uart.o [1]
HAL_UART_DMAStop        0x08006c0b   0x64  Code  Gb  stm32l0xx_hal_uart.o [1]
HAL_UART_ErrorCallback  0x0800b371    0x2  Code  Wk  stm32l0xx_hal_uart.o [1]
HAL_UART_IRQHandler     0x08006ce5  0x15c  Code  Gb  stm32l0xx_hal_uart.o [1]
HAL_UART_Init           0x08006939   0x7e  Code  Gb  stm32l0xx_hal_uart.o [1]
HAL_UART_MspDeInit      0x08003b79   0x9c  Code  Gb  usart.o [1]
HAL_UART_MspInit        0x0800389d  0x2c0  Code  Gb  usart.o [1]
HAL_UART_Receive_DMA    0x08006b53   0xb8  Code  Gb  stm32l0xx_hal_uart.o [1]
HAL_UART_RxCpltCallback
                        0x0800253d   0x12  Code  Gb  main.o [1]
HAL_UART_RxHalfCpltCallback
                        0x0800b417    0x2  Code  Wk  stm32l0xx_hal_uart.o [1]
HAL_UART_Transmit       0x080069bd   0xec  Code  Gb  stm32l0xx_hal_uart.o [1]
HAL_UART_Transmit_DMA   0x08006aa9   0xa8  Code  Gb  stm32l0xx_hal_uart.o [1]
HAL_UART_TxCpltCallback
                        0x08002529   0x14  Code  Gb  main.o [1]
HAL_UART_TxHalfCpltCallback
                        0x0800b415    0x2  Code  Wk  stm32l0xx_hal_uart.o [1]
HandelKeyInterrupt      0x08000e3d   0x8c  Code  Gb  main.o [1]
Handel_LED              0x08000ed9   0xb6  Code  Gb  main.o [1]
Handel_NB_AT_RSP        0x080017c9  0xa94  Code  Gb  main.o [1]
Handel_ServerAT_CMD     0x08005dd5   0xaa  Code  Gb  nb.o [1]
Handel_ServerData       0x08005ec1  0x798  Code  Gb  nb.o [1]
Handel_ServerData_Info_RSP
                        0x080066a5   0xbc  Code  Gb  nb.o [1]
Handel_ServerData_Schedule_Config
                        0x08004ee1  0x17c  Code  Gb  schedule.o [1]
Handel_ServerData_TimeSyn
                        0x08005069   0x98  Code  Gb  schedule.o [1]
HardFault_Handler       0x0800b857    0x4  Code  Gb  stm32l0xx_it.o [1]
InNetCb                 0x08002cb9   0x90  Code  Gb  main.o [1]
InNetCounter            0x20001d5b    0x1  Data  Gb  main.o [1]
InNetTimeoutclock       0x20001c94    0xc  Data  Gb  nb.o [1]
InitFlag                0x20001d59    0x1  Data  Gb  main.o [1]
InitFlag_c              0x20001d5a    0x1  Data  Gb  main.o [1]
InnetTimeOutFlag        0x20001d60    0x1  Data  Gb  main.o [1]
IsFound                 0x0800770f   0x3c  Code  Lc  User_ClockDriver.o [1]
IsFound_Event           0x080076d5   0x3a  Code  Lc  User_ClockDriver.o [1]
KeyAction               0x20001d08    0x4  Data  Gb  main.o [1]
KeyPressTimerCb         0x08000661  0x130  Code  Gb  main.o [1]
KeyPressTimerStartFlag  0x20001d43    0x1  Data  Gb  main.o [1]
KeyPressclock           0x20001bec    0xc  Data  Gb  main.o [1]
LEDBlinkCb              0x080007ad   0x52  Code  Gb  main.o [1]
LEDBlinkclock           0x20001bf8    0xc  Data  Gb  main.o [1]
LEDCb                   0x080007a5    0x8  Code  Gb  main.o [1]
LEDProcess              0x08001149   0xa4  Code  Gb  main.o [1]
LED_Blink_Count         0x20001d4b    0x1  Data  Lc  main.o [1]
LED_Init_Blink_Count    0x20001d4a    0x1  Data  Lc  main.o [1]
LED_Init_Blink_Finish   0x20001d63    0x1  Data  Gb  nb.o [1]
LEDclock                0x20001c7c    0xc  Data  Gb  nb.o [1]
LPUART1_IRQHandler      0x0800b901   0x10  Code  Gb  stm32l0xx_it.o [1]
LPUART1_Rx_Disable      0x08002425   0x6c  Code  Gb  main.o [1]
LPUART1_Rx_Enable       0x080023e9   0x1e  Code  Gb  main.o [1]
Locator_Data            0x20001bdc   0x10  Data  Gb  nb.o [1]
Locator_pram            0x20001ce8    0x8  Data  Gb  nb.o [1]
MX_ADC_Init             0x08003625   0xa0  Code  Gb  adc.o [1]
MX_DMA_Init             0x080035e1   0x44  Code  Gb  dma.o [1]
MX_GPIO_Init            0x080034e9   0xf8  Code  Gb  gpio.o [1]
MX_LPUART1_UART_Init    0x08003789   0x4e  Code  Gb  usart.o [1]
MX_RTC_Init             0x08003fa9   0x46  Code  Gb  rtc.o [1]
MX_TIM21_Init           0x08003dd3   0x6e  Code  Gb  tim.o [1]
MX_TIM22_Init           0x08003e41   0x6e  Code  Gb  tim.o [1]
MX_TIM2_Init            0x08003d61   0x72  Code  Gb  tim.o [1]
MX_USART1_UART_Init     0x080037d7   0x54  Code  Gb  usart.o [1]
MX_USART2_UART_Init     0x0800382b   0x54  Code  Gb  usart.o [1]
Min                     0x0800774b   0x7c  Code  Lc  User_ClockDriver.o [1]
MinusDiff               0x080077c7   0x48  Code  Lc  User_ClockDriver.o [1]
ModeDisplayCb           0x08002bb5   0xe2  Code  Gb  main.o [1]
ModeDisplayCount        0x20001d53    0x1  Data  Gb  main.o [1]
ModeDisplayclock        0x20001c1c    0xc  Data  Gb  main.o [1]
ModeSwitchFlag          0x20001d54    0x1  Data  Gb  main.o [1]
NBResetclock            0x20001c58    0xc  Data  Gb  main.o [1]
NBTimeOutFlag           0x20001d4f    0x1  Data  Gb  main.o [1]
NB_AT_CMD_Send          0x08005819  0x388  Code  Gb  nb.o [1]
NB_Confirm_counter      0x20001d69    0x1  Data  Gb  nb.o [1]
NB_ERROR_counter        0x20001d50    0x1  Data  Gb  main.o [1]
NB_InNetWork_Flag       0x20001d6e    0x1  Data  Gb  nb.o [1]
NB_NetWork_First_Init   0x20000118    0x1  Data  Gb  main.o [1]
NB_NetWork_Init         0x08001725   0x4a  Code  Gb  main.o [1]
NB_RESETCb              0x08003211   0x32  Code  Gb  main.o [1]
NB_Report_to_ServerData
                        0x20001b5c   0x18  Data  Gb  nb.o [1]
NB_StateSend_counter    0x20001d68    0x1  Data  Gb  nb.o [1]
NB_min_counter          0x20001d67    0x1  Data  Gb  nb.o [1]
NB_open_Flag            0x20001d6c    0x1  Data  Gb  nb.o [1]
NMI_Handler             0x0800b855    0x2  Code  Gb  stm32l0xx_it.o [1]
NSORF_counter           0x20001d51    0x1  Data  Gb  main.o [1]
NVIC_DisableIRQ         0x08008a07    0xe  Code  Lc  stm32l0xx_hal_cortex.o [1]
NVIC_EnableIRQ          0x080089f9    0xe  Code  Lc  stm32l0xx_hal_cortex.o [1]
NVIC_SetPriority        0x08008a15   0x84  Code  Lc  stm32l0xx_hal_cortex.o [1]
NVIC_SystemReset        0x080000c1   0x14  Code  Lc  main.o [1]
NVIC_SystemReset        0x080057e5   0x14  Code  Lc  nb.o [1]
NVIC_SystemReset        0x0800402d   0x14  Code  Lc  schedule.o [1]
NueStatesProcess        0x080022b5  0x11a  Code  Gb  main.o [1]
OneTimeoutCb            0x08000d7d    0x8  Code  Gb  main.o [1]
OneTimeoutclock         0x20001c10    0xc  Data  Gb  main.o [1]
OpenPsm                 0x20000034   0x20  Data  Lc  main.o [1]
Open_GPS                0x08008f9d   0x12  Code  Gb  gps.o [1]
Open_NB                 0x080057f9    0xe  Code  Gb  nb.o [1]
PLLMulTable             0x0800c288    0xc  Data  Gb  system_stm32l0xx.o [1]
PT_flag                 0x20001d61    0x1  Data  Gb  main.o [1]
PendSV_Handler          0x0800b85d    0x2  Code  Gb  stm32l0xx_it.o [1]
Pre_Bat_Level           0x2000011a    0x1  Data  Gb  main.o [1]
RCC_SetFlashLatencyFromMSIRange
                        0x08008431   0x88  Code  Lc  stm32l0xx_hal_rcc.o [1]
RTC_Bcd2ToByte          0x0800b27d   0x1c  Code  Gb  stm32l0xx_hal_rtc.o [1]
RTC_ByteToBcd2          0x0800b265   0x18  Code  Gb  stm32l0xx_hal_rtc.o [1]
RTC_EnterInitMode       0x0800b227   0x38  Code  Gb  stm32l0xx_hal_rtc.o [1]
RTC_IRQHandler          0x0800b86b    0xa  Code  Gb  stm32l0xx_it.o [1]
RTC_Timer_Start         0x080026a5   0x16  Code  Gb  main.o [1]
Region$$Table$$Base     0x0800bbd8          --   Gb  - Linker created -
Region$$Table$$Limit    0x0800bbf8          --   Gb  - Linker created -
RegistFlag              0x20001d64    0x1  Data  Gb  nb.o [1]
RegistStateCounter      0x20001d5d    0x1  Data  Gb  main.o [1]
Retry_state             0x20001d76    0x1  Data  Gb  nb.o [1]
SVC_Handler             0x0800b85b    0x2  Code  Gb  stm32l0xx_it.o [1]
ScheduleModeProcess     0x08003199   0x6a  Code  Gb  main.o [1]
ScheduleParmSet         0x08006791  0x15c  Code  Gb  nb.o [1]
Schedule_CMD            0x20001cf8    0x8  Data  Gb  schedule.o [1]
Schedule_CMD_State      0x20001d28    0x4  Data  Gb  schedule.o [1]
Schedule_Data_Report    0x08004b19  0x238  Code  Gb  schedule.o [1]
Schedule_Data_upload    0x20001bc8   0x14  Data  Gb  schedule.o [1]
Schedule_Device_Confirm_Report
                        0x08004d5d  0x176  Code  Gb  schedule.o [1]
Schedule_ModeFlag       0x20001d7c    0x1  Data  Gb  schedule.o [1]
Schedule_ModeInitFlag   0x20001d7b    0x1  Data  Gb  schedule.o [1]
Schedule_Mode_Data      0x20001cf0    0x8  Data  Gb  schedule.o [1]
Schedule_Mode_GPSFlag   0x20001d52    0x1  Data  Gb  main.o [1]
Schedule_State          0x20001d7d    0x1  Data  Gb  schedule.o [1]
Schedule_StateSend_counter
                        0x20001d7f    0x1  Data  Gb  schedule.o [1]
Schedule_StateStartFlag
                        0x20001d7e    0x1  Data  Gb  schedule.o [1]
Signal_Level            0x20001cdc    0xc  Data  Gb  schedule.o [1]
SleepIO_Config          0x080033ed   0x68  Code  Gb  main.o [1]
SleepStatus             0x20001d62    0x1  Data  Gb  nb.o [1]
State_Init              0x08000fd9  0x14e  Code  Gb  main.o [1]
StopMode_Measure        0x08000651   0x10  Code  Gb  main.o [1]
SysTick_Config          0x08008a99   0x32  Code  Lc  stm32l0xx_hal_cortex.o [1]
SysTick_Handler         0x0800b85f    0xc  Code  Gb  stm32l0xx_it.o [1]
SystemClockConfig_STOP  0x0800261d   0x82  Code  Lc  main.o [1]
SystemClock_Config      0x08000225   0xd0  Code  Gb  main.o [1]
SystemCoreClock         0x20000094    0x4  Data  Gb  system_stm32l0xx.o [1]
SystemInit              0x0800b955   0x5a  Code  Gb  system_stm32l0xx.o [1]
SystemPower_Config      0x080025f9   0x1a  Code  Lc  main.o [1]
TIM21_IRQHandler        0x0800b8cd    0xa  Code  Gb  stm32l0xx_it.o [1]
TIM22_IRQHandler        0x0800b8d7    0xa  Code  Gb  stm32l0xx_it.o [1]
TIM2_IRQHandler         0x0800b8c3    0xa  Code  Gb  stm32l0xx_it.o [1]
TIM_Base_SetConfig      0x08009ea5   0x6e  Code  Lc  stm32l0xx_hal_tim.o [1]
TIM_ETR_SetConfig       0x08009f95   0x20  Code  Lc  stm32l0xx_hal_tim.o [1]
TIM_ITRx_SetConfig      0x08009f7d   0x18  Code  Lc  stm32l0xx_hal_tim.o [1]
TIM_TI1_ConfigInputStage
                        0x08009f13   0x2e  Code  Lc  stm32l0xx_hal_tim.o [1]
TIM_TI2_ConfigInputStage
                        0x08009f41   0x34  Code  Lc  stm32l0xx_hal_tim.o [1]
TLocator_Data_Report    0x08005111  0x232  Code  Gb  schedule.o [1]
TSETCb                  0x08003469    0x8  Code  Gb  main.o [1]
TaskDelete              0x0800780f   0xbe  Code  Lc  User_ClockDriver.o [1]
Testclock               0x20001c64    0xc  Data  Gb  main.o [1]
TimeOutInit             0x20000014    0x4  Data  Lc  main.o [1]
TimeSynclock            0x20001cd0    0xc  Data  Gb  schedule.o [1]
Time_Syn_Retry_Num      0x20001d78    0x1  Data  Gb  schedule.o [1]
Time_synFlag            0x20001d79    0x1  Data  Gb  schedule.o [1]
Time_synInitFlag        0x20001d7a    0x1  Data  Gb  schedule.o [1]
Time_syn_Cb             0x0800537d   0x88  Code  Gb  schedule.o [1]
Time_syn_RetryTimerInit
                        0x08005405   0x16  Code  Gb  schedule.o [1]
Time_synchronization    0x0800534d   0x22  Code  Gb  schedule.o [1]
Time_syning_Flag        0x20001d82    0x1  Data  Gb  schedule.o [1]
TrackerCycle_short_Flag
                        0x20001d6b    0x1  Data  Gb  nb.o [1]
TxCompleteFlag          0x20001d73    0x1  Data  Gb  nb.o [1]
UART1_Rx_Disable        0x080024d1   0x58  Code  Gb  main.o [1]
UART1_Rx_Enable         0x08002495   0x32  Code  Gb  main.o [1]
UART_AdvFeatureConfig   0x080071f9   0xde  Code  Gb  stm32l0xx_hal_uart.o [1]
UART_CheckIdleState     0x080072dd   0x6a  Code  Gb  stm32l0xx_hal_uart.o [1]
UART_DMAAbortOnError    0x08007509   0x1a  Code  Lc  stm32l0xx_hal_uart.o [1]
UART_DMAError           0x080074bb   0x4e  Code  Lc  stm32l0xx_hal_uart.o [1]
UART_DMAReceiveCplt     0x08007439   0x46  Code  Lc  stm32l0xx_hal_uart.o [1]
UART_DMARxHalfCplt      0x080074ad    0xe  Code  Lc  stm32l0xx_hal_uart.o [1]
UART_DMATransmitCplt    0x080073f5   0x36  Code  Lc  stm32l0xx_hal_uart.o [1]
UART_DMATxHalfCplt      0x0800742b    0xe  Code  Lc  stm32l0xx_hal_uart.o [1]
UART_EndRxTransfer      0x080073d5   0x20  Code  Lc  stm32l0xx_hal_uart.o [1]
UART_EndTransmit_IT     0x08007597   0x20  Code  Lc  stm32l0xx_hal_uart.o [1]
UART_EndTxTransfer      0x080073c1   0x14  Code  Lc  stm32l0xx_hal_uart.o [1]
UART_Receive_IT         0x080075b7   0x92  Code  Lc  stm32l0xx_hal_uart.o [1]
UART_SetConfig          0x08006e45  0x3a6  Code  Gb  stm32l0xx_hal_uart.o [1]
UART_Transmit_IT        0x08007523   0x74  Code  Lc  stm32l0xx_hal_uart.o [1]
UART_WaitOnFlagUntilTimeout
                        0x08007351   0x6a  Code  Gb  stm32l0xx_hal_uart.o [1]
USART1_IRQHandler       0x0800b8e1   0x10  Code  Gb  stm32l0xx_it.o [1]
USART2_IRQHandler       0x0800b8f1   0x10  Code  Gb  stm32l0xx_it.o [1]
UnbindCb                0x08002d49    0x8  Code  Gb  main.o [1]
UsartReceive_IDLE       0x08003c31   0xe4  Code  Gb  usart.o [1]
UsartType               0x20000520  0x450  Data  Gb  usart.o [1]
UsartType2              0x20001b00   0x38  Data  Gb  usart.o [1]
UserDataInit            0x080002f9   0x64  Code  Gb  main.o [1]
UserIOInit              0x08002555   0x20  Code  Gb  main.o [1]
UserStartLedClock       0x08002b25   0x1c  Code  Gb  main.o [1]
UserStopLedClock        0x08002b45   0x14  Code  Gb  main.o [1]
UserTimerInit           0x080003c5  0x190  Code  Gb  main.o [1]
User_AdcProcess         0x08002ec9   0xee  Code  Gb  main.o [1]
User_Event_Process      0x0800289d  0x280  Code  Gb  main.o [1]
User_NB_TaskProcess     0x080012bd  0x1b2  Code  Gb  main.o [1]
User_StartClock         0x08007931   0xbe  Code  Gb  User_ClockDriver.o [1]
User_StopClock          0x080078cd   0x60  Code  Gb  User_ClockDriver.o [1]
User_TaskRemarks        0x080079fd   0xa8  Code  Gb  User_ClockDriver.o [1]
User_Timer_Diff_ms      0x080076c1   0x14  Code  Gb  User_ClockDriver.o [1]
User_Timer_GetCurrentTime
                        0x080076b9    0x8  Code  Gb  User_ClockDriver.o [1]
User_Timer_Start        0x08007681   0x2e  Code  Gb  User_ClockDriver.o [1]
User_Timer_Stop         0x080076af    0xa  Code  Gb  User_ClockDriver.o [1]
User_Timer_TaskProcess  0x08007aa5   0x44  Code  Gb  User_ClockDriver.o [1]
User_UartProcess        0x08002fd9   0x74  Code  Gb  main.o [1]
_Error_Handler          0x080034c5    0x4  Code  Gb  main.o [1]
_IsdstStr               0x200000a8    0x4  Data  Gb  setlocale.o [3]
_LocaleC_isspace        0x0800b835   0x14  Code  Gb  xlocale_c.o [3]
_LocaleC_tolower        0x0800b849    0xc  Code  Gb  xlocale_c.o [3]
_LocaleForCat           0x0800b821   0x10  Code  Gb  setlocale.o [3]
_LocaleReturnString     0x200000c8   0x50  Data  Lc  setlocale.o [3]
_Locale_Profile         0x200000ac   0x1c  Data  Gb  setlocale.o [3]
_Strtok_ssave           0x2000009c    0x4  Data  Lc  strtok.o [3]
_TzoneStr               0x200000a4    0x4  Data  Gb  setlocale.o [3]
__aeabi_errno_addr      0x0800b7fd    0xa  Code  Gb  errno.o [3]
__aeabi_idiv            0x08008945         Code  Gb  I32DivModFast.o [4]
__aeabi_idiv0           0x0800b419         Code  Gb  IntDivZer.o [4]
__aeabi_idivmod         0x08008945         Code  Gb  I32DivModFast.o [4]
__aeabi_ldiv0           0x0800b7b1         Code  Gb  I64DivZer.o [4]
__aeabi_lmul            0x0800b379         Code  Gb  I64Mul.o [4]
__aeabi_memclr4         0x080098e1         Code  Gb  ABImemset.o [4]
__aeabi_memclr8         0x080098e1         Code  Gb  ABImemset.o [4]
__aeabi_memcpy          0x08008f41         Code  Gb  ABImemcpy.o [4]
__aeabi_memcpy4         0x08008f69         Code  Wk  ABImemcpy.o [4]
__aeabi_memset          0x08009891         Code  Gb  ABImemset.o [4]
__aeabi_uidiv           0x0800894b         Code  Gb  I32DivModFast.o [4]
__aeabi_uidivmod        0x0800894b         Code  Gb  I32DivModFast.o [4]
__aeabi_uldivmod        0x0800b3ab         Code  Gb  I64DivMod.o [4]
__aeabi_uread4          0x0800b299         Code  Gb  uread4.o [4]
__aeabi_uwrite4         0x080098f1         Code  Gb  uwrite4.o [4]
__cmain                 0x0800bc15         Code  Gb  cmain.o [4]
__exit                  0x0800b80d   0x14  Code  Gb  exit.o [5]
__iar_Errno             0x200000a0    0x4  Data  Gb  errno.o [3]
__iar_Memchr            0x0800b7e3   0x18  Code  Gb  memchr.o [4]
__iar_Memset4_word      0x080098b1         Code  Gb  ABImemset.o [4]
__iar_Memset_word       0x0800989d         Code  Gb  ABImemset.o [4]
__iar_Stoul             0x0800b5f3    0xa  Code  Gb  xstoul.o [3]
__iar_Stoulx            0x0800b4d1  0x122  Code  Gb  xstoul.o [3]
__iar_Strstr            0x0800b499   0x38  Code  Gb  strstr.o [3]
__iar_data_init3        0x0800bbb1   0x28  Code  Gb  data_init.o [4]
__iar_dlib_perthread_access
                        0x0800b41b    0x2  Code  Gb  xtls.o [3]
__iar_packbits_init_single3
                        0x0800bb41   0x3c  Code  Gb  packbits_init_single.o [4]
__iar_program_start     0x0800c295         Code  Gb  cstartup_M.o [4]
__iar_zero_init3        0x0800bb05   0x3c  Code  Gb  zero_init3.o [4]
__low_level_init        0x0800bc2f    0x4  Code  Gb  low_level_init.o [3]
__vector_table          0x08000000         Data  Gb  startup_stm32l051xx.o [1]
_call_main              0x0800bc21         Code  Gb  cmain.o [4]
_exit                   0x0800b7b5         Code  Gb  cexit.o [4]
_main                   0x0800bc2b         Code  Gb  cmain.o [4]
adc_counter             0x20001d3a    0x2  Data  Gb  main.o [1]
adc_timeoutFlag         0x20000119    0x1  Data  Gb  main.o [1]
ascsToHexs              0x08009639   0x30  Code  Gb  tools.o [1]
at_cmd_data_p           0x20000970  0x400  Data  Gb  tools.o [1]
atoi                    0x080098e5    0xc  Code  Gb  atoi.o [3]
chargeEnable            0x20001d4c    0x1  Data  Lc  main.o [1]
chargeFinish            0x20001d4d    0x1  Data  Gb  main.o [1]
charsToHex              0x080095b9   0x80  Code  Gb  tools.o [1]
charsToHex1             0x0800983d   0x44  Code  Gb  tools.o [1]
checkSum                0x08009669   0x24  Code  Gb  tools.o [1]
checkSumChar            0x0800968d   0x2c  Code  Gb  tools.o [1]
clock_list              0x20001400  0x180  Data  Gb  User_ClockDriver.o [1]
clock_list_idx          0x20001d85    0x1  Data  Gb  User_ClockDriver.o [1]
closeAllLed             0x080011f5   0x28  Code  Gb  main.o [1]
cmeErrorCounter         0x20001d5f    0x1  Data  Gb  main.o [1]
curAT_RSP_ID            0x2000011d    0x1  Data  Gb  nb.o [1]
currentLoadValue        0x20000098    0x4  Data  Lc  User_ClockDriver.o [1]
currentMode             0x2000011c    0x1  Data  Gb  nb.o [1]
cycleStartFlag          0x20001d83    0x1  Data  Gb  schedule.o [1]
dataCycle               0x20001d40    0x2  Data  Gb  nb.o [1]
data_confirmFlag        0x20001d66    0x1  Data  Gb  nb.o [1]
digits                  0x0800b5fc   0x28  Data  Lc  xstoul.o [3]
eff_satCounter          0x20001d42    0x1  Data  Gb  gps.o [1]
endWeekCycle            0x080042f9   0x36  Code  Gb  schedule.o [1]
event                   0x20001d10    0x4  Data  Gb  main.o [1]
exit                    0x0800b465    0x8  Code  Gb  exit.o [3]
getFollowedMode         0x08004381  0x792  Code  Gb  schedule.o [1]
getRTC_Date_Time        0x0800415d   0x4a  Code  Gb  schedule.o [1]
gps_open_Flag           0x20001d6d    0x1  Data  Gb  nb.o [1]
gps_serch_counter       0x20001d3c    0x2  Data  Gb  main.o [1]
hadc                    0x20001878   0x60  Data  Gb  adc.o [1]
hdma_lpuart1_rx         0x200018d8   0x40  Data  Gb  usart.o [1]
hdma_lpuart1_tx         0x20001918   0x40  Data  Gb  usart.o [1]
hdma_usart1_rx          0x20001958   0x40  Data  Gb  usart.o [1]
hdma_usart1_tx          0x20001998   0x40  Data  Gb  usart.o [1]
hdma_usart2_rx          0x200019d8   0x40  Data  Gb  usart.o [1]
hdma_usart2_tx          0x20001a18   0x40  Data  Gb  usart.o [1]
hex2String              0x08009769   0x68  Code  Gb  tools.o [1]
hex_to_dig              0x08009813   0x2a  Code  Gb  tools.o [1]
hlpuart1                0x20001728   0x70  Data  Gb  usart.o [1]
hrtc                    0x20001b38   0x24  Data  Gb  rtc.o [1]
htim2                   0x20001a58   0x38  Data  Gb  tim.o [1]
htim21                  0x20001a90   0x38  Data  Gb  tim.o [1]
htim22                  0x20001ac8   0x38  Data  Gb  tim.o [1]
huart1                  0x20001798   0x70  Data  Gb  usart.o [1]
huart2                  0x20001808   0x70  Data  Gb  usart.o [1]
isspace                 0x0800b7bf   0x12  Code  Gb  isxxx.o [3]
lastStartTimer_sysT32   0x20001d30    0x4  Data  Lc  User_ClockDriver.o [1]
main                    0x080000d5  0x150  Code  Gb  main.o [1]
msg_seq_num             0x20001d3e    0x2  Data  Gb  nb.o [1]
mystrstr                0x080097d1   0x42  Code  Gb  tools.o [1]
nb_gps_data             0x20001b8c   0x14  Data  Gb  gps.o [1]
ndigs                   0x0800b624   0x28  Data  Lc  xstoul.o [3]
pFlash                  0x20001b74   0x18  Data  Gb  stm32l0xx_hal_flash.o [1]
packageFinishFlag       0x20001d70    0x1  Data  Gb  nb.o [1]
packageStartFlag        0x20001d71    0x1  Data  Gb  nb.o [1]
print                   0x080055d7  0x16c  Code  Lc  printf-stdarg.o [1]
printchar               0x08005471   0x24  Code  Lc  printf-stdarg.o [1]
printf                  0x08005751   0x1c  Code  Gb  printf-stdarg.o [1]
printi                  0x0800550d   0xca  Code  Lc  printf-stdarg.o [1]
prints                  0x08005495   0x78  Code  Lc  printf-stdarg.o [1]
regist_counter          0x20001d38    0x2  Data  Gb  main.o [1]
schedule_congif_Flag    0x20001d80    0x1  Data  Gb  schedule.o [1]
sdatestructure          0x20001d24    0x4  Data  Gb  schedule.o [1]
serviceCMD_Process_result
                        0x20001d6a    0x1  Data  Gb  nb.o [1]
setRTC_Date_Time        0x08004041  0x11c  Code  Gb  schedule.o [1]
stimestructure          0x20001bb4   0x14  Data  Gb  schedule.o [1]
strcat                  0x0800b47d   0x1c  Code  Gb  strcat.o [3]
strcpy                  0x0800b46d         Code  Gb  strcpy.o [4]
strcspn                 0x0800b441   0x24  Code  Gb  strcspn.o [3]
strlen                  0x080095a9   0x10  Code  Gb  strlen.o [4]
strncmp                 0x08007655   0x2c  Code  Gb  strncmp.o [3]
strspn                  0x0800b41d   0x24  Code  Gb  strspn.o [3]
strstr                  0x08009881   0x10  Code  Gb  main.o [1]
strtok                  0x08009559   0x50  Code  Gb  strtok.o [3]
switchToToday           0x080041ad  0x148  Code  Gb  schedule.o [1]
taskEvents              0x20001d34    0x4  Data  Lc  User_ClockDriver.o [1]
tolower                 0x0800b7d1   0x12  Code  Gb  tolower.o [3]
tool_memcpy             0x080096b9   0x1c  Code  Gb  tools.o [1]
tool_strcat             0x080096d5   0x8e  Code  Gb  tools.o [1]
uwTick                  0x20001d2c    0x4  Data  Gb  stm32l0xx_hal.o [1]
wakeupCounter           0x20001d20    0x4  Data  Gb  nb.o [1]


[1] = D:\TELUS\HONGKONG\Locator_L051T8_0717\EWARM\Locator_L051T8\Obj
[2] = command line
[3] = dl6M_tlf.a
[4] = rt6M_tl.a
[5] = shb_l.a

  47 800 bytes of readonly  code memory
   2 715 bytes of readonly  data memory
   7 556 bytes of readwrite data memory

Errors: none
Warnings: none
